<html>
<body>
<pre>
<h1>µVision Build Log</h1>
<h2>Project:</h2>
E:\Users\Matt\Documents\GitHub\EE445MProjects\lab2v13\UARTInts.uvproj
Project File Date:  03/09/2015

<h2>Output:</h2>
Build target 'UARTInts'
compiling ST7735.c...
ST7735.c(1026): warning:  #177-D: variable "dcsr" was declared but never referenced
        int dcsr;
ST7735.c(1639): warning:  #177-D: variable "sr" was declared but never referenced
        int sr;
ST7735.c(1893): warning:  #177-D: variable "sr" was declared but never referenced
        int sr;
ST7735.c: 3 warnings, 0 errors
linking...
Program Size: Code=11780 RO-data=2052 RW-data=352 ZI-data=18808  
".\UARTInts.axf" - 0 Error(s), 3 Warning(s).
Load "E:\\Users\\Matt\\Documents\\GitHub\\EE445MProjects\\lab2v13\\UARTInts.axf" 
Connecting: Mode=JTAG, Speed=1000000Hz
Erase Done.
Programming Done.
Verify OK.
</pre>
</body>
</html>
ting: Mode=JTAG, Speed=1000000Hz
Erase Done.
Programming Done.
Verify OK.
\\Users\\Matt\\Documents\\GitHub\\EE445MProjects\\lab2v13\\UARTInts.axf" 
Connecting: Mode=JTAG, Speed=1000000Hz
Erase Done.
Programming Done.
Verify OK.
t(uint32_t period){ int delay;
Timer1A.c: 1 warning, 0 errors
compiling Timer3A.c...
linking...
Program Size: Code=11112 RO-data=2052 RW-data=348 ZI-data=18796  
".\UARTInts.axf" - 0 Error(s), 7 Warning(s).
Load "E:\\Users\\Matt\\Documents\\GitHub\\EE445MProjects\\lab2v13\\UARTInts.axf" 
Connecting: Mode=JTAG, Speed=1000000Hz
Erase Done.
Programming Done.
Verify OK.
