<html>
<body>
<pre>
<h1>µVision Build Log</h1>
<h2>Project:</h2>
C:\Users\Matt\Documents\EE445M\EE445MProjects\lab2v9\FixedScheduler.uvproj
Project File Date:  03/03/2015

<h2>Output:</h2>
Rebuild target 'FixedScheduler'
assembling startup.s...
compiling PLL.c...
assembling osasm.s...
compiling ADC.c...
ADC.c(302): warning:  #550-D: variable "wait" was set but never used
        int wait;
ADC.c: 1 warning, 0 errors
compiling Interpreter.c...
compiling os.c...
compiling SysTickInts.c...
compiling UART.c...
compiling heap.c...
compiling ST7735.c...
compiling lab2.c...
assembling PID_stm32.s...
assembling cr4_fft_64_stm32.s...
compiling Timer3A.c...
compiling Switch.c...
Switch.c(82): warning:  #550-D: variable "delay" was set but never used
        int delay;
Switch.c: 1 warning, 0 errors
compiling Timer1A.c...
Timer1A.c(40): warning:  #550-D: variable "delay" was set but never used
  void Timer1A_Init(uint32_t period){ int delay;
Timer1A.c: 1 warning, 0 errors
linking...
Program Size: Code=6388 RO-data=32 RW-data=288 ZI-data=7152  
".\FixedScheduler.axf" - 0 Error(s), 3 Warning(s).
Load "C:\\Users\\Matt\\Documents\\EE445M\\EE445MProjects\\lab2v9\\FixedScheduler.axf" 
Connecting: Mode=JTAG, Speed=1000000Hz
Erase Done.
Programming Done.
Verify OK.
 warning:  #550-D: variable "delay" was set but never used
  void Timer1A_Init(uint32_t period){ int delay;
Timer1A.c: 1 warning, 0 errors
".\FixedScheduler.axf" - 1 Error(s), 6 Warning(s).
Target not created
