ARM Linker, 5.03 [Build 76] [MDK-ARM Lite]

==============================================================================

Section Cross References

    startup.o(STACK) refers (Special) to heapauxi.o(.text) for __use_two_region_memory
    startup.o(HEAP) refers (Special) to heapauxi.o(.text) for __use_two_region_memory
    startup.o(RESET) refers (Special) to heapauxi.o(.text) for __use_two_region_memory
    startup.o(RESET) refers to startup.o(STACK) for StackMem
    startup.o(RESET) refers to osasm.o(.text) for PendSV_Handler
    startup.o(RESET) refers to uart.o(i.UART0_Handler) for UART0_Handler
    startup.o(RESET) refers to adc.o(i.ADC0Seq3_Handler) for ADC0Seq3_Handler
    startup.o(RESET) refers to timer1a.o(i.Timer1A_Handler) for Timer1A_Handler
    startup.o(RESET) refers to switch.o(i.GPIOPortF_Handler) for GPIOPortF_Handler
    startup.o(RESET) refers to timer3a.o(i.Timer3A_Handler) for Timer3A_Handler
    startup.o(RESET) refers to __main.o(!!!main) for __main
    startup.o(.text) refers (Special) to heapauxi.o(.text) for __use_two_region_memory
    startup.o(.text) refers to startup.o(HEAP) for HeapMem
    startup.o(.text) refers to startup.o(STACK) for StackMem
    osasm.o(.text) refers to os.o(i.OS_RemoveCurrentThread) for OS_RemoveCurrentThread
    osasm.o(.text) refers to os.o(i.OS_SleepCheck) for OS_SleepCheck
    osasm.o(.text) refers to os.o(.data) for RunPt
    adc.o(i.ADC0Seq3_Handler) refers to adc.o(.data) for ADCvalue
    adc.o(i.ADC_ChangeSampleRateHz) refers to startup.o(.text) for StartCritical
    adc.o(i.ADC_ChangeSampleRatePeriod) refers to startup.o(.text) for StartCritical
    adc.o(i.ADC_Collect) refers to startup.o(.text) for StartCritical
    adc.o(i.ADC_Collect) refers to adc.o(i.ADC_CurrentChannel) for ADC_CurrentChannel
    adc.o(i.ADC_Collect) refers to adc.o(i.ADC_Open) for ADC_Open
    adc.o(i.ADC_Collect) refers to adc.o(i.ADC_ChangeSampleRateHz) for ADC_ChangeSampleRateHz
    adc.o(i.ADC_Collect) refers to adc.o(i.ADC_In) for ADC_In
    adc.o(i.ADC_Collect) refers to lab2.o(i.Producer) for Producer
    adc.o(i.ADC_Collect) refers to adc.o(.data) for collectDone
    adc.o(i.ADC_In) refers to adc.o(.data) for ADCvalue
    adc.o(i.ADC_Init) refers to startup.o(.text) for StartCritical
    adc.o(i.ADC_Init) refers to adc.o(.data) for collectDone
    adc.o(i.ADC_InitT0) refers to startup.o(.text) for StartCritical
    adc.o(i.ADC_InitT0) refers to adc.o(.data) for collectDone
    adc.o(i.ADC_Open) refers to startup.o(.text) for StartCritical
    adc.o(i.ADC_Status) refers to startup.o(.text) for StartCritical
    adc.o(i.ADC_Status) refers to adc.o(.data) for collectDone
    interpreter.o(i.ADCReadPrint) refers to adc.o(i.ADC_In) for ADC_In
    interpreter.o(i.ADCReadPrint) refers to adc.o(i.ADC_CurrentChannel) for ADC_CurrentChannel
    interpreter.o(i.ADCReadPrint) refers to st7735.o(i.Output_Clear) for Output_Clear
    interpreter.o(i.ADCReadPrint) refers to st7735.o(i.ST7735_Message) for ST7735_Message
    interpreter.o(i.ADCReadPrint) refers to uart.o(i.UART_OutString) for UART_OutString
    interpreter.o(i.ADCReadPrint) refers to uart.o(i.UART_OutUDec) for UART_OutUDec
    interpreter.o(i.ADCReadPrint) refers to uart.o(i.OutCRLF) for OutCRLF
    interpreter.o(i.Interpreter_CommandLine) refers to interpreter.o(i.promptCommand) for promptCommand
    interpreter.o(i.promptCommand) refers to uart.o(i.UART_OutString) for UART_OutString
    interpreter.o(i.promptCommand) refers to uart.o(i.UART_InChar) for UART_InChar
    interpreter.o(i.promptCommand) refers to uart.o(i.UART_OutChar) for UART_OutChar
    interpreter.o(i.promptCommand) refers to uart.o(i.OutCRLF) for OutCRLF
    interpreter.o(i.promptCommand) refers to interpreter.o(i.serviceCommand) for serviceCommand
    interpreter.o(i.serviceCommand) refers to strcmpv7m.o(.text) for strcmp
    interpreter.o(i.serviceCommand) refers to uart.o(i.UART_OutString) for UART_OutString
    interpreter.o(i.serviceCommand) refers to uart.o(i.UART_InUDec) for UART_InUDec
    interpreter.o(i.serviceCommand) refers to uart.o(i.OutCRLF) for OutCRLF
    interpreter.o(i.serviceCommand) refers to adc.o(i.ADC_Open) for ADC_Open
    interpreter.o(i.serviceCommand) refers to uart.o(i.UART_OutUDec) for UART_OutUDec
    interpreter.o(i.serviceCommand) refers to uart.o(i.UART_InString) for UART_InString
    interpreter.o(i.serviceCommand) refers to uart.o(i.UART_OutChar) for UART_OutChar
    interpreter.o(i.serviceCommand) refers to st7735.o(i.ST7735_Message) for ST7735_Message
    interpreter.o(i.serviceCommand) refers to adc.o(i.ADC_In) for ADC_In
    interpreter.o(i.serviceCommand) refers to adc.o(i.ADC_CurrentChannel) for ADC_CurrentChannel
    os.o(i.ColorSwap) refers to os.o(.data) for ci
    os.o(i.ColorSwap) refers to os.o(.constdata) for COLORWHEEL
    os.o(i.OS_AddPeriodicThread) refers to startup.o(.text) for DisableInterrupts
    os.o(i.OS_AddPeriodicThread) refers to timer3a.o(i.Timer3A_Init) for Timer3A_Init
[...]
    ../clib/angel/boardlib.s                 0x00000000   Number         0  boardinit2.o ABSOLUTE
    ../clib/angel/dczerorl.s                 0x00000000   Number         0  __dczerorl.o ABSOLUTE
    ../clib/angel/handlers.s                 0x00000000   Number         0  __scatter_zi.o ABSOLUTE
    ../clib/angel/kernel.s                   0x00000000   Number         0  rtentry4.o ABSOLUTE
    ../clib/angel/kernel.s                   0x00000000   Number         0  rtentry2.o ABSOLUTE
    ../clib/angel/kernel.s                   0x00000000   Number         0  rtexit.o ABSOLUTE
    ../clib/angel/kernel.s                   0x00000000   Number         0  rtexit2.o ABSOLUTE
    ../clib/angel/kernel.s                   0x00000000   Number         0  rtentry.o ABSOLUTE
    ../clib/angel/rt.s                       0x00000000   Number         0  rt_raise.o ABSOLUTE
    ../clib/angel/scatter.s                  0x00000000   Number         0  __scatter.o ABSOLUTE
    ../clib/angel/startup.s                  0x00000000   Number         0  __main.o ABSOLUTE
    ../clib/angel/sys.s                      0x00000000   Number         0  use_no_semi.o ABSOLUTE
    ../clib/angel/sys.s                      0x00000000   Number         0  sys_stackheap_outer.o ABSOLUTE
    ../clib/angel/sys.s                      0x00000000   Number         0  indicate_semi.o ABSOLUTE
    ../clib/angel/sys.s                      0x00000000   Number         0  libspace.o ABSOLUTE
    ../clib/angel/sysapp.c                   0x00000000   Number         0  sys_command.o ABSOLUTE
    ../clib/angel/sysapp.c                   0x00000000   Number         0  sys_exit.o ABSOLUTE
    ../clib/angel/sysapp.c                   0x00000000   Number         0  sys_wrch.o ABSOLUTE
    ../clib/armsys.c                         0x00000000   Number         0  argv_veneer.o ABSOLUTE
    ../clib/armsys.c                         0x00000000   Number         0  argv_veneer.o ABSOLUTE
    ../clib/armsys.c                         0x00000000   Number         0  no_argv.o ABSOLUTE
    ../clib/armsys.c                         0x00000000   Number         0  _get_argv_nomalloc.o ABSOLUTE
    ../clib/heapalloc.c                      0x00000000   Number         0  hrguard.o ABSOLUTE
    ../clib/heapaux.c                        0x00000000   Number         0  heapauxi.o ABSOLUTE
    ../clib/libinit.s                        0x00000000   Number         0  libshutdown.o ABSOLUTE
    ../clib/libinit.s                        0x00000000   Number         0  libinit.o ABSOLUTE
    ../clib/libinit.s                        0x00000000   Number         0  libinit2.o ABSOLUTE
    ../clib/libinit.s                        0x00000000   Number         0  libshutdown2.o ABSOLUTE
    ../clib/memcpset.s                       0x00000000   Number         0  rt_memcpy_w.o ABSOLUTE
    ../clib/memcpset.s                       0x00000000   Number         0  strcmpv7m.o ABSOLUTE
    ../clib/signal.c                         0x00000000   Number         0  defsig_rtred_inner.o ABSOLUTE
    ../clib/signal.c                         0x00000000   Number         0  defsig_fpe_inner.o ABSOLUTE
    ../clib/signal.c                         0x00000000   Number         0  defsig_abrt_inner.o ABSOLUTE
    ../clib/signal.c                         0x00000000   Number         0  defsig_general.o ABSOLUTE
    ../clib/signal.c                         0x00000000   Number         0  __raise.o ABSOLUTE
    ../clib/signal.c                         0x00000000   Number         0  defsig_rtmem_inner.o ABSOLUTE
    ../clib/signal.c                         0x00000000   Number         0  defsig_exit.o ABSOLUTE
    ../clib/signal.c                         0x00000000   Number         0  defsig_rtmem_formal.o ABSOLUTE
    ../clib/signal.c                         0x00000000   Number         0  defsig_rtmem_outer.o ABSOLUTE
    ../clib/signal.c                         0x00000000   Number         0  defsig_other.o ABSOLUTE
    ../clib/signal.c                         0x00000000   Number         0  defsig_segv_inner.o ABSOLUTE
    ../clib/signal.c                         0x00000000   Number         0  defsig_cppl_inner.o ABSOLUTE
    ../clib/signal.c                         0x00000000   Number         0  defsig_pvfn_inner.o ABSOLUTE
    ../clib/signal.c                         0x00000000   Number         0  defsig_stak_inner.o ABSOLUTE
    ../clib/signal.s                         0x00000000   Number         0  defsig.o ABSOLUTE
    ../clib/stdlib.c                         0x00000000   Number         0  exit.o ABSOLUTE
    ../fplib/daddsub.s                       0x00000000   Number         0  daddsub_clz.o ABSOLUTE
    ../fplib/dfix.s                          0x00000000   Number         0  dfix.o ABSOLUTE
    ../fplib/dflt.s                          0x00000000   Number         0  dflt_clz.o ABSOLUTE
    ../fplib/dmul.s                          0x00000000   Number         0  dmul.o ABSOLUTE
    ../fplib/dnaninf.s                       0x00000000   Number         0  dnaninf.o ABSOLUTE
    ../fplib/dretinf.s                       0x00000000   Number         0  dretinf.o ABSOLUTE
    ../fplib/fpinit.s                        0x00000000   Number         0  fpinit.o ABSOLUTE
    ../fplib/usenofp.s                       0x00000000   Number         0  usenofp.o ABSOLUTE
    ADC.c                                    0x00000000   Number         0  adc.o ABSOLUTE
    Interpreter.c                            0x00000000   Number         0  interpreter.o ABSOLUTE
    PID_stm32.s                              0x00000000   Number         0  pid_stm32.o ABSOLUTE
    PLL.c                                    0x00000000   Number         0  pll.o ABSOLUTE
    ST7735.c                                 0x00000000   Number         0  st7735.o ABSOLUTE
    Switch.c                                 0x00000000   Number         0  switch.o ABSOLUTE
    SysTickInts.c                            0x00000000   Number         0  systickints.o ABSOLUTE
    Timer1A.c                                0x00000000   Number         0  timer1a.o ABSOLUTE
    Timer3A.c                                0x00000000   Number         0  timer3a.o ABSOLUTE
    UART.c                                   0x00000000   Number         0  uart.o ABSOLUTE
    cr4_fft_64_stm32.s                       0x00000000   Number         0  cr4_fft_64_stm32.o ABSOLUTE
    dc.s                                     0x00000000   Number         0  dc.o ABSOLUTE
    heap.c                                   0x00000000   Number         0  heap.o ABSOLUTE
    lab2.c                                   0x00000000   Number         0  lab2.o ABSOLUTE
    os.c                                     0x00000000   Number         0  os.o ABSOLUTE
    osasm.s                                  0x00000000   Number         0  osasm.o ABSOLUTE
    startup.s                                0x00000000   Number         0  startup.o ABSOLUTE
    !!!main                                  0x00000284   Section        8  __main.o(!!!main)
    !!!scatter                               0x0000028c   Section       52  __scatter.o(!!!scatter)
    !!dczerorl                               0x000002c0   Section       58  __dczerorl.o(!!dczerorl)
    !!handler_zi                             0x000002fc   Section       28  __scatter_zi.o(!!handler_zi)
    .ARM.Collect$$libinit$$00000000          0x00000318   Section        2  libinit.o(.ARM.Collect$$libinit$$00000000)
    .ARM.Collect$$libinit$$00000002          0x0000031a   Section        0  libinit2.o(.ARM.Collect$$libinit$$00000002)
    .ARM.Collect$$libinit$$00000008          0x0000031a   Section        0  libinit2.o(.ARM.Collect$$libinit$$00000008)
    .ARM.Collect$$libinit$$0000000A          0x0000031a   Section        0  libinit2.o(.ARM.Collect$$libinit$$0000000A)
    .ARM.Collect$$libinit$$0000000C          0x0000031a   Section        0  libinit2.o(.ARM.Collect$$libinit$$0000000C)
    .ARM.Collect$$libinit$$0000000F          0x0000031a   Section        0  libinit2.o(.ARM.Collect$$libinit$$0000000F)
    .ARM.Collect$$libinit$$00000011          0x0000031a   Section        0  libinit2.o(.ARM.Collect$$libinit$$00000011)
    .ARM.Collect$$libinit$$00000013          0x0000031a   Section        0  libinit2.o(.ARM.Collect$$libinit$$00000013)
    .ARM.Collect$$libinit$$00000015          0x0000031a   Section        0  libinit2.o(.ARM.Collect$$libinit$$00000015)
    .ARM.Collect$$libinit$$00000017          0x0000031a   Section        0  libinit2.o(.ARM.Collect$$libinit$$00000017)
    .ARM.Collect$$libinit$$00000019          0x0000031a   Section        0  libinit2.o(.ARM.Collect$$libinit$$00000019)
    .ARM.Collect$$libinit$$0000001B          0x0000031a   Section        0  libinit2.o(.ARM.Collect$$libinit$$0000001B)
    .ARM.Collect$$libinit$$0000001D          0x0000031a   Section        0  libinit2.o(.ARM.Collect$$libinit$$0000001D)
    .ARM.Collect$$libinit$$0000001F          0x0000031a   Section        0  libinit2.o(.ARM.Collect$$libinit$$0000001F)
    .ARM.Collect$$libinit$$00000021          0x0000031a   Section        0  libinit2.o(.ARM.Collect$$libinit$$00000021)
    .ARM.Collect$$libinit$$00000023          0x0000031a   Section        0  libinit2.o(.ARM.Collect$$libinit$$00000023)
    .ARM.Collect$$libinit$$0000002A          0x0000031a   Section        0  libinit2.o(.ARM.Collect$$libinit$$0000002A)
    .ARM.Collect$$libinit$$0000002C          0x0000031a   Section        0  libinit2.o(.ARM.Collect$$libinit$$0000002C)
    .ARM.Collect$$libinit$$0000002E          0x0000031a   Section        0  libinit2.o(.ARM.Collect$$libinit$$0000002E)
    .ARM.Collect$$libinit$$00000030          0x0000031a   Section        0  libinit2.o(.ARM.Collect$$libinit$$00000030)
    .ARM.Collect$$libinit$$00000031          0x0000031a   Section        2  libinit2.o(.ARM.Collect$$libinit$$00000031)
    .ARM.Collect$$libshutdown$$00000000      0x0000031c   Section        2  libshutdown.o(.ARM.Collect$$libshutdown$$00000000)
    .ARM.Collect$$libshutdown$$00000003      0x0000031e   Section        0  libshutdown2.o(.ARM.Collect$$libshutdown$$00000003)
    .ARM.Collect$$libshutdown$$00000006      0x0000031e   Section        0  libshutdown2.o(.ARM.Collect$$libshutdown$$00000006)
    .ARM.Collect$$libshutdown$$00000009      0x0000031e   Section        0  libshutdown2.o(.ARM.Collect$$libshutdown$$00000009)
    .ARM.Collect$$libshutdown$$0000000B      0x0000031e   Section        0  libshutdown2.o(.ARM.Collect$$libshutdown$$0000000B)
    .ARM.Collect$$libshutdown$$0000000E      0x0000031e   Section        0  libshutdown2.o(.ARM.Collect$$libshutdown$$0000000E)
    .ARM.Collect$$libshutdown$$0000000F      0x0000031e   Section        2  libshutdown2.o(.ARM.Collect$$libshutdown$$0000000F)
    .ARM.Collect$$rtentry$$00000000          0x00000320   Section        0  rtentry.o(.ARM.Collect$$rtentry$$00000000)
    .ARM.Collect$$rtentry$$00000002          0x00000320   Section        0  rtentry2.o(.ARM.Collect$$rtentry$$00000002)
    .ARM.Collect$$rtentry$$00000004          0x00000320   Section        6  rtentry4.o(.ARM.Collect$$rtentry$$00000004)
    .ARM.Collect$$rtentry$$00000009          0x00000326   Section        0  rtentry2.o(.ARM.Collect$$rtentry$$00000009)
    .ARM.Collect$$rtentry$$0000000A          0x00000326   Section        4  rtentry2.o(.ARM.Collect$$rtentry$$0000000A)
    .ARM.Collect$$rtentry$$0000000C          0x0000032a   Section        0  rtentry2.o(.ARM.Collect$$rtentry$$0000000C)
    .ARM.Collect$$rtentry$$0000000D          0x0000032a   Section        8  rtentry2.o(.ARM.Collect$$rtentry$$0000000D)
    .ARM.Collect$$rtexit$$00000000           0x00000332   Section        2  rtexit.o(.ARM.Collect$$rtexit$$00000000)
    .ARM.Collect$$rtexit$$00000002           0x00000334   Section        0  rtexit2.o(.ARM.Collect$$rtexit$$00000002)
    .ARM.Collect$$rtexit$$00000003           0x00000334   Section        4  rtexit2.o(.ARM.Collect$$rtexit$$00000003)
    .ARM.Collect$$rtexit$$00000004           0x00000338   Section        6  rtexit2.o(.ARM.Collect$$rtexit$$00000004)
    .text                                    0x00000340   Section       48  startup.o(.text)
    .text                                    0x00000370   Section      304  osasm.o(.text)
    .text                                    0x000004a0   Section       72  pid_stm32.o(.text)
    .text                                    0x000004e8   Section      718  cr4_fft_64_stm32.o(.text)
    .text                                    0x000007b8   Section      128  strcmpv7m.o(.text)
    .text                                    0x00000838   Section        0  heapauxi.o(.text)
    .text                                    0x0000083e   Section       74  sys_stackheap_outer.o(.text)
    .text                                    0x00000888   Section        0  exit.o(.text)
    .text                                    0x00000894   Section        8  libspace.o(.text)
    .text                                    0x0000089c   Section        0  sys_exit.o(.text)
    .text                                    0x000008a8   Section        2  use_no_semi.o(.text)
    .text                                    0x000008aa   Section        0  indicate_semi.o(.text)
    i.ADC0Seq3_Handler                       0x000008ac   Section        0  adc.o(i.ADC0Seq3_Handler)
    i.ADC_ChangeSampleRateHz                 0x000008c8   Section        0  adc.o(i.ADC_ChangeSampleRateHz)
    i.ADC_Collect                            0x00000914   Section        0  adc.o(i.ADC_Collect)
    i.ADC_CurrentChannel                     0x0000096c   Section        0  adc.o(i.ADC_CurrentChannel)
    i.ADC_In                                 0x00000978   Section        0  adc.o(i.ADC_In)
    i.ADC_Init                               0x0000099c   Section        0  adc.o(i.ADC_Init)
    i.ADC_Open                               0x00000b84   Section        0  adc.o(i.ADC_Open)
    i.Board_Init                             0x00000bb8   Section        0  switch.o(i.Board_Init)
    i.ButtonWork                             0x00000ce0   Section        0  lab2.o(i.ButtonWork)
    i.Consumer                               0x00000da4   Section        0  lab2.o(i.Consumer)
    i.DAS                                    0x00000e38   Section        0  lab2.o(i.DAS)
    i.Delay1ms                               0x00000f00   Section        0  st7735.o(i.Delay1ms)
    i.Display                                0x00000f20   Section        0  lab2.o(i.Display)
    i.Filter                                 0x00000f8c   Section        0  lab2.o(i.Filter)
    i.GPIOPortF_Handler                      0x00001054   Section        0  switch.o(i.GPIOPortF_Handler)
    i.Heap_Free                              0x0000106c   Section        0  heap.o(i.Heap_Free)
    i.Heap_Init                              0x000010fc   Section        0  heap.o(i.Heap_Init)
    i.Heap_Malloc                            0x00001118   Section        0  heap.o(i.Heap_Malloc)
    i.Interpreter                            0x0000116c   Section        0  lab2.o(i.Interpreter)
    i.Interpreter_CommandLine                0x00001174   Section        0  interpreter.o(i.Interpreter_CommandLine)
    i.OS_AddPeriodicThread                   0x00001184   Section        0  os.o(i.OS_AddPeriodicThread)
    i.OS_AddSW1Task                          0x000011a0   Section        0  os.o(i.OS_AddSW1Task)
    i.OS_AddThread                           0x000011bc   Section        0  os.o(i.OS_AddThread)
    i.OS_ClearMsTime                         0x000012cc   Section        0  os.o(i.OS_ClearMsTime)
    i.OS_Fifo_Get                            0x000012d0   Section        0  os.o(i.OS_Fifo_Get)
    i.OS_Fifo_Init                           0x00001304   Section        0  os.o(i.OS_Fifo_Init)
    i.OS_Fifo_Put                            0x00001334   Section        0  os.o(i.OS_Fifo_Put)
    i.OS_Id                                  0x00001344   Section        0  os.o(i.OS_Id)
    i.OS_Init                                0x00001354   Section        0  os.o(i.OS_Init)
    i.OS_InitSemaphore                       0x00001398   Section        0  os.o(i.OS_InitSemaphore)
    i.OS_Kill                                0x0000139c   Section        0  os.o(i.OS_Kill)
    i.OS_MailBox_Init                        0x000013b0   Section        0  os.o(i.OS_MailBox_Init)
    i.OS_MailBox_Recv                        0x000013cc   Section        0  os.o(i.OS_MailBox_Recv)
    i.OS_MailBox_Send                        0x000013f0   Section        0  os.o(i.OS_MailBox_Send)
    i.OS_MsTime                              0x00001414   Section        0  os.o(i.OS_MsTime)
    i.OS_RemoveCurrentThread                 0x00001428   Section        0  os.o(i.OS_RemoveCurrentThread)
    i.OS_Signal                              0x000014c4   Section        0  os.o(i.OS_Signal)
    i.OS_Sleep                               0x000014cc   Section        0  os.o(i.OS_Sleep)
    i.OS_SleepCheck                          0x000014fc   Section        0  os.o(i.OS_SleepCheck)
    i.OS_Suspend                             0x00001530   Section        0  os.o(i.OS_Suspend)
    i.OS_Time                                0x00001544   Section        0  os.o(i.OS_Time)
    i.OS_TimeDifference                      0x000015dc   Section        0  os.o(i.OS_TimeDifference)
    i.OS_Wait                                0x000015ee   Section        0  os.o(i.OS_Wait)
    i.OS_bSignal                             0x00001616   Section        0  os.o(i.OS_bSignal)
    i.OS_bWait                               0x0000162c   Section        0  os.o(i.OS_bWait)
    i.OutCRLF                                0x00001652   Section        0  uart.o(i.OutCRLF)
    i.PID                                    0x00001664   Section        0  lab2.o(i.PID)
    i.PLL_Init                               0x000016e0   Section        0  pll.o(i.PLL_Init)
    i.PortE_Init                             0x0000175c   Section        0  lab2.o(i.PortE_Init)
    i.Producer                               0x000017d0   Section        0  lab2.o(i.Producer)
    i.RxFifo_Get                             0x00001804   Section        0  uart.o(i.RxFifo_Get)
    i.RxFifo_Init                            0x00001840   Section        0  uart.o(i.RxFifo_Init)
    i.RxFifo_Put                             0x00001864   Section        0  uart.o(i.RxFifo_Put)
    i.RxFifo_Size                            0x000018a0   Section        0  uart.o(i.RxFifo_Size)
    i.ST7735_DrawCharS                       0x000018b8   Section        0  st7735.o(i.ST7735_DrawCharS)
    i.ST7735_DrawPixel                       0x000019ac   Section        0  st7735.o(i.ST7735_DrawPixel)
    i.ST7735_DrawString                      0x000019f8   Section        0  st7735.o(i.ST7735_DrawString)
    i.ST7735_FillRect                        0x00001a4c   Section        0  st7735.o(i.ST7735_FillRect)
    i.ST7735_FillScreen                      0x00001af8   Section        0  st7735.o(i.ST7735_FillScreen)
    i.ST7735_InitR                           0x00001b1c   Section        0  st7735.o(i.ST7735_InitR)
    i.ST7735_Message                         0x00001ba4   Section        0  st7735.o(i.ST7735_Message)
    i.ST7735_OutChar                         0x00001be4   Section        0  st7735.o(i.ST7735_OutChar)
    i.ST7735_OutString                       0x00001cb8   Section        0  st7735.o(i.ST7735_OutString)
    i.ST7735_OutUDec                         0x00001cd0   Section        0  st7735.o(i.ST7735_OutUDec)
    i.ST7735_SetCursor                       0x00001d5c   Section        0  st7735.o(i.ST7735_SetCursor)
    i.SW1Push                                0x00001d7c   Section        0  lab2.o(i.SW1Push)
    i.SysTick_Init                           0x00001dac   Section        0  systickints.o(i.SysTick_Init)
    i.Timer1A_Handler                        0x00001df4   Section        0  timer1a.o(i.Timer1A_Handler)
    i.Timer1A_Init                           0x00001e10   Section        0  timer1a.o(i.Timer1A_Init)
    i.Timer3A_Handler                        0x00001e74   Section        0  timer3a.o(i.Timer3A_Handler)
    i.Timer3A_Init                           0x00001e9c   Section        0  timer3a.o(i.Timer3A_Init)
    i.TmailFifo_Get                          0x00001f04   Section        0  os.o(i.TmailFifo_Get)
    i.TmailFifo_Init                         0x00001f40   Section        0  os.o(i.TmailFifo_Init)
    i.TmailFifo_Put                          0x00001f64   Section        0  os.o(i.TmailFifo_Put)
    i.TxFifo_Get                             0x00001fa0   Section        0  uart.o(i.TxFifo_Get)
    i.TxFifo_Init                            0x00001fdc   Section        0  uart.o(i.TxFifo_Init)
    i.TxFifo_Put                             0x00002000   Section        0  uart.o(i.TxFifo_Put)
    i.TxFifo_Size                            0x0000203c   Section        0  uart.o(i.TxFifo_Size)
    i.UART0_Handler                          0x00002054   Section        0  uart.o(i.UART0_Handler)
    i.UART_InChar                            0x000020ac   Section        0  uart.o(i.UART_InChar)
    i.UART_InString                          0x000020c0   Section        0  uart.o(i.UART_InString)
    i.UART_InUDec                            0x00002106   Section        0  uart.o(i.UART_InUDec)
    i.UART_Init                              0x00002154   Section        0  uart.o(i.UART_Init)
    i.UART_OutChar                           0x0000223c   Section        0  uart.o(i.UART_OutChar)
    i.UART_OutString                         0x00002270   Section        0  uart.o(i.UART_OutString)
    i.UART_OutUDec                           0x00002286   Section        0  uart.o(i.UART_OutUDec)
    i.blockHeader                            0x000022b0   Section        0  heap.o(i.blockHeader)
    blockHeader                              0x000022b1   Thumb Code    18  heap.o(i.blockHeader)
    i.blockRoom                              0x000022c2   Section        0  heap.o(i.blockRoom)
    blockRoom                                0x000022c3   Thumb Code    18  heap.o(i.blockRoom)
    i.blockTrailer                           0x000022d4   Section        0  heap.o(i.blockTrailer)
    blockTrailer                             0x000022d5   Thumb Code    18  heap.o(i.blockTrailer)
    i.blockUnused                            0x000022e6   Section        0  heap.o(i.blockUnused)
    blockUnused                              0x000022e7   Thumb Code     8  heap.o(i.blockUnused)
    i.blockUsed                              0x000022ee   Section        0  heap.o(i.blockUsed)
    blockUsed                                0x000022ef   Thumb Code    16  heap.o(i.blockUsed)
    i.commandList                            0x000022fe   Section        0  st7735.o(i.commandList)
    commandList                              0x000022ff   Thumb Code    86  st7735.o(i.commandList)
    i.commonInit                             0x00002354   Section        0  st7735.o(i.commonInit)
    commonInit                               0x00002355   Thumb Code   340  st7735.o(i.commonInit)
    i.copyHardwareToSoftware                 0x000024d8   Section        0  uart.o(i.copyHardwareToSoftware)
    copyHardwareToSoftware                   0x000024d9   Thumb Code    48  uart.o(i.copyHardwareToSoftware)
    i.copySoftwareToHardware                 0x00002510   Section        0  uart.o(i.copySoftwareToHardware)
    copySoftwareToHardware                   0x00002511   Thumb Code    50  uart.o(i.copySoftwareToHardware)
    i.fillmessage                            0x0000254c   Section        0  st7735.o(i.fillmessage)
    i.inHeapRange                            0x00002594   Section        0  heap.o(i.inHeapRange)
    inHeapRange                              0x00002595   Thumb Code    22  heap.o(i.inHeapRange)
    i.main                                   0x000025b4   Section        0  lab2.o(i.main)
    i.markBlockUnused                        0x00002664   Section        0  heap.o(i.markBlockUnused)
    markBlockUnused                          0x00002665   Thumb Code    48  heap.o(i.markBlockUnused)
    i.markBlockUsed                          0x00002694   Section        0  heap.o(i.markBlockUsed)
    markBlockUsed                            0x00002695   Thumb Code    48  heap.o(i.markBlockUsed)
    i.mergeBlockWithBelow                    0x000026c4   Section        0  heap.o(i.mergeBlockWithBelow)
    mergeBlockWithBelow                      0x000026c5   Thumb Code    46  heap.o(i.mergeBlockWithBelow)
    i.nextBlockHeader                        0x000026f2   Section        0  heap.o(i.nextBlockHeader)
    nextBlockHeader                          0x000026f3   Thumb Code    14  heap.o(i.nextBlockHeader)
    i.previousBlockHeader                    0x00002700   Section        0  heap.o(i.previousBlockHeader)
    previousBlockHeader                      0x00002701   Thumb Code    12  heap.o(i.previousBlockHeader)
    i.promptCommand                          0x0000270c   Section        0  interpreter.o(i.promptCommand)
    i.pushColor                              0x00002778   Section        0  st7735.o(i.pushColor)
    pushColor                                0x00002779   Thumb Code    18  st7735.o(i.pushColor)
    i.serviceCommand                         0x0000278c   Section        0  interpreter.o(i.serviceCommand)
    i.setAddrWindow                          0x00002a30   Section        0  st7735.o(i.setAddrWindow)
    setAddrWindow                            0x00002a31   Thumb Code   106  st7735.o(i.setAddrWindow)
    i.splitAndMarkBlockUsed                  0x00002aa4   Section        0  heap.o(i.splitAndMarkBlockUsed)
    splitAndMarkBlockUsed                    0x00002aa5   Thumb Code    76  heap.o(i.splitAndMarkBlockUsed)
    i.writecommand                           0x00002af0   Section        0  st7735.o(i.writecommand)
    writecommand                             0x00002af1   Thumb Code    40  st7735.o(i.writecommand)
    i.writedata                              0x00002b20   Section        0  st7735.o(i.writedata)
    writedata                                0x00002b21   Thumb Code    24  st7735.o(i.writedata)
    x$fpl$dadd                               0x00002b40   Section      336  daddsub_clz.o(x$fpl$dadd)
    _dadd1                                   0x00002b51   Thumb Code     0  daddsub_clz.o(x$fpl$dadd)
    x$fpl$dfix                               0x00002c90   Section       94  dfix.o(x$fpl$dfix)
    x$fpl$dflt                               0x00002cee   Section       46  dflt_clz.o(x$fpl$dflt)
    x$fpl$dfltu                              0x00002d1c   Section       38  dflt_clz.o(x$fpl$dfltu)
    x$fpl$dmul                               0x00002d44   Section      340  dmul.o(x$fpl$dmul)
    x$fpl$dnaninf                            0x00002e98   Section      156  dnaninf.o(x$fpl$dnaninf)
    x$fpl$dretinf                            0x00002f34   Section       12  dretinf.o(x$fpl$dretinf)
    x$fpl$dsub                               0x00002f40   Section      468  daddsub_clz.o(x$fpl$dsub)
    _dsub1                                   0x00002f51   Thumb Code     0  daddsub_clz.o(x$fpl$dsub)
    .constdata                               0x00003114   Section     2018  st7735.o(.constdata)
    x$fpl$usenofp                            0x00003114   Section        0  usenofp.o(x$fpl$usenofp)
    Font                                     0x00003114   Data        1275  st7735.o(.constdata)
    Bcmd                                     0x0000360f   Data         103  st7735.o(.constdata)
    Rcmd1                                    0x00003676   Data          59  st7735.o(.constdata)
    Rcmd2green                               0x000036b1   Data          13  st7735.o(.constdata)
    Rcmd2red                                 0x000036be   Data          13  st7735.o(.constdata)
    Rcmd3                                    0x000036cb   Data          43  st7735.o(.constdata)
    .data                                    0x20000000   Section       16  adc.o(.data)
    .data                                    0x20000010   Section      100  os.o(.data)
    .data                                    0x20000074   Section       24  uart.o(.data)
    .data                                    0x2000008c   Section       44  st7735.o(.data)
    _width                                   0x20000096   Data           2  st7735.o(.data)
    _height                                  0x20000098   Data           2  st7735.o(.data)
    ColStart                                 0x200000a0   Data           1  st7735.o(.data)
    RowStart                                 0x200000a1   Data           1  st7735.o(.data)
    Rotation                                 0x200000a2   Data           1  st7735.o(.data)
    TabColor                                 0x200000a3   Data           1  st7735.o(.data)
    .data                                    0x200000b8   Section      144  lab2.o(.data)
    n                                        0x200000cc   Data           4  lab2.o(.data)
    LastTime                                 0x200000d0   Data           4  lab2.o(.data)
    i                                        0x200000d4   Data           4  lab2.o(.data)
    result                                   0x200000d8   Data           4  lab2.o(.data)
    .data                                    0x20000148   Section        4  timer3a.o(.data)
    .data                                    0x2000014c   Section        4  switch.o(.data)
    .bss                                     0x20000150   Section      432  os.o(.bss)
    RmailFifo                                0x20000150   Data          16  os.o(.bss)
    TmailFifo                                0x20000160   Data          16  os.o(.bss)
    .bss                                     0x20000300   Section       32  uart.o(.bss)
    RxFifo                                   0x20000300   Data          16  uart.o(.bss)
    TxFifo                                   0x20000310   Data          16  uart.o(.bss)
    .bss                                     0x20000320   Section     6000  heap.o(.bss)
    Heap                                     0x20000320   Data        6000  heap.o(.bss)
    .bss                                     0x20001a90   Section       12  st7735.o(.bss)
    .bss                                     0x20001a9c   Section     1616  lab2.o(.bss)
    x                                        0x20001b9c   Data          24  lab2.o(.bss)
    y                                        0x20001bb4   Data          24  lab2.o(.bss)
    .bss                                     0x200020ec   Section       96  libspace.o(.bss)
    HEAP                                     0x20002150   Section        0  startup.o(HEAP)
    STACK                                    0x20002150   Section     1024  startup.o(STACK)
    HeapMem                                  0x20002150   Data           0  startup.o(HEAP)
    StackMem                                 0x20002150   Data           0  startup.o(STACK)

    Global Symbols

    Symbol Name                              Value     Ov Type        Size  Object(Section)

    BuildAttributes$$THM_ISAv4$E$P$D$K$B$S$7EM$PE$A:L22UL41UL21$X:L11$S22US41US21$IEEE1$IW$USESV6$~STKCKD$USESV7$~SHL$OSPACE$ROPI$EBA8$UX$STANDARDLIB$REQ8$PRES8$EABIv2 0x00000000   Number         0  anon$$obj.o ABSOLUTE
    __ARM_use_no_argv                        0x00000000   Number         0  lab2.o ABSOLUTE
    __Vectors                                0x00000000   Data           0  startup.o(RESET)
    __ARM_exceptions_init                     - Undefined Weak Reference
    __alloca_initialize                       - Undefined Weak Reference
    __cpp_initialize__aeabi_                  - Undefined Weak Reference
    __cxa_finalize                            - Undefined Weak Reference
    __rt_locale                               - Undefined Weak Reference
    __sigvec_lookup                           - Undefined Weak Reference
    _atexit_init                              - Undefined Weak Reference
    _call_atexit_fns                          - Undefined Weak Reference
    _clock_init                               - Undefined Weak Reference
    _fp_trap_init                             - Undefined Weak Reference
    _fp_trap_shutdown                         - Undefined Weak Reference
    _get_lc_collate                           - Undefined Weak Reference
    _get_lc_ctype                             - Undefined Weak Reference
    _get_lc_monetary                          - Undefined Weak Reference
    _get_lc_numeric                           - Undefined Weak Reference
    _get_lc_time                              - Undefined Weak Reference
    _getenv_init                              - Undefined Weak Reference
    _handle_redirection                       - Undefined Weak Reference
    _init_alloc                               - Undefined Weak Reference
    _init_user_alloc                          - Undefined Weak Reference
    _initio                                   - Undefined Weak Reference
    _rand_init                                - Undefined Weak Reference
    _signal_finish                            - Undefined Weak Reference
    _signal_init                              - Undefined Weak Reference
    _terminate_alloc                          - Undefined Weak Reference
    _terminate_user_alloc                     - Undefined Weak Reference
    _terminateio                              - Undefined Weak Reference
    Reset_Handler                            0x0000026d   Thumb Code     0  startup.o(RESET)
    NMI_Handler                              0x00000271   Thumb Code     2  startup.o(RESET)
    HardFault_Handler                        0x00000273   Thumb Code     2  startup.o(RESET)
    MemManage_Handler                        0x00000275   Thumb Code     2  startup.o(RESET)
    BusFault_Handler                         0x00000277   Thumb Code     2  startup.o(RESET)
    UsageFault_Handler                       0x00000279   Thumb Code     2  startup.o(RESET)
    SVC_Handler                              0x0000027b   Thumb Code     2  startup.o(RESET)
    DebugMon_Handler                         0x0000027d   Thumb Code     2  startup.o(RESET)
    ADC0Seq0_Handler                         0x00000283   Thumb Code     0  startup.o(RESET)
    ADC0Seq1_Handler                         0x00000283   Thumb Code     0  startup.o(RESET)
    ADC0Seq2_Handler                         0x00000283   Thumb Code     0  startup.o(RESET)
    ADC1Seq0_Handler                         0x00000283   Thumb Code     0  startup.o(RESET)
    ADC1Seq1_Handler                         0x00000283   Thumb Code     0  startup.o(RESET)
    ADC1Seq2_Handler                         0x00000283   Thumb Code     0  startup.o(RESET)
    ADC1Seq3_Handler                         0x00000283   Thumb Code     0  startup.o(RESET)
    CAN0_Handler                             0x00000283   Thumb Code     0  startup.o(RESET)
    CAN1_Handler                             0x00000283   Thumb Code     0  startup.o(RESET)
    CAN2_Handler                             0x00000283   Thumb Code     0  startup.o(RESET)
    Comp0_Handler                            0x00000283   Thumb Code     0  startup.o(RESET)
    Comp1_Handler                            0x00000283   Thumb Code     0  startup.o(RESET)
    Comp2_Handler                            0x00000283   Thumb Code     0  startup.o(RESET)
    Ethernet_Handler                         0x00000283   Thumb Code     0  startup.o(RESET)
    ExtBus_Handler                           0x00000283   Thumb Code     0  startup.o(RESET)
    FPU_Handler                              0x00000283   Thumb Code     0  startup.o(RESET)
    Fan0_Handler                             0x00000283   Thumb Code     0  startup.o(RESET)
    FlashCtl_Handler                         0x00000283   Thumb Code     0  startup.o(RESET)
    GPIOPortA_Handler                        0x00000283   Thumb Code     0  startup.o(RESET)
    GPIOPortB_Handler                        0x00000283   Thumb Code     0  startup.o(RESET)
    GPIOPortC_Handler                        0x00000283   Thumb Code     0  startup.o(RESET)
    GPIOPortD_Handler                        0x00000283   Thumb Code     0  startup.o(RESET)
    GPIOPortE_Handler                        0x00000283   Thumb Code     0  startup.o(RESET)
    GPIOPortG_Handler                        0x00000283   Thumb Code     0  startup.o(RESET)
    GPIOPortH_Handler                        0x00000283   Thumb Code     0  startup.o(RESET)
    GPIOPortJ_Handler                        0x00000283   Thumb Code     0  startup.o(RESET)
    GPIOPortK_Handler                        0x00000283   Thumb Code     0  startup.o(RESET)
    GPIOPortL_Handler                        0x00000283   Thumb Code     0  startup.o(RESET)
    GPIOPortM_Handler                        0x00000283   Thumb Code     0  startup.o(RESET)
    GPIOPortN_Handler                        0x00000283   Thumb Code     0  startup.o(RESET)
    GPIOPortP1_Handler                       0x00000283   Thumb Code     0  startup.o(RESET)
    GPIOPortP2_Handler                       0x00000283   Thumb Code     0  startup.o(RESET)
    GPIOPortP3_Handler                       0x00000283   Thumb Code     0  startup.o(RESET)
    GPIOPortP4_Handler                       0x00000283   Thumb Code     0  startup.o(RESET)
    GPIOPortP5_Handler                       0x00000283   Thumb Code     0  startup.o(RESET)
    GPIOPortP6_Handler                       0x00000283   Thumb Code     0  startup.o(RESET)
    GPIOPortP7_Handler                       0x00000283   Thumb Code     0  startup.o(RESET)
    GPIOPortP_Handler                        0x00000283   Thumb Code     0  startup.o(RESET)
    GPIOPortQ1_Handler                       0x00000283   Thumb Code     0  startup.o(RESET)
    GPIOPortQ2_Handler                       0x00000283   Thumb Code     0  startup.o(RESET)
    GPIOPortQ3_Handler                       0x00000283   Thumb Code     0  startup.o(RESET)
    GPIOPortQ4_Handler                       0x00000283   Thumb Code     0  startup.o(RESET)
    GPIOPortQ5_Handler                       0x00000283   Thumb Code     0  startup.o(RESET)
    GPIOPortQ6_Handler                       0x00000283   Thumb Code     0  startup.o(RESET)
    GPIOPortQ7_Handler                       0x00000283   Thumb Code     0  startup.o(RESET)
    GPIOPortQ_Handler                        0x00000283   Thumb Code     0  startup.o(RESET)
    GPIOPortR_Handler                        0x00000283   Thumb Code     0  startup.o(RESET)
    GPIOPortS_Handler                        0x00000283   Thumb Code     0  startup.o(RESET)
    Hibernate_Handler                        0x00000283   Thumb Code     0  startup.o(RESET)
    I2C0_Handler                             0x00000283   Thumb Code     0  startup.o(RESET)
    I2C1_Handler                             0x00000283   Thumb Code     0  startup.o(RESET)
    I2C2_Handler                             0x00000283   Thumb Code     0  startup.o(RESET)
    I2C3_Handler                             0x00000283   Thumb Code     0  startup.o(RESET)
    I2C4_Handler                             0x00000283   Thumb Code     0  startup.o(RESET)
    I2C5_Handler                             0x00000283   Thumb Code     0  startup.o(RESET)
    I2S0_Handler                             0x00000283   Thumb Code     0  startup.o(RESET)
    LPC0_Handler                             0x00000283   Thumb Code     0  startup.o(RESET)
    PECI0_Handler                            0x00000283   Thumb Code     0  startup.o(RESET)
    PWM0Fault_Handler                        0x00000283   Thumb Code     0  startup.o(RESET)
    PWM0Generator0_Handler                   0x00000283   Thumb Code     0  startup.o(RESET)
    PWM0Generator1_Handler                   0x00000283   Thumb Code     0  startup.o(RESET)
    PWM0Generator2_Handler                   0x00000283   Thumb Code     0  startup.o(RESET)
    PWM0Generator3_Handler                   0x00000283   Thumb Code     0  startup.o(RESET)
    PWM1Fault_Handler                        0x00000283   Thumb Code     0  startup.o(RESET)
    PWM1Generator0_Handler                   0x00000283   Thumb Code     0  startup.o(RESET)
    PWM1Generator1_Handler                   0x00000283   Thumb Code     0  startup.o(RESET)
    PWM1Generator2_Handler                   0x00000283   Thumb Code     0  startup.o(RESET)
    PWM1Generator3_Handler                   0x00000283   Thumb Code     0  startup.o(RESET)
    Quadrature0_Handler                      0x00000283   Thumb Code     0  startup.o(RESET)
    Quadrature1_Handler                      0x00000283   Thumb Code     0  startup.o(RESET)
    Quadrature2_Handler                      0x00000283   Thumb Code     0  startup.o(RESET)
    SSI0_Handler                             0x00000283   Thumb Code     0  startup.o(RESET)
    SSI1_Handler                             0x00000283   Thumb Code     0  startup.o(RESET)
    SSI2_Handler                             0x00000283   Thumb Code     0  startup.o(RESET)
    SSI3_Handler                             0x00000283   Thumb Code     0  startup.o(RESET)
    SysCtl_Handler                           0x00000283   Thumb Code     0  startup.o(RESET)
    Timer0A_Handler                          0x00000283   Thumb Code     0  startup.o(RESET)
    Timer0B_Handler                          0x00000283   Thumb Code     0  startup.o(RESET)
    Timer1B_Handler                          0x00000283   Thumb Code     0  startup.o(RESET)
    Timer2A_Handler                          0x00000283   Thumb Code     0  startup.o(RESET)
    Timer2B_Handler                          0x00000283   Thumb Code     0  startup.o(RESET)
    Timer3B_Handler                          0x00000283   Thumb Code     0  startup.o(RESET)
    Timer4A_Handler                          0x00000283   Thumb Code     0  startup.o(RESET)
    Timer4B_Handler                          0x00000283   Thumb Code     0  startup.o(RESET)
    Timer5A_Handler                          0x00000283   Thumb Code     0  startup.o(RESET)
    Timer5B_Handler                          0x00000283   Thumb Code     0  startup.o(RESET)
    UART1_Handler                            0x00000283   Thumb Code     0  startup.o(RESET)
    UART2_Handler                            0x00000283   Thumb Code     0  startup.o(RESET)
    UART3_Handler                            0x00000283   Thumb Code     0  startup.o(RESET)
    UART4_Handler                            0x00000283   Thumb Code     0  startup.o(RESET)
    UART5_Handler                            0x00000283   Thumb Code     0  startup.o(RESET)
    UART6_Handler                            0x00000283   Thumb Code     0  startup.o(RESET)
    UART7_Handler                            0x00000283   Thumb Code     0  startup.o(RESET)
    USB0_Handler                             0x00000283   Thumb Code     0  startup.o(RESET)
    WDT_Handler                              0x00000283   Thumb Code     0  startup.o(RESET)
    WideTimer0A_Handler                      0x00000283   Thumb Code     0  startup.o(RESET)
    WideTimer0B_Handler                      0x00000283   Thumb Code     0  startup.o(RESET)
    WideTimer1A_Handler                      0x00000283   Thumb Code     0  startup.o(RESET)
    WideTimer1B_Handler                      0x00000283   Thumb Code     0  startup.o(RESET)
    WideTimer2A_Handler                      0x00000283   Thumb Code     0  startup.o(RESET)
    WideTimer2B_Handler                      0x00000283   Thumb Code     0  startup.o(RESET)
    WideTimer3A_Handler                      0x00000283   Thumb Code     0  startup.o(RESET)
    WideTimer3B_Handler                      0x00000283   Thumb Code     0  startup.o(RESET)
    WideTimer4A_Handler                      0x00000283   Thumb Code     0  startup.o(RESET)
    WideTimer4B_Handler                      0x00000283   Thumb Code     0  startup.o(RESET)
    WideTimer5A_Handler                      0x00000283   Thumb Code     0  startup.o(RESET)
    WideTimer5B_Handler                      0x00000283   Thumb Code     0  startup.o(RESET)
    uDMA_Error                               0x00000283   Thumb Code     0  startup.o(RESET)
    uDMA_Handler                             0x00000283   Thumb Code     0  startup.o(RESET)
    __main                                   0x00000285   Thumb Code     8  __main.o(!!!main)
    __scatterload                            0x0000028d   Thumb Code     0  __scatter.o(!!!scatter)
    __scatterload_rt2                        0x0000028d   Thumb Code    44  __scatter.o(!!!scatter)
    __scatterload_rt2_thumb_only             0x0000028d   Thumb Code     0  __scatter.o(!!!scatter)
    __scatterload_null                       0x0000029b   Thumb Code     0  __scatter.o(!!!scatter)
    __decompress                             0x000002c1   Thumb Code    58  __dczerorl.o(!!dczerorl)
    __decompress0                            0x000002c1   Thumb Code     0  __dczerorl.o(!!dczerorl)
    __scatterload_zeroinit                   0x000002fd   Thumb Code    28  __scatter_zi.o(!!handler_zi)
    __rt_lib_init                            0x00000319   Thumb Code     0  libinit.o(.ARM.Collect$$libinit$$00000000)
    __rt_lib_init_alloca_1                   0x0000031b   Thumb Code     0  libinit2.o(.ARM.Collect$$libinit$$0000002C)
    __rt_lib_init_argv_1                     0x0000031b   Thumb Code     0  libinit2.o(.ARM.Collect$$libinit$$0000002A)
    __rt_lib_init_atexit_1                   0x0000031b   Thumb Code     0  libinit2.o(.ARM.Collect$$libinit$$00000019)
    __rt_lib_init_clock_1                    0x0000031b   Thumb Code     0  libinit2.o(.ARM.Collect$$libinit$$0000001F)
    __rt_lib_init_cpp_1                      0x0000031b   Thumb Code     0  libinit2.o(.ARM.Collect$$libinit$$00000030)
    __rt_lib_init_exceptions_1               0x0000031b   Thumb Code     0  libinit2.o(.ARM.Collect$$libinit$$0000002E)
    __rt_lib_init_fp_1                       0x0000031b   Thumb Code     0  libinit2.o(.ARM.Collect$$libinit$$00000002)
    __rt_lib_init_fp_trap_1                  0x0000031b   Thumb Code     0  libinit2.o(.ARM.Collect$$libinit$$0000001D)
    __rt_lib_init_getenv_1                   0x0000031b   Thumb Code     0  libinit2.o(.ARM.Collect$$libinit$$00000021)
    __rt_lib_init_heap_1                     0x0000031b   Thumb Code     0  libinit2.o(.ARM.Collect$$libinit$$00000008)
    __rt_lib_init_lc_collate_1               0x0000031b   Thumb Code     0  libinit2.o(.ARM.Collect$$libinit$$0000000F)
    __rt_lib_init_lc_ctype_1                 0x0000031b   Thumb Code     0  libinit2.o(.ARM.Collect$$libinit$$00000011)
    __rt_lib_init_lc_monetary_1              0x0000031b   Thumb Code     0  libinit2.o(.ARM.Collect$$libinit$$00000013)
    __rt_lib_init_lc_numeric_1               0x0000031b   Thumb Code     0  libinit2.o(.ARM.Collect$$libinit$$00000015)
    __rt_lib_init_lc_time_1                  0x0000031b   Thumb Code     0  libinit2.o(.ARM.Collect$$libinit$$00000017)
    __rt_lib_init_rand_1                     0x0000031b   Thumb Code     0  libinit2.o(.ARM.Collect$$libinit$$0000000C)
    __rt_lib_init_return                     0x0000031b   Thumb Code     0  libinit2.o(.ARM.Collect$$libinit$$00000031)
    __rt_lib_init_signal_1                   0x0000031b   Thumb Code     0  libinit2.o(.ARM.Collect$$libinit$$0000001B)
    __rt_lib_init_stdio_1                    0x0000031b   Thumb Code     0  libinit2.o(.ARM.Collect$$libinit$$00000023)
    __rt_lib_init_user_alloc_1               0x0000031b   Thumb Code     0  libinit2.o(.ARM.Collect$$libinit$$0000000A)
    __rt_lib_shutdown                        0x0000031d   Thumb Code     0  libshutdown.o(.ARM.Collect$$libshutdown$$00000000)
    __rt_lib_shutdown_fp_trap_1              0x0000031f   Thumb Code     0  libshutdown2.o(.ARM.Collect$$libshutdown$$00000006)
    __rt_lib_shutdown_heap_1                 0x0000031f   Thumb Code     0  libshutdown2.o(.ARM.Collect$$libshutdown$$0000000E)
    __rt_lib_shutdown_return                 0x0000031f   Thumb Code     0  libshutdown2.o(.ARM.Collect$$libshutdown$$0000000F)
    __rt_lib_shutdown_signal_1               0x0000031f   Thumb Code     0  libshutdown2.o(.ARM.Collect$$libshutdown$$00000009)
    __rt_lib_shutdown_stdio_1                0x0000031f   Thumb Code     0  libshutdown2.o(.ARM.Collect$$libshutdown$$00000003)
    __rt_lib_shutdown_user_alloc_1           0x0000031f   Thumb Code     0  libshutdown2.o(.ARM.Collect$$libshutdown$$0000000B)
    __rt_entry                               0x00000321   Thumb Code     0  rtentry.o(.ARM.Collect$$rtentry$$00000000)
    __rt_entry_presh_1                       0x00000321   Thumb Code     0  rtentry2.o(.ARM.Collect$$rtentry$$00000002)
    __rt_entry_sh                            0x00000321   Thumb Code     0  rtentry4.o(.ARM.Collect$$rtentry$$00000004)
    __rt_entry_li                            0x00000327   Thumb Code     0  rtentry2.o(.ARM.Collect$$rtentry$$0000000A)
    __rt_entry_postsh_1                      0x00000327   Thumb Code     0  rtentry2.o(.ARM.Collect$$rtentry$$00000009)
    __rt_entry_main                          0x0000032b   Thumb Code     0  rtentry2.o(.ARM.Collect$$rtentry$$0000000D)
    __rt_entry_postli_1                      0x0000032b   Thumb Code     0  rtentry2.o(.ARM.Collect$$rtentry$$0000000C)
    __rt_exit                                0x00000333   Thumb Code     0  rtexit.o(.ARM.Collect$$rtexit$$00000000)
    __rt_exit_ls                             0x00000335   Thumb Code     0  rtexit2.o(.ARM.Collect$$rtexit$$00000003)
    __rt_exit_prels_1                        0x00000335   Thumb Code     0  rtexit2.o(.ARM.Collect$$rtexit$$00000002)
    __rt_exit_exit                           0x00000339   Thumb Code     0  rtexit2.o(.ARM.Collect$$rtexit$$00000004)
    DisableInterrupts                        0x00000341   Thumb Code     0  startup.o(.text)
    EnableInterrupts                         0x00000345   Thumb Code     0  startup.o(.text)
    StartCritical                            0x00000349   Thumb Code     0  startup.o(.text)
    EndCritical                              0x00000351   Thumb Code     0  startup.o(.text)
    WaitForInterrupt                         0x00000357   Thumb Code     0  startup.o(.text)
    __user_initial_stackheap                 0x0000035b   Thumb Code     0  startup.o(.text)
    OS_Launch                                0x00000373   Thumb Code     0  osasm.o(.text)
    SysTick_Handler                          0x0000039d   Thumb Code     0  osasm.o(.text)
    PendSV_Handler                           0x00000417   Thumb Code     0  osasm.o(.text)
    PID_stm32                                0x000004a1   Thumb Code     0  pid_stm32.o(.text)
    cr4_fft_64_stm32                         0x000004e9   Thumb Code     0  cr4_fft_64_stm32.o(.text)
    strcmp                                   0x000007b9   Thumb Code   128  strcmpv7m.o(.text)
    __use_two_region_memory                  0x00000839   Thumb Code     2  heapauxi.o(.text)
    __rt_heap_escrow$2region                 0x0000083b   Thumb Code     2  heapauxi.o(.text)
    __rt_heap_expand$2region                 0x0000083d   Thumb Code     2  heapauxi.o(.text)
    __user_setup_stackheap                   0x0000083f   Thumb Code    74  sys_stackheap_outer.o(.text)
    exit                                     0x00000889   Thumb Code    12  exit.o(.text)
    __user_libspace                          0x00000895   Thumb Code     8  libspace.o(.text)
    __user_perproc_libspace                  0x00000895   Thumb Code     0  libspace.o(.text)
    __user_perthread_libspace                0x00000895   Thumb Code     0  libspace.o(.text)
    _sys_exit                                0x0000089d   Thumb Code     8  sys_exit.o(.text)
    __I$use$semihosting                      0x000008a9   Thumb Code     0  use_no_semi.o(.text)
    __use_no_semihosting_swi                 0x000008a9   Thumb Code     2  use_no_semi.o(.text)
    __semihosting_library_function           0x000008ab   Thumb Code     0  indicate_semi.o(.text)
    ADC0Seq3_Handler                         0x000008ad   Thumb Code    16  adc.o(i.ADC0Seq3_Handler)
    ADC_ChangeSampleRateHz                   0x000008c9   Thumb Code    64  adc.o(i.ADC_ChangeSampleRateHz)
    ADC_Collect                              0x00000915   Thumb Code    84  adc.o(i.ADC_Collect)
    ADC_CurrentChannel                       0x0000096d   Thumb Code     6  adc.o(i.ADC_CurrentChannel)
    ADC_In                                   0x00000979   Thumb Code    26  adc.o(i.ADC_In)
    ADC_Init                                 0x0000099d   Thumb Code   430  adc.o(i.ADC_Init)
    ADC_Open                                 0x00000b85   Thumb Code    48  adc.o(i.ADC_Open)
    Board_Init                               0x00000bb9   Thumb Code   240  switch.o(i.Board_Init)
    ButtonWork                               0x00000ce1   Thumb Code   112  lab2.o(i.ButtonWork)
    Consumer                                 0x00000da5   Thumb Code   118  lab2.o(i.Consumer)
    DAS                                      0x00000e39   Thumb Code   172  lab2.o(i.DAS)
    Delay1ms                                 0x00000f01   Thumb Code    32  st7735.o(i.Delay1ms)
    Display                                  0x00000f21   Thumb Code    76  lab2.o(i.Display)
    Filter                                   0x00000f8d   Thumb Code   186  lab2.o(i.Filter)
    GPIOPortF_Handler                        0x00001055   Thumb Code    16  switch.o(i.GPIOPortF_Handler)
    Heap_Free                                0x0000106d   Thumb Code   140  heap.o(i.Heap_Free)
    Heap_Init                                0x000010fd   Thumb Code    14  heap.o(i.Heap_Init)
    Heap_Malloc                              0x00001119   Thumb Code    78  heap.o(i.Heap_Malloc)
    Interpreter                              0x0000116d   Thumb Code     8  lab2.o(i.Interpreter)
    Interpreter_CommandLine                  0x00001175   Thumb Code    16  interpreter.o(i.Interpreter_CommandLine)
    OS_AddPeriodicThread                     0x00001185   Thumb Code    28  os.o(i.OS_AddPeriodicThread)
    OS_AddSW1Task                            0x000011a1   Thumb Code    28  os.o(i.OS_AddSW1Task)
    OS_AddThread                             0x000011bd   Thumb Code   252  os.o(i.OS_AddThread)
    OS_ClearMsTime                           0x000012cd   Thumb Code     2  os.o(i.OS_ClearMsTime)
    OS_Fifo_Get                              0x000012d1   Thumb Code    38  os.o(i.OS_Fifo_Get)
    OS_Fifo_Init                             0x00001305   Thumb Code    34  os.o(i.OS_Fifo_Init)
    OS_Fifo_Put                              0x00001335   Thumb Code    16  os.o(i.OS_Fifo_Put)
    OS_Id                                    0x00001345   Thumb Code    10  os.o(i.OS_Id)
    OS_Init                                  0x00001355   Thumb Code    58  os.o(i.OS_Init)
    OS_InitSemaphore                         0x00001399   Thumb Code     4  os.o(i.OS_InitSemaphore)
    OS_Kill                                  0x0000139d   Thumb Code    16  os.o(i.OS_Kill)
    OS_MailBox_Init                          0x000013b1   Thumb Code    20  os.o(i.OS_MailBox_Init)
    OS_MailBox_Recv                          0x000013cd   Thumb Code    22  os.o(i.OS_MailBox_Recv)
    OS_MailBox_Send                          0x000013f1   Thumb Code    22  os.o(i.OS_MailBox_Send)
    OS_MsTime                                0x00001415   Thumb Code    14  os.o(i.OS_MsTime)
    OS_RemoveCurrentThread                   0x00001429   Thumb Code   136  os.o(i.OS_RemoveCurrentThread)
    OS_Signal                                0x000014c5   Thumb Code     8  os.o(i.OS_Signal)
    OS_Sleep                                 0x000014cd   Thumb Code    44  os.o(i.OS_Sleep)
    OS_SleepCheck                            0x000014fd   Thumb Code    50  os.o(i.OS_SleepCheck)
    OS_Suspend                               0x00001531   Thumb Code    14  os.o(i.OS_Suspend)
    OS_Time                                  0x00001545   Thumb Code   124  os.o(i.OS_Time)
    OS_TimeDifference                        0x000015dd   Thumb Code    18  os.o(i.OS_TimeDifference)
    OS_Wait                                  0x000015ef   Thumb Code    40  os.o(i.OS_Wait)
    OS_bSignal                               0x00001617   Thumb Code    22  os.o(i.OS_bSignal)
    OS_bWait                                 0x0000162d   Thumb Code    38  os.o(i.OS_bWait)
    OutCRLF                                  0x00001653   Thumb Code    16  uart.o(i.OutCRLF)
    PID                                      0x00001665   Thumb Code    96  lab2.o(i.PID)
    PLL_Init                                 0x000016e1   Thumb Code   118  pll.o(i.PLL_Init)
    PortE_Init                               0x0000175d   Thumb Code    88  lab2.o(i.PortE_Init)
    Producer                                 0x000017d1   Thumb Code    44  lab2.o(i.Producer)
    RxFifo_Get                               0x00001805   Thumb Code    46  uart.o(i.RxFifo_Get)
    RxFifo_Init                              0x00001841   Thumb Code    26  uart.o(i.RxFifo_Init)
    RxFifo_Put                               0x00001865   Thumb Code    48  uart.o(i.RxFifo_Put)
    RxFifo_Size                              0x000018a1   Thumb Code    14  uart.o(i.RxFifo_Size)
    ST7735_DrawCharS                         0x000018b9   Thumb Code   232  st7735.o(i.ST7735_DrawCharS)
    ST7735_DrawPixel                         0x000019ad   Thumb Code    68  st7735.o(i.ST7735_DrawPixel)
    ST7735_DrawString                        0x000019f9   Thumb Code    84  st7735.o(i.ST7735_DrawString)
    ST7735_FillRect                          0x00001a4d   Thumb Code   164  st7735.o(i.ST7735_FillRect)
    ST7735_FillScreen                        0x00001af9   Thumb Code    28  st7735.o(i.ST7735_FillScreen)
    ST7735_InitR                             0x00001b1d   Thumb Code   102  st7735.o(i.ST7735_InitR)
    ST7735_Message                           0x00001ba5   Thumb Code    64  st7735.o(i.ST7735_Message)
    ST7735_OutChar                           0x00001be5   Thumb Code   176  st7735.o(i.ST7735_OutChar)
    ST7735_OutString                         0x00001cb9   Thumb Code    22  st7735.o(i.ST7735_OutString)
    ST7735_OutUDec                           0x00001cd1   Thumb Code   118  st7735.o(i.ST7735_OutUDec)
    ST7735_SetCursor                         0x00001d5d   Thumb Code    22  st7735.o(i.ST7735_SetCursor)
    SW1Push                                  0x00001d7d   Thumb Code    38  lab2.o(i.SW1Push)
    SysTick_Init                             0x00001dad   Thumb Code    66  systickints.o(i.SysTick_Init)
    Timer1A_Handler                          0x00001df5   Thumb Code    18  timer1a.o(i.Timer1A_Handler)
    Timer1A_Init                             0x00001e11   Thumb Code    82  timer1a.o(i.Timer1A_Init)
    Timer3A_Handler                          0x00001e75   Thumb Code    26  timer3a.o(i.Timer3A_Handler)
    Timer3A_Init                             0x00001e9d   Thumb Code    84  timer3a.o(i.Timer3A_Init)
    TmailFifo_Get                            0x00001f05   Thumb Code    46  os.o(i.TmailFifo_Get)
    TmailFifo_Init                           0x00001f41   Thumb Code    26  os.o(i.TmailFifo_Init)
    TmailFifo_Put                            0x00001f65   Thumb Code    48  os.o(i.TmailFifo_Put)
    TxFifo_Get                               0x00001fa1   Thumb Code    46  uart.o(i.TxFifo_Get)
    TxFifo_Init                              0x00001fdd   Thumb Code    26  uart.o(i.TxFifo_Init)
    TxFifo_Put                               0x00002001   Thumb Code    48  uart.o(i.TxFifo_Put)
    TxFifo_Size                              0x0000203d   Thumb Code    14  uart.o(i.TxFifo_Size)
    UART0_Handler                            0x00002055   Thumb Code    82  uart.o(i.UART0_Handler)
    UART_InChar                              0x000020ad   Thumb Code    20  uart.o(i.UART_InChar)
    UART_InString                            0x000020c1   Thumb Code    70  uart.o(i.UART_InString)
    UART_InUDec                              0x00002107   Thumb Code    76  uart.o(i.UART_InUDec)
    UART_Init                                0x00002155   Thumb Code   200  uart.o(i.UART_Init)
    UART_OutChar                             0x0000223d   Thumb Code    46  uart.o(i.UART_OutChar)
    UART_OutString                           0x00002271   Thumb Code    22  uart.o(i.UART_OutString)
    UART_OutUDec                             0x00002287   Thumb Code    42  uart.o(i.UART_OutUDec)
    fillmessage                              0x0000254d   Thumb Code    64  st7735.o(i.fillmessage)
    main                                     0x000025b5   Thumb Code   136  lab2.o(i.main)
    promptCommand                            0x0000270d   Thumb Code    88  interpreter.o(i.promptCommand)
    serviceCommand                           0x0000278d   Thumb Code   472  interpreter.o(i.serviceCommand)
    __aeabi_dadd                             0x00002b41   Thumb Code     0  daddsub_clz.o(x$fpl$dadd)
    _dadd                                    0x00002b41   Thumb Code   332  daddsub_clz.o(x$fpl$dadd)
    __aeabi_d2iz                             0x00002c91   Thumb Code     0  dfix.o(x$fpl$dfix)
    _dfix                                    0x00002c91   Thumb Code    94  dfix.o(x$fpl$dfix)
    __aeabi_i2d                              0x00002cef   Thumb Code     0  dflt_clz.o(x$fpl$dflt)
    _dflt                                    0x00002cef   Thumb Code    46  dflt_clz.o(x$fpl$dflt)
    __aeabi_ui2d                             0x00002d1d   Thumb Code     0  dflt_clz.o(x$fpl$dfltu)
    _dfltu                                   0x00002d1d   Thumb Code    38  dflt_clz.o(x$fpl$dfltu)
    __aeabi_dmul                             0x00002d45   Thumb Code     0  dmul.o(x$fpl$dmul)
    _dmul                                    0x00002d45   Thumb Code   332  dmul.o(x$fpl$dmul)
    __fpl_dnaninf                            0x00002e99   Thumb Code   156  dnaninf.o(x$fpl$dnaninf)
    __fpl_dretinf                            0x00002f35   Thumb Code    12  dretinf.o(x$fpl$dretinf)
    __aeabi_dsub                             0x00002f41   Thumb Code     0  daddsub_clz.o(x$fpl$dsub)
    _dsub                                    0x00002f41   Thumb Code   464  daddsub_clz.o(x$fpl$dsub)
    __I$use$fp                               0x00003114   Number         0  usenofp.o(x$fpl$usenofp)
    dBfs                                     0x000036f6   Data         512  st7735.o(.constdata)
    Region$$Table$$Base                      0x000038f8   Number         0  anon$$obj.o(Region$$Table)
    Region$$Table$$Limit                     0x00003918   Number         0  anon$$obj.o(Region$$Table)
    samples                                  0x20000000   Data           4  adc.o(.data)
    totalSamples                             0x20000004   Data           4  adc.o(.data)
    collectDone                              0x20000008   Data           4  adc.o(.data)
    ADCvalue                                 0x2000000c   Data           4  adc.o(.data)
    ci                                       0x20000010   Data           4  os.o(.data)
    numThreads                               0x20000014   Data           4  os.o(.data)
    SysTickPeriod                            0x20000018   Data           4  os.o(.data)
    dumpti                                   0x2000001c   Data           4  os.o(.data)
    RmailPutI                                0x20000020   Data           4  os.o(.data)
    RmailGetI                                0x20000024   Data           4  os.o(.data)
    TmailPutI                                0x20000028   Data           4  os.o(.data)
    TmailGetI                                0x2000002c   Data           4  os.o(.data)
    TmailFifoLock                            0x20000030   Data           4  os.o(.data)
    RmailFifoLock                            0x20000034   Data           4  os.o(.data)
    RunPt                                    0x20000038   Data           4  os.o(.data)
    NodePt                                   0x2000003c   Data           4  os.o(.data)
    head                                     0x20000040   Data           4  os.o(.data)
    tail                                     0x20000044   Data           4  os.o(.data)
    periodicInterruptCount                   0x20000048   Data           4  os.o(.data)
    rtCounter                                0x2000004c   Data           4  os.o(.data)
    RTC                                      0x20000050   Data           4  os.o(.data)
    DataValid                                0x20000054   Data           4  os.o(.data)
    BoxFree                                  0x20000058   Data           4  os.o(.data)
    mailbox                                  0x2000005c   Data           4  os.o(.data)
    DataAvailable                            0x20000060   Data           4  os.o(.data)
    DataRoomLeft                             0x20000064   Data           4  os.o(.data)
    FifoAvailable                            0x20000068   Data           4  os.o(.data)
    currentTask                              0x2000006c   Data           4  os.o(.data)
    swTask                                   0x20000070   Data           4  os.o(.data)
    RxPutI                                   0x20000074   Data           4  uart.o(.data)
    RxGetI                                   0x20000078   Data           4  uart.o(.data)
    TxPutI                                   0x2000007c   Data           4  uart.o(.data)
    TxGetI                                   0x20000080   Data           4  uart.o(.data)
    txFifoLock                               0x20000084   Data           4  uart.o(.data)
    rxFifoLock                               0x20000088   Data           4  uart.o(.data)
    StX                                      0x2000008c   Data           4  st7735.o(.data)
    StY                                      0x20000090   Data           4  st7735.o(.data)
    StTextColor                              0x20000094   Data           2  st7735.o(.data)
    lastj                                    0x2000009c   Data           4  st7735.o(.data)
    Messageindex                             0x200000a4   Data           4  st7735.o(.data)
    Ymax                                     0x200000a8   Data           4  st7735.o(.data)
    Ymin                                     0x200000ac   Data           4  st7735.o(.data)
    X                                        0x200000b0   Data           4  st7735.o(.data)
    Yrange                                   0x200000b4   Data           4  st7735.o(.data)
    dumperi                                  0x200000b8   Data           4  lab2.o(.data)
    old                                      0x200000bc   Data           4  lab2.o(.data)
    active                                   0x200000c0   Data           4  lab2.o(.data)
    countSwitch                              0x200000c4   Data           4  lab2.o(.data)
    dumpi                                    0x200000c8   Data           4  lab2.o(.data)
    NumCreated                               0x200000dc   Data           4  lab2.o(.data)
    PIDWork                                  0x200000e0   Data           4  lab2.o(.data)
    FilterWork                               0x200000e4   Data           4  lab2.o(.data)
    NumSamples                               0x200000e8   Data           4  lab2.o(.data)
    DataLost                                 0x200000ec   Data           4  lab2.o(.data)
    MaxJitter                                0x200000f0   Data           4  lab2.o(.data)
    DASoutput                                0x200000f4   Data           4  lab2.o(.data)
    IntTerm                                  0x200000f8   Data           2  lab2.o(.data)
    PrevError                                0x200000fa   Data           2  lab2.o(.data)
    Coeff                                    0x200000fc   Data           6  lab2.o(.data)
    Actuator                                 0x20000102   Data           2  lab2.o(.data)
    Count1                                   0x20000104   Data           4  lab2.o(.data)
    Count2                                   0x20000108   Data           4  lab2.o(.data)
    Count3                                   0x2000010c   Data           4  lab2.o(.data)
    Count4                                   0x20000110   Data           4  lab2.o(.data)
    Count5                                   0x20000114   Data           4  lab2.o(.data)
    Readyc                                   0x20000118   Data           4  lab2.o(.data)
    Lost                                     0x2000011c   Data           4  lab2.o(.data)
    Readyd                                   0x20000120   Data           4  lab2.o(.data)
    CountA                                   0x20000124   Data           4  lab2.o(.data)
    CountB                                   0x20000128   Data           4  lab2.o(.data)
    s                                        0x2000012c   Data           4  lab2.o(.data)
    SignalCount1                             0x20000130   Data           4  lab2.o(.data)
    SignalCount2                             0x20000134   Data           4  lab2.o(.data)
    SignalCount3                             0x20000138   Data           4  lab2.o(.data)
    WaitCount1                               0x2000013c   Data           4  lab2.o(.data)
    WaitCount2                               0x20000140   Data           4  lab2.o(.data)
    WaitCount3                               0x20000144   Data           4  lab2.o(.data)
    PeriodicTask                             0x20000148   Data           4  timer3a.o(.data)
    SWTask                                   0x2000014c   Data           4  switch.o(.data)
    dumpt                                    0x20000170   Data         400  os.o(.bss)
    Message                                  0x20001a90   Data          12  st7735.o(.bss)
    JitterHistogram                          0x20001a9c   Data         256  lab2.o(.bss)
    x                                        0x20001bcc   Data         256  lab2.o(.bss)
    y                                        0x20001ccc   Data         256  lab2.o(.bss)
    dumper                                   0x20001dcc   Data         400  lab2.o(.bss)
    dump                                     0x20001f5c   Data         400  lab2.o(.bss)
    __libspace_start                         0x200020ec   Data          96  libspace.o(.bss)
    __temporary_stack_top$libspace           0x2000214c   Data           0  libspace.o(.bss)



==============================================================================

Memory Map of the image

  Image Entry point : 0x0000026d

  Load Region LR_1 (Base: 0x00000000, Size: 0x00003a68, Max: 0xffffffff, ABSOLUTE, COMPRESSED[0x00003924])

    Execution Region ER_RO (Base: 0x00000000, Size: 0x00003918, Max: 0xffffffff, ABSOLUTE)

    Base Addr    Size         Type   Attr      Idx    E Section Name        Object

    0x00000000   0x00000284   Code   RO            3  * RESET               startup.o
    0x00000284   0x00000008   Code   RO         1354  * !!!main             c_w.l(__main.o)
    0x0000028c   0x00000034   Code   RO         1533    !!!scatter          c_w.l(__scatter.o)
    0x000002c0   0x0000003a   Code   RO         1531    !!dczerorl          c_w.l(__dczerorl.o)
    0x000002fa   0x00000002   PAD
    0x000002fc   0x0000001c   Code   RO         1535    !!handler_zi        c_w.l(__scatter_zi.o)
    0x00000318   0x00000002   Code   RO         1404    .ARM.Collect$$libinit$$00000000  c_w.l(libinit.o)
    0x0000031a   0x00000000   Code   RO         1411    .ARM.Collect$$libinit$$00000002  c_w.l(libinit2.o)
    0x0000031a   0x00000000   Code   RO         1414    .ARM.Collect$$libinit$$00000008  c_w.l(libinit2.o)
    0x0000031a   0x00000000   Code   RO         1416    .ARM.Collect$$libinit$$0000000A  c_w.l(libinit2.o)
    0x0000031a   0x00000000   Code   RO         1418    .ARM.Collect$$libinit$$0000000C  c_w.l(libinit2.o)
    0x0000031a   0x00000000   Code   RO         1421    .ARM.Collect$$libinit$$0000000F  c_w.l(libinit2.o)
    0x0000031a   0x00000000   Code   RO         1423    .ARM.Collect$$libinit$$00000011  c_w.l(libinit2.o)
    0x0000031a   0x00000000   Code   RO         1425    .ARM.Collect$$libinit$$00000013  c_w.l(libinit2.o)
    0x0000031a   0x00000000   Code   RO         1427    .ARM.Collect$$libinit$$00000015  c_w.l(libinit2.o)
    0x0000031a   0x00000000   Code   RO         1429    .ARM.Collect$$libinit$$00000017  c_w.l(libinit2.o)
    0x0000031a   0x00000000   Code   RO         1431    .ARM.Collect$$libinit$$00000019  c_w.l(libinit2.o)
    0x0000031a   0x00000000   Code   RO         1433    .ARM.Collect$$libinit$$0000001B  c_w.l(libinit2.o)
    0x0000031a   0x00000000   Code   RO         1435    .ARM.Collect$$libinit$$0000001D  c_w.l(libinit2.o)
    0x0000031a   0x00000000   Code   RO         1437    .ARM.Collect$$libinit$$0000001F  c_w.l(libinit2.o)
    0x0000031a   0x00000000   Code   RO         1439    .ARM.Collect$$libinit$$00000021  c_w.l(libinit2.o)
    0x0000031a   0x00000000   Code   RO         1441    .ARM.Collect$$libinit$$00000023  c_w.l(libinit2.o)
    0x0000031a   0x00000000   Code   RO         1445    .ARM.Collect$$libinit$$0000002A  c_w.l(libinit2.o)
    0x0000031a   0x00000000   Code   RO         1447    .ARM.Collect$$libinit$$0000002C  c_w.l(libinit2.o)
    0x0000031a   0x00000000   Code   RO         1449    .ARM.Collect$$libinit$$0000002E  c_w.l(libinit2.o)
    0x0000031a   0x00000000   Code   RO         1451    .ARM.Collect$$libinit$$00000030  c_w.l(libinit2.o)
    0x0000031a   0x00000002   Code   RO         1452    .ARM.Collect$$libinit$$00000031  c_w.l(libinit2.o)
    0x0000031c   0x00000002   Code   RO         1472    .ARM.Collect$$libshutdown$$00000000  c_w.l(libshutdown.o)
    0x0000031e   0x00000000   Code   RO         1486    .ARM.Collect$$libshutdown$$00000003  c_w.l(libshutdown2.o)
    0x0000031e   0x00000000   Code   RO         1489    .ARM.Collect$$libshutdown$$00000006  c_w.l(libshutdown2.o)
    0x0000031e   0x00000000   Code   RO         1492    .ARM.Collect$$libshutdown$$00000009  c_w.l(libshutdown2.o)
    0x0000031e   0x00000000   Code   RO         1494    .ARM.Collect$$libshutdown$$0000000B  c_w.l(libshutdown2.o)
    0x0000031e   0x00000000   Code   RO         1497    .ARM.Collect$$libshutdown$$0000000E  c_w.l(libshutdown2.o)
    0x0000031e   0x00000002   Code   RO         1498    .ARM.Collect$$libshutdown$$0000000F  c_w.l(libshutdown2.o)
    0x00000320   0x00000000   Code   RO         1374    .ARM.Collect$$rtentry$$00000000  c_w.l(rtentry.o)
    0x00000320   0x00000000   Code   RO         1381    .ARM.Collect$$rtentry$$00000002  c_w.l(rtentry2.o)
    0x00000320   0x00000006   Code   RO         1393    .ARM.Collect$$rtentry$$00000004  c_w.l(rtentry4.o)
    0x00000326   0x00000000   Code   RO         1383    .ARM.Collect$$rtentry$$00000009  c_w.l(rtentry2.o)
    0x00000326   0x00000004   Code   RO         1384    .ARM.Collect$$rtentry$$0000000A  c_w.l(rtentry2.o)
    0x0000032a   0x00000000   Code   RO         1386    .ARM.Collect$$rtentry$$0000000C  c_w.l(rtentry2.o)
    0x0000032a   0x00000008   Code   RO         1387    .ARM.Collect$$rtentry$$0000000D  c_w.l(rtentry2.o)
    0x00000332   0x00000002   Code   RO         1408    .ARM.Collect$$rtexit$$00000000  c_w.l(rtexit.o)
    0x00000334   0x00000000   Code   RO         1454    .ARM.Collect$$rtexit$$00000002  c_w.l(rtexit2.o)
    0x00000334   0x00000004   Code   RO         1455    .ARM.Collect$$rtexit$$00000003  c_w.l(rtexit2.o)
    0x00000338   0x00000006   Code   RO         1456    .ARM.Collect$$rtexit$$00000004  c_w.l(rtexit2.o)
    0x0000033e   0x00000002   PAD
    0x00000340   0x00000030   Code   RO            4    .text               startup.o
    0x00000370   0x00000130   Code   RO           34    .text               osasm.o
    0x000004a0   0x00000048   Code   RO         1278    .text               pid_stm32.o
    0x000004e8   0x000002ce   Code   RO         1281    .text               cr4_fft_64_stm32.o
    0x000007b6   0x00000002   PAD
    0x000007b8   0x00000080   Code   RO         1350    .text               c_w.l(strcmpv7m.o)
    0x00000838   0x00000006   Code   RO         1352    .text               c_w.l(heapauxi.o)
    0x0000083e   0x0000004a   Code   RO         1395    .text               c_w.l(sys_stackheap_outer.o)
    0x00000888   0x0000000c   Code   RO         1397    .text               c_w.l(exit.o)
    0x00000894   0x00000008   Code   RO         1405    .text               c_w.l(libspace.o)
    0x0000089c   0x0000000c   Code   RO         1464    .text               c_w.l(sys_exit.o)
    0x000008a8   0x00000002   Code   RO         1475    .text               c_w.l(use_no_semi.o)
    0x000008aa   0x00000000   Code   RO         1477    .text               c_w.l(indicate_semi.o)
    0x000008aa   0x00000002   PAD
    0x000008ac   0x0000001c   Code   RO           37    i.ADC0Seq3_Handler  adc.o
    0x000008c8   0x0000004c   Code   RO           38    i.ADC_ChangeSampleRateHz  adc.o
    0x00000914   0x00000058   Code   RO           40    i.ADC_Collect       adc.o
    0x0000096c   0x0000000c   Code   RO           41    i.ADC_CurrentChannel  adc.o
    0x00000978   0x00000024   Code   RO           42    i.ADC_In            adc.o
    0x0000099c   0x000001e8   Code   RO           43    i.ADC_Init          adc.o
    0x00000b84   0x00000034   Code   RO           45    i.ADC_Open          adc.o
    0x00000bb8   0x00000128   Code   RO         1306    i.Board_Init        switch.o
    0x00000ce0   0x000000c4   Code   RO          948    i.ButtonWork        lab2.o
    0x00000da4   0x00000094   Code   RO          949    i.Consumer          lab2.o
    0x00000e38   0x000000c8   Code   RO          950    i.DAS               lab2.o
    0x00000f00   0x00000020   Code   RO          664    i.Delay1ms          st7735.o
    0x00000f20   0x0000006c   Code   RO          951    i.Display           lab2.o
    0x00000f8c   0x000000c8   Code   RO          952    i.Filter            lab2.o
    0x00001054   0x00000018   Code   RO         1307    i.GPIOPortF_Handler  switch.o
    0x0000106c   0x00000090   Code   RO          555    i.Heap_Free         heap.o
    0x000010fc   0x0000001c   Code   RO          556    i.Heap_Init         heap.o
    0x00001118   0x00000054   Code   RO          557    i.Heap_Malloc       heap.o
    0x0000116c   0x00000008   Code   RO          953    i.Interpreter       lab2.o
    0x00001174   0x00000010   Code   RO          107    i.Interpreter_CommandLine  interpreter.o
    0x00001184   0x0000001c   Code   RO          150    i.OS_AddPeriodicThread  os.o
    0x000011a0   0x0000001c   Code   RO          151    i.OS_AddSW1Task     os.o
    0x000011bc   0x00000110   Code   RO          152    i.OS_AddThread      os.o
    0x000012cc   0x00000002   Code   RO          153    i.OS_ClearMsTime    os.o
    0x000012ce   0x00000002   PAD
    0x000012d0   0x00000034   Code   RO          155    i.OS_Fifo_Get       os.o
    0x00001304   0x00000030   Code   RO          156    i.OS_Fifo_Init      os.o
    0x00001334   0x00000010   Code   RO          157    i.OS_Fifo_Put       os.o
    0x00001344   0x00000010   Code   RO          158    i.OS_Id             os.o
    0x00001354   0x00000044   Code   RO          159    i.OS_Init           os.o
    0x00001398   0x00000004   Code   RO          160    i.OS_InitSemaphore  os.o
    0x0000139c   0x00000014   Code   RO          161    i.OS_Kill           os.o
    0x000013b0   0x0000001c   Code   RO          162    i.OS_MailBox_Init   os.o
    0x000013cc   0x00000024   Code   RO          163    i.OS_MailBox_Recv   os.o
    0x000013f0   0x00000024   Code   RO          164    i.OS_MailBox_Send   os.o
    0x00001414   0x00000014   Code   RO          165    i.OS_MsTime         os.o
    0x00001428   0x0000009c   Code   RO          167    i.OS_RemoveCurrentThread  os.o
    0x000014c4   0x00000008   Code   RO          168    i.OS_Signal         os.o
    0x000014cc   0x00000030   Code   RO          169    i.OS_Sleep          os.o
    0x000014fc   0x00000032   Code   RO          170    i.OS_SleepCheck     os.o
    0x0000152e   0x00000002   PAD
    0x00001530   0x00000014   Code   RO          172    i.OS_Suspend        os.o
    0x00001544   0x00000098   Code   RO          173    i.OS_Time           os.o
    0x000015dc   0x00000012   Code   RO          174    i.OS_TimeDifference  os.o
    0x000015ee   0x00000028   Code   RO          175    i.OS_Wait           os.o
    0x00001616   0x00000016   Code   RO          176    i.OS_bSignal        os.o
    0x0000162c   0x00000026   Code   RO          177    i.OS_bWait          os.o
    0x00001652   0x00000010   Code   RO          414    i.OutCRLF           uart.o
    0x00001662   0x00000002   PAD
    0x00001664   0x0000007c   Code   RO          956    i.PID               lab2.o
    0x000016e0   0x0000007c   Code   RO           12    i.PLL_Init          pll.o
    0x0000175c   0x00000074   Code   RO          957    i.PortE_Init        lab2.o
    0x000017d0   0x00000034   Code   RO          959    i.Producer          lab2.o
    0x00001804   0x0000003c   Code   RO          415    i.RxFifo_Get        uart.o
    0x00001840   0x00000024   Code   RO          416    i.RxFifo_Init       uart.o
    0x00001864   0x0000003c   Code   RO          417    i.RxFifo_Put        uart.o
    0x000018a0   0x00000018   Code   RO          418    i.RxFifo_Size       uart.o
    0x000018b8   0x000000f4   Code   RO          673    i.ST7735_DrawCharS  st7735.o
    0x000019ac   0x0000004c   Code   RO          676    i.ST7735_DrawPixel  st7735.o
    0x000019f8   0x00000054   Code   RO          677    i.ST7735_DrawString  st7735.o
    0x00001a4c   0x000000ac   Code   RO          678    i.ST7735_FillRect   st7735.o
    0x00001af8   0x00000024   Code   RO          679    i.ST7735_FillScreen  st7735.o
    0x00001b1c   0x00000088   Code   RO          681    i.ST7735_InitR      st7735.o
    0x00001ba4   0x00000040   Code   RO          683    i.ST7735_Message    st7735.o
    0x00001be4   0x000000d4   Code   RO          684    i.ST7735_OutChar    st7735.o
    0x00001cb8   0x00000016   Code   RO          685    i.ST7735_OutString  st7735.o
    0x00001cce   0x00000002   PAD
    0x00001cd0   0x0000008c   Code   RO          686    i.ST7735_OutUDec    st7735.o
    0x00001d5c   0x00000020   Code   RO          695    i.ST7735_SetCursor  st7735.o
    0x00001d7c   0x00000030   Code   RO          961    i.SW1Push           lab2.o
    0x00001dac   0x00000048   Code   RO          402    i.SysTick_Init      systickints.o
    0x00001df4   0x0000001c   Code   RO         1327    i.Timer1A_Handler   timer1a.o
    0x00001e10   0x00000064   Code   RO         1328    i.Timer1A_Init      timer1a.o
    0x00001e74   0x00000028   Code   RO         1284    i.Timer3A_Handler   timer3a.o
    0x00001e9c   0x00000068   Code   RO         1285    i.Timer3A_Init      timer3a.o
    0x00001f04   0x0000003c   Code   RO          182    i.TmailFifo_Get     os.o
    0x00001f40   0x00000024   Code   RO          183    i.TmailFifo_Init    os.o
    0x00001f64   0x0000003c   Code   RO          184    i.TmailFifo_Put     os.o
    0x00001fa0   0x0000003c   Code   RO          419    i.TxFifo_Get        uart.o
    0x00001fdc   0x00000024   Code   RO          420    i.TxFifo_Init       uart.o
    0x00002000   0x0000003c   Code   RO          421    i.TxFifo_Put        uart.o
    0x0000203c   0x00000018   Code   RO          422    i.TxFifo_Size       uart.o
    0x00002054   0x00000058   Code   RO          423    i.UART0_Handler     uart.o
    0x000020ac   0x00000014   Code   RO          424    i.UART_InChar       uart.o
    0x000020c0   0x00000046   Code   RO          425    i.UART_InString     uart.o
    0x00002106   0x0000004c   Code   RO          426    i.UART_InUDec       uart.o
    0x00002152   0x00000002   PAD
    0x00002154   0x000000e8   Code   RO          428    i.UART_Init         uart.o
    0x0000223c   0x00000034   Code   RO          429    i.UART_OutChar      uart.o
    0x00002270   0x00000016   Code   RO          430    i.UART_OutString    uart.o
    0x00002286   0x0000002a   Code   RO          431    i.UART_OutUDec      uart.o
    0x000022b0   0x00000012   Code   RO          561    i.blockHeader       heap.o
    0x000022c2   0x00000012   Code   RO          562    i.blockRoom         heap.o
    0x000022d4   0x00000012   Code   RO          563    i.blockTrailer      heap.o
    0x000022e6   0x00000008   Code   RO          564    i.blockUnused       heap.o
    0x000022ee   0x00000010   Code   RO          565    i.blockUsed         heap.o
    0x000022fe   0x00000056   Code   RO          699    i.commandList       st7735.o
    0x00002354   0x00000184   Code   RO          700    i.commonInit        st7735.o
    0x000024d8   0x00000038   Code   RO          433    i.copyHardwareToSoftware  uart.o
    0x00002510   0x0000003c   Code   RO          434    i.copySoftwareToHardware  uart.o
    0x0000254c   0x00000048   Code   RO          703    i.fillmessage       st7735.o
    0x00002594   0x00000020   Code   RO          566    i.inHeapRange       heap.o
    0x000025b4   0x000000b0   Code   RO          992    i.main              lab2.o
    0x00002664   0x00000030   Code   RO          567    i.markBlockUnused   heap.o
    0x00002694   0x00000030   Code   RO          568    i.markBlockUsed     heap.o
    0x000026c4   0x0000002e   Code   RO          569    i.mergeBlockWithBelow  heap.o
    0x000026f2   0x0000000e   Code   RO          570    i.nextBlockHeader   heap.o
    0x00002700   0x0000000c   Code   RO          571    i.previousBlockHeader  heap.o
    0x0000270c   0x0000006c   Code   RO          108    i.promptCommand     interpreter.o
    0x00002778   0x00000012   Code   RO          705    i.pushColor         st7735.o
    0x0000278a   0x00000002   PAD
    0x0000278c   0x000002a4   Code   RO          109    i.serviceCommand    interpreter.o
    0x00002a30   0x00000074   Code   RO          706    i.setAddrWindow     st7735.o
    0x00002aa4   0x0000004c   Code   RO          572    i.splitAndMarkBlockUsed  heap.o
    0x00002af0   0x00000030   Code   RO          707    i.writecommand      st7735.o
    0x00002b20   0x00000020   Code   RO          708    i.writedata         st7735.o
    0x00002b40   0x00000150   Code   RO         1356    x$fpl$dadd          fz_ws.l(daddsub_clz.o)
    0x00002c90   0x0000005e   Code   RO         1362    x$fpl$dfix          fz_ws.l(dfix.o)
    0x00002cee   0x0000002e   Code   RO         1367    x$fpl$dflt          fz_ws.l(dflt_clz.o)
    0x00002d1c   0x00000026   Code   RO         1366    x$fpl$dfltu         fz_ws.l(dflt_clz.o)
    0x00002d42   0x00000002   PAD
    0x00002d44   0x00000154   Code   RO         1372    x$fpl$dmul          fz_ws.l(dmul.o)
    0x00002e98   0x0000009c   Code   RO         1375    x$fpl$dnaninf       fz_ws.l(dnaninf.o)
    0x00002f34   0x0000000c   Code   RO         1377    x$fpl$dretinf       fz_ws.l(dretinf.o)
    0x00002f40   0x000001d4   Code   RO         1358    x$fpl$dsub          fz_ws.l(daddsub_clz.o)
    0x00003114   0x00000000   Code   RO         1379    x$fpl$usenofp       fz_ws.l(usenofp.o)
    0x00003114   0x000007e2   Data   RO          710    .constdata          st7735.o
    0x000038f6   0x00000002   PAD
    0x000038f8   0x00000020   Data   RO         1529    Region$$Table       anon$$obj.o


    Execution Region ER_RW (Base: 0x20000000, Size: 0x00000150, Max: 0xffffffff, ABSOLUTE, COMPRESSED[0x0000000c])

    Base Addr    Size         Type   Attr      Idx    E Section Name        Object

    0x20000000   0x00000010   Data   RW           47    .data               adc.o
    0x20000010   0x00000064   Data   RW          188    .data               os.o
    0x20000074   0x00000018   Data   RW          437    .data               uart.o
    0x2000008c   0x0000002c   Data   RW          711    .data               st7735.o
    0x200000b8   0x00000090   Data   RW          999    .data               lab2.o
    0x20000148   0x00000004   Data   RW         1286    .data               timer3a.o
    0x2000014c   0x00000004   Data   RW         1308    .data               switch.o


    Execution Region ER_ZI (Base: 0x20000150, Size: 0x00002400, Max: 0xffffffff, ABSOLUTE)

    Base Addr    Size         Type   Attr      Idx    E Section Name        Object

    0x20000150   0x000001b0   Zero   RW          186    .bss                os.o
    0x20000300   0x00000020   Zero   RW          436    .bss                uart.o
    0x20000320   0x00001770   Zero   RW          573    .bss                heap.o
    0x20001a90   0x0000000c   Zero   RW          709    .bss                st7735.o
    0x20001a9c   0x00000650   Zero   RW          997    .bss                lab2.o
    0x200020ec   0x00000060   Zero   RW         1406    .bss                c_w.l(libspace.o)
    0x2000214c   0x00000004   PAD
    0x20002150   0x00000000   Zero   RW            2    HEAP                startup.o
    0x20002150   0x00000400   Zero   RW            1    STACK               startup.o


==============================================================================

Image component sizes


      Code (inc. data)   RO Data    RW Data    ZI Data      Debug   Object Name

       780        106          0         16          0       4910   adc.o
       718        240          0          0          0        240   cr4_fft_64_stm32.o
       610         34          0          0       6000       7706   heap.o
       800        224          0          0          0       3359   interpreter.o
      1376        302          0        144       1616       7988   lab2.o
      1382        204          0        100        432      15349   os.o
       304         16          0          0          0        300   osasm.o
        72          8          0          0          0        204   pid_stm32.o
       124          6          0          0          0       4591   pll.o
      2010        220       2018         44         12      13202   st7735.o
       692        632          0          0       1024        900   startup.o
       320         64          0          4          0       1658   switch.o
        72          6          0          0          0        519   systickints.o
       128         28          0          0          0        813   timer1a.o
       144         34          0          4          0       1373   timer3a.o
      1094        154          0         24         32       9457   uart.o

    ----------------------------------------------------------------------
     10640       2280       2052        336       9116      72569   Object Totals
         0          0         32          0          0          0   (incl. Generated)
        14          2          2          0          0          0   (incl. Padding)

    ----------------------------------------------------------------------

      Code (inc. data)   RO Data    RW Data    ZI Data      Debug   Library Member Name

        58          0          0          0          0          0   __dczerorl.o
         8          0          0          0          0         68   __main.o
        52          8          0          0          0          0   __scatter.o
        28          0          0          0          0          0   __scatter_zi.o
        12          0          0          0          0         72   exit.o
         6          0          0          0          0        152   heapauxi.o
         0          0          0          0          0          0   indicate_semi.o
         2          0          0          0          0          0   libinit.o
         2          0          0          0          0          0   libinit2.o
         2          0          0          0          0          0   libshutdown.o
         2          0          0          0          0          0   libshutdown2.o
         8          4          0          0         96         68   libspace.o
         0          0          0          0          0          0   rtentry.o
        12          0          0          0          0          0   rtentry2.o
         6          0          0          0          0          0   rtentry4.o
         2          0          0          0          0          0   rtexit.o
        10          0          0          0          0          0   rtexit2.o
       128          0          0          0          0         68   strcmpv7m.o
        12          4          0          0          0         68   sys_exit.o
        74          0          0          0          0         80   sys_stackheap_outer.o
         2          0          0          0          0         68   use_no_semi.o
       804         16          0          0          0        272   daddsub_clz.o
        94          4          0          0          0         92   dfix.o
        84          0          0          0          0        136   dflt_clz.o
       340         12          0          0          0        104   dmul.o
       156          4          0          0          0         92   dnaninf.o
        12          0          0          0          0         68   dretinf.o
         0          0          0          0          0          0   usenofp.o

    ----------------------------------------------------------------------
      1924         52          0          0        100       1408   Library Totals
         8          0          0          0          4          0   (incl. Padding)

    ----------------------------------------------------------------------

      Code (inc. data)   RO Data    RW Data    ZI Data      Debug   Library Name

       426         16          0          0         96        644   c_w.l
      1490         36          0          0          0        764   fz_ws.l

    ----------------------------------------------------------------------
      1924         52          0          0        100       1408   Library Totals

    ----------------------------------------------------------------------

==============================================================================


      Code (inc. data)   RO Data    RW Data    ZI Data      Debug   

     12564       2332       2052        336       9216      67737   Grand Totals
     12564       2332       2052         12       9216      67737   ELF Image Totals (compressed)
     12564       2332       2052         12          0          0   ROM Totals

==============================================================================

    Total RO  Size (Code + RO Data)                14616 (  14.27kB)
    Total RW  Size (RW Data + ZI Data)              9552 (   9.33kB)
    Total ROM Size (Code + RO Data + RW Data)      14628 (  14.29kB)

==============================================================================

