<html>
<body>
<pre>
<h1>µVision Build Log</h1>
<h2>Project:</h2>
C:\Users\Matt\Documents\EE445M\445m\lab2v4\FixedScheduler.uvproj
Project File Date:  02/24/2015

<h2>Output:</h2>
Rebuild target 'FixedScheduler'
assembling startup.s...
compiling PLL.c...
assembling osasm.s...
compiling ADC.c...
ADC.c(300): warning:  #550-D: variable "wait" was set but never used
        int wait;
ADC.c: 1 warning, 0 errors
compiling Interpreter.c...
compiling os.c...
compiling SysTickInts.c...
compiling UART.c...
compiling heap.c...
compiling ST7735.c...
compiling lab2.c...
assembling PID_stm32.s...
assembling cr4_fft_64_stm32.s...
linking...
Program Size: Code=2556 RO-data=32 RW-data=180 ZI-data=2180  
".\FixedScheduler.axf" - 0 Error(s), 1 Warning(s).
Load "C:\\Users\\Matt\\Documents\\EE445M\\445m\\lab2v4\\FixedScheduler.axf" 
Connecting: Mode=JTAG, Speed=1000000Hz
Erase Done.
Programming Done.
Verify OK.
</pre>
</body>
</html>
efined
  int32_t Heap_Init(void);
heap.h(64): error:  #20: identifier "int32_t" is undefined
  void* Heap_Malloc(int32_t desiredBytes);
heap.h(74): error:  #20: identifier "int32_t" is undefined
  void* Heap_Calloc(int32_t desiredBytes);
heap.h(87): error:  #20: identifier "int32_t" is undefined
  void* Heap_Realloc(void* oldBlock, int32_t desiredBytes);
heap.h(97): error:  #20: identifier "int32_t" is undefined
  int32_t Heap_Free(void* pointer);
heap.h(104): error:  #20: identifier "int32_t" is undefined
  int32_t Heap_Test(void);
os.c: 0 warnings, 11 errors
compiling SysTickInts.c...
compiling UART.c...
compiling heap.c...
compiling ST7735.c...
compiling lab2p1Tester.c...
".\FixedScheduler.axf" - 11 Error(s), 1 Warning(s).
Target not created
Load "C:\\Users\\Matt\\Documents\\EE445M\\445m\\lab2v4\\FixedScheduler.axf" 
_____^
*** error 56: cannot open file
Error: Flash Download failed  -  Could not load file 'C:\Users\Matt\Documents\EE445M\445m\lab2v4\FixedScheduler.axf'
