ARM Linker, 5.03 [Build 76] [MDK-ARM Lite]

==============================================================================

Section Cross References

    startup.o(STACK) refers (Special) to heapauxi.o(.text) for __use_two_region_memory
    startup.o(HEAP) refers (Special) to heapauxi.o(.text) for __use_two_region_memory
    startup.o(RESET) refers (Special) to heapauxi.o(.text) for __use_two_region_memory
    startup.o(RESET) refers to startup.o(STACK) for StackMem
    startup.o(RESET) refers to osasm.o(.text) for PendSV_Handler
    startup.o(RESET) refers to uart.o(i.UART0_Handler) for UART0_Handler
    startup.o(RESET) refers to adc.o(i.ADC0Seq3_Handler) for ADC0Seq3_Handler
    startup.o(RESET) refers to timer1a.o(i.Timer1A_Handler) for Timer1A_Handler
    startup.o(RESET) refers to switch.o(i.GPIOPortF_Handler) for GPIOPortF_Handler
    startup.o(RESET) refers to timer3a.o(i.Timer3A_Handler) for Timer3A_Handler
    startup.o(RESET) refers to __main.o(!!!main) for __main
    startup.o(.text) refers (Special) to heapauxi.o(.text) for __use_two_region_memory
    startup.o(.text) refers to startup.o(HEAP) for HeapMem
    startup.o(.text) refers to startup.o(STACK) for StackMem
    osasm.o(.text) refers to os.o(i.OS_RemoveCurrentThread) for OS_RemoveCurrentThread
    osasm.o(.text) refers to os.o(i.OS_SleepCheck) for OS_SleepCheck
    osasm.o(.text) refers to os.o(.data) for RunPt
    adc.o(i.ADC0Seq3_Handler) refers to adc.o(.data) for ADCvalue
    adc.o(i.ADC_ChangeSampleRateHz) refers to adc.o(.data) for samplingFrequency
    adc.o(i.ADC_ChangeSampleRatePeriod) refers to adc.o(.data) for samplingPeriod
    adc.o(i.ADC_Collect) refers to startup.o(.text) for StartCritical
    adc.o(i.ADC_Collect) refers to adc.o(i.ADC_Open) for ADC_Open
    adc.o(i.ADC_Collect) refers to adc.o(i.ADC_ChangeSampleRateHz) for ADC_ChangeSampleRateHz
    adc.o(i.ADC_Collect) refers to adc.o(.data) for samplingFrequency
    adc.o(i.ADC_CurrentFrequency) refers to adc.o(.data) for samplingFrequency
    adc.o(i.ADC_CurrentPeriod) refers to adc.o(.data) for samplingPeriod
    adc.o(i.ADC_In) refers to adc.o(.data) for ADCvalue
    adc.o(i.ADC_Init) refers to startup.o(.text) for StartCritical
    adc.o(i.ADC_Init) refers to adc.o(.data) for collectDone
    adc.o(i.ADC_InitT0) refers to startup.o(.text) for StartCritical
    adc.o(i.ADC_InitT0) refers to adc.o(.data) for collectDone
    adc.o(i.ADC_Open) refers to startup.o(.text) for StartCritical
    adc.o(i.ADC_Status) refers to startup.o(.text) for StartCritical
    adc.o(i.ADC_Status) refers to adc.o(.data) for collectDone
    os.o(i.ColorSwap) refers to os.o(.data) for ci
    os.o(i.ColorSwap) refers to os.o(.constdata) for COLORWHEEL
    os.o(i.OS_AddPeriodicThread) refers to startup.o(.text) for DisableInterrupts
    os.o(i.OS_AddPeriodicThread) refers to timer3a.o(i.Timer3A_Init) for Timer3A_Init
    os.o(i.OS_AddSW1Task) refers to startup.o(.text) for StartCritical
    os.o(i.OS_AddSW1Task) refers to switch.o(i.Board_Init) for Board_Init
    os.o(i.OS_AddThread) refers to startup.o(.text) for DisableInterrupts
    os.o(i.OS_AddThread) refers to heap.o(i.Heap_Malloc) for Heap_Malloc
    os.o(i.OS_AddThread) refers to os.o(.data) for head
    os.o(i.OS_ClearMsTime) refers to os.o(.data) for RTC
    os.o(i.OS_ClearPeriodicTime) refers to os.o(.data) for periodicInterruptCount
    os.o(i.OS_Fifo_Get) refers to os.o(i.OS_Wait) for OS_Wait
    os.o(i.OS_Fifo_Get) refers to os.o(i.OS_bWait) for OS_bWait
    os.o(i.OS_Fifo_Get) refers to os.o(i.TmailFifo_Get) for TmailFifo_Get
    os.o(i.OS_Fifo_Get) refers to os.o(i.OS_bSignal) for OS_bSignal
    os.o(i.OS_Fifo_Get) refers to os.o(i.OS_Signal) for OS_Signal
    os.o(i.OS_Fifo_Get) refers to os.o(.data) for DataAvailable
    os.o(i.OS_Fifo_Init) refers to os.o(i.TmailFifo_Init) for TmailFifo_Init
    os.o(i.OS_Fifo_Init) refers to os.o(i.OS_InitSemaphore) for OS_InitSemaphore
    os.o(i.OS_Fifo_Init) refers to os.o(.data) for DataAvailable
    os.o(i.OS_Fifo_Put) refers to os.o(i.TmailFifo_Put) for TmailFifo_Put
    os.o(i.OS_Id) refers to os.o(.data) for RunPt
    os.o(i.OS_Init) refers to startup.o(.text) for DisableInterrupts
    os.o(i.OS_Init) refers to pll.o(i.PLL_Init) for PLL_Init
    os.o(i.OS_Init) refers to st7735.o(i.Output_Init) for Output_Init
    os.o(i.OS_Init) refers to uart.o(i.UART_Init) for UART_Init
    os.o(i.OS_Init) refers to heap.o(i.Heap_Init) for Heap_Init
    os.o(i.OS_Init) refers to timer1a.o(i.Timer1A_Init) for Timer1A_Init
    os.o(i.OS_Init) refers to systickints.o(i.SysTick_Init) for SysTick_Init
    os.o(i.OS_Init) refers to os.o(.data) for periodicInterruptCount
    os.o(i.OS_Kill) refers to os.o(i.OS_Suspend) for OS_Suspend
    os.o(i.OS_Kill) refers to os.o(.data) for RunPt
    os.o(i.OS_MailBox_Init) refers to os.o(i.OS_InitSemaphore) for OS_InitSemaphore
    os.o(i.OS_MailBox_Init) refers to os.o(.data) for DataValid
    os.o(i.OS_MailBox_Recv) refers to os.o(i.OS_bWait) for OS_bWait
[...]
    defsig_cppl_inner.o(.text) refers to defsig_general.o(.text) for __default_signal_display
    defsig_segv_inner.o(.text) refers to defsig_general.o(.text) for __default_signal_display
    defsig_other.o(.text) refers to defsig_general.o(.text) for __default_signal_display


==============================================================================

Removing Unused input sections from the image.

    Removing adc.o(i.ADC_ChangeSampleRatePeriod), (64 bytes).
    Removing adc.o(i.ADC_CurrentChannel), (12 bytes).
    Removing adc.o(i.ADC_CurrentFrequency), (12 bytes).
    Removing adc.o(i.ADC_CurrentPeriod), (12 bytes).
    Removing adc.o(i.ADC_InitT0), (484 bytes).
    Removing adc.o(i.ADC_Status), (32 bytes).
    Removing os.o(i.ColorSwap), (44 bytes).
    Removing os.o(i.Color_Init), (116 bytes).
    Removing os.o(i.OS_ClearPeriodicTime), (12 bytes).
    Removing os.o(i.OS_ReadPeriodicTime), (12 bytes).
    Removing os.o(i.OS_SleepClear), (6 bytes).
    Removing os.o(i.OS_TimeNano), (18 bytes).
    Removing os.o(i.RmailFifo_Get), (60 bytes).
    Removing os.o(i.RmailFifo_Init), (36 bytes).
    Removing os.o(i.RmailFifo_Put), (60 bytes).
    Removing os.o(i.RmailFifo_Size), (24 bytes).
    Removing os.o(i.TmailFifo_Size), (24 bytes).
    Removing os.o(.constdata), (32 bytes).
    Removing uart.o(i.ADCReadPrint), (80 bytes).
    Removing uart.o(i.UART_InString), (70 bytes).
    Removing uart.o(i.UART_InUDec), (76 bytes).
    Removing uart.o(i.UART_InUHex), (108 bytes).
    Removing uart.o(i.UART_OutUDec), (42 bytes).
    Removing uart.o(i.UART_OutUHex), (52 bytes).
    Removing uart.o(i.intToAscii), (40 bytes).
    Removing uart.o(i.promptCommand), (108 bytes).
    Removing uart.o(i.promptNumber), (148 bytes).
    Removing uart.o(i.serviceCommand), (552 bytes).
    Removing heap.o(i.Heap_Calloc), (46 bytes).
    Removing heap.o(i.Heap_Realloc), (112 bytes).
    Removing heap.o(i.Heap_Stats), (116 bytes).
    Removing heap.o(i.Heap_Test), (104 bytes).
    Removing st7735.o(i.Output_Clear), (10 bytes).
    Removing st7735.o(i.Output_Color), (12 bytes).
    Removing st7735.o(i.Output_Off), (8 bytes).
    Removing st7735.o(i.Output_On), (8 bytes).
    Removing st7735.o(i.ST7735_Color565), (24 bytes).
    Removing st7735.o(i.ST7735_DrawBitmap), (288 bytes).
    Removing st7735.o(i.ST7735_DrawChar), (268 bytes).
    Removing st7735.o(i.ST7735_DrawFastHLine), (124 bytes).
    Removing st7735.o(i.ST7735_DrawFastVLine), (124 bytes).
    Removing st7735.o(i.ST7735_InitB), (40 bytes).
    Removing st7735.o(i.ST7735_InvertDisplay), (22 bytes).
    Removing st7735.o(i.ST7735_PlotBar), (88 bytes).
    Removing st7735.o(i.ST7735_PlotClear), (92 bytes).
    Removing st7735.o(i.ST7735_PlotLine), (264 bytes).
    Removing st7735.o(i.ST7735_PlotNext), (32 bytes).
    Removing st7735.o(i.ST7735_PlotNextErase), (64 bytes).
    Removing st7735.o(i.ST7735_PlotPoint), (152 bytes).
    Removing st7735.o(i.ST7735_PlotPoints), (172 bytes).
    Removing st7735.o(i.ST7735_PlotdBfs), (60 bytes).
    Removing st7735.o(i.ST7735_SetRotation), (212 bytes).
    Removing st7735.o(i.ST7735_SetTextColor), (12 bytes).
    Removing st7735.o(i.ST7735_SwapColor), (18 bytes).
    Removing st7735.o(i.ferror), (8 bytes).
    Removing st7735.o(i.fgetc), (6 bytes).
    Removing st7735.o(i.fputc), (16 bytes).
    Removing lab2.o(i.ADCTASK), (44 bytes).
    Removing lab2.o(i.BackgroundThread1c), (16 bytes).
    Removing lab2.o(i.BackgroundThread1d), (56 bytes).
    Removing lab2.o(i.BackgroundThread5b), (20 bytes).
    Removing lab2.o(i.BackgroundThread5c), (20 bytes).
    Removing lab2.o(i.BackgroundThread5d), (32 bytes).
    Removing lab2.o(i.Jitter), (2 bytes).
    Removing lab2.o(i.OutputThread), (220 bytes).
    Removing lab2.o(i.PortF_Init), (120 bytes).
    Removing lab2.o(i.Printer), (16 bytes).
    Removing lab2.o(i.PseudoWork), (32 bytes).
    Removing lab2.o(i.SW2Push), (48 bytes).
    Removing lab2.o(i.Signal1), (40 bytes).
    Removing lab2.o(i.Signal2), (40 bytes).
    Removing lab2.o(i.Signal3), (48 bytes).
    Removing lab2.o(i.TaskA), (44 bytes).
    Removing lab2.o(i.TaskB), (44 bytes).
    Removing lab2.o(i.Testmain5), (116 bytes).
    Removing lab2.o(i.Testmain6), (284 bytes).
    Removing lab2.o(i.Testmain7), (56 bytes).
    Removing lab2.o(i.Thread1), (44 bytes).
    Removing lab2.o(i.Thread1b), (24 bytes).
    Removing lab2.o(i.Thread2), (44 bytes).
    Removing lab2.o(i.Thread2b), (24 bytes).
    Removing lab2.o(i.Thread2c), (76 bytes).
    Removing lab2.o(i.Thread2d), (52 bytes).
    Removing lab2.o(i.Thread3), (44 bytes).
    Removing lab2.o(i.Thread3b), (24 bytes).
    Removing lab2.o(i.Thread3c), (40 bytes).
    Removing lab2.o(i.Thread3d), (24 bytes).
    Removing lab2.o(i.Thread4b), (140 bytes).
    Removing lab2.o(i.Thread4c), (88 bytes).
    Removing lab2.o(i.Thread4d), (68 bytes).
    Removing lab2.o(i.Thread5c), (60 bytes).
    Removing lab2.o(i.Thread6), (40 bytes).
    Removing lab2.o(i.Thread7), (80 bytes).
    Removing lab2.o(i.Thread8), (20 bytes).
    Removing lab2.o(i.Wait1), (28 bytes).
    Removing lab2.o(i.Wait2), (28 bytes).
    Removing lab2.o(i.Wait3), (28 bytes).
    Removing lab2.o(i.adctestmain), (96 bytes).
    Removing lab2.o(i.add), (20 bytes).
    Removing lab2.o(i.myPush), (48 bytes).
    Removing lab2.o(i.mywork), (40 bytes).
    Removing lab2.o(i.printstuff), (56 bytes).
    Removing lab2.o(i.testmain1), (108 bytes).
    Removing lab2.o(i.testmain2), (128 bytes).
    Removing lab2.o(i.testmain3), (92 bytes).
    Removing lab2.o(i.testmain4), (144 bytes).
    Removing lab2.o(.constdata), (4 bytes).

107 unused section(s) (total 7848 bytes) removed from the image.

==============================================================================

Image Symbol Table

    Local Symbols

    Symbol Name                              Value     Ov Type        Size  Object(Section)

    RESET                                    0x00000000   Section      644  startup.o(RESET)
    ../clib/angel/boardlib.s                 0x00000000   Number         0  boardinit1.o ABSOLUTE
    ../clib/angel/boardlib.s                 0x00000000   Number         0  boardinit2.o ABSOLUTE
    ../clib/angel/boardlib.s                 0x00000000   Number         0  boardinit3.o ABSOLUTE
    ../clib/angel/boardlib.s                 0x00000000   Number         0  boardshut.o ABSOLUTE
    ../clib/angel/dczerorl.s                 0x00000000   Number         0  __dczerorl.o ABSOLUTE
    ../clib/angel/handlers.s                 0x00000000   Number         0  __scatter_zi.o ABSOLUTE
    ../clib/angel/kernel.s                   0x00000000   Number         0  rtentry.o ABSOLUTE
    ../clib/angel/kernel.s                   0x00000000   Number         0  rtexit2.o ABSOLUTE
    ../clib/angel/kernel.s                   0x00000000   Number         0  rtentry4.o ABSOLUTE
    ../clib/angel/kernel.s                   0x00000000   Number         0  rtentry2.o ABSOLUTE
    ../clib/angel/kernel.s                   0x00000000   Number         0  rtexit.o ABSOLUTE
    ../clib/angel/rt.s                       0x00000000   Number         0  rt_raise.o ABSOLUTE
    ../clib/angel/scatter.s                  0x00000000   Number         0  __scatter.o ABSOLUTE
    ../clib/angel/startup.s                  0x00000000   Number         0  __main.o ABSOLUTE
    ../clib/angel/sys.s                      0x00000000   Number         0  sys_stackheap_outer.o ABSOLUTE
    ../clib/angel/sys.s                      0x00000000   Number         0  libspace.o ABSOLUTE
    ../clib/angel/sys.s                      0x00000000   Number         0  indicate_semi.o ABSOLUTE
    ../clib/angel/sys.s                      0x00000000   Number         0  use_no_semi.o ABSOLUTE
    ../clib/angel/sysapp.c                   0x00000000   Number         0  sys_wrch.o ABSOLUTE
    ../clib/angel/sysapp.c                   0x00000000   Number         0  sys_exit.o ABSOLUTE
    ../clib/angel/sysapp.c                   0x00000000   Number         0  sys_command.o ABSOLUTE
    ../clib/armsys.c                         0x00000000   Number         0  argv_veneer.o ABSOLUTE
    ../clib/armsys.c                         0x00000000   Number         0  argv_veneer.o ABSOLUTE
    ../clib/armsys.c                         0x00000000   Number         0  _get_argv_nomalloc.o ABSOLUTE
    ../clib/armsys.c                         0x00000000   Number         0  no_argv.o ABSOLUTE
    ../clib/heapalloc.c                      0x00000000   Number         0  hrguard.o ABSOLUTE
    ../clib/heapaux.c                        0x00000000   Number         0  heapauxi.o ABSOLUTE
    ../clib/libinit.s                        0x00000000   Number         0  libinit2.o ABSOLUTE
    ../clib/libinit.s                        0x00000000   Number         0  libinit.o ABSOLUTE
    ../clib/libinit.s                        0x00000000   Number         0  libshutdown2.o ABSOLUTE
    ../clib/libinit.s                        0x00000000   Number         0  libshutdown.o ABSOLUTE
    ../clib/memcpset.s                       0x00000000   Number         0  strcmpv7m.o ABSOLUTE
    ../clib/memcpset.s                       0x00000000   Number         0  rt_memcpy_w.o ABSOLUTE
    ../clib/signal.c                         0x00000000   Number         0  defsig_rtmem_inner.o ABSOLUTE
    ../clib/signal.c                         0x00000000   Number         0  defsig_fpe_inner.o ABSOLUTE
    ../clib/signal.c                         0x00000000   Number         0  defsig_abrt_inner.o ABSOLUTE
    ../clib/signal.c                         0x00000000   Number         0  defsig_rtmem_outer.o ABSOLUTE
    ../clib/signal.c                         0x00000000   Number         0  defsig_general.o ABSOLUTE
    ../clib/signal.c                         0x00000000   Number         0  __raise.o ABSOLUTE
    ../clib/signal.c                         0x00000000   Number         0  defsig_stak_inner.o ABSOLUTE
    ../clib/signal.c                         0x00000000   Number         0  defsig_other.o ABSOLUTE
    ../clib/signal.c                         0x00000000   Number         0  defsig_segv_inner.o ABSOLUTE
    ../clib/signal.c                         0x00000000   Number         0  defsig_cppl_inner.o ABSOLUTE
    ../clib/signal.c                         0x00000000   Number         0  defsig_pvfn_inner.o ABSOLUTE
    ../clib/signal.c                         0x00000000   Number         0  defsig_exit.o ABSOLUTE
    ../clib/signal.c                         0x00000000   Number         0  defsig_rtred_inner.o ABSOLUTE
    ../clib/signal.c                         0x00000000   Number         0  defsig_rtmem_formal.o ABSOLUTE
    ../clib/signal.s                         0x00000000   Number         0  defsig.o ABSOLUTE
    ../clib/stdlib.c                         0x00000000   Number         0  exit.o ABSOLUTE
    ../fplib/fpinit.s                        0x00000000   Number         0  fpinit.o ABSOLUTE
    ADC.c                                    0x00000000   Number         0  adc.o ABSOLUTE
    PID_stm32.s                              0x00000000   Number         0  pid_stm32.o ABSOLUTE
    PLL.c                                    0x00000000   Number         0  pll.o ABSOLUTE
    ST7735.c                                 0x00000000   Number         0  st7735.o ABSOLUTE
    Switch.c                                 0x00000000   Number         0  switch.o ABSOLUTE
    SysTickInts.c                            0x00000000   Number         0  systickints.o ABSOLUTE
    Timer1A.c                                0x00000000   Number         0  timer1a.o ABSOLUTE
    Timer3A.c                                0x00000000   Number         0  timer3a.o ABSOLUTE
    UART.c                                   0x00000000   Number         0  uart.o ABSOLUTE
    cr4_fft_64_stm32.s                       0x00000000   Number         0  cr4_fft_64_stm32.o ABSOLUTE
    dc.s                                     0x00000000   Number         0  dc.o ABSOLUTE
    heap.c                                   0x00000000   Number         0  heap.o ABSOLUTE
    lab2.c                                   0x00000000   Number         0  lab2.o ABSOLUTE
    os.c                                     0x00000000   Number         0  os.o ABSOLUTE
    osasm.s                                  0x00000000   Number         0  osasm.o ABSOLUTE
    startup.s                                0x00000000   Number         0  startup.o ABSOLUTE
    !!!main                                  0x00000284   Section        8  __main.o(!!!main)
    !!!scatter                               0x0000028c   Section       52  __scatter.o(!!!scatter)
    !!dczerorl                               0x000002c0   Section       58  __dczerorl.o(!!dczerorl)
    !!handler_zi                             0x000002fc   Section       28  __scatter_zi.o(!!handler_zi)
    .ARM.Collect$$libinit$$00000000          0x00000318   Section        2  libinit.o(.ARM.Collect$$libinit$$00000000)
    .ARM.Collect$$libinit$$00000002          0x0000031a   Section        0  libinit2.o(.ARM.Collect$$libinit$$00000002)
    .ARM.Collect$$libinit$$00000008          0x0000031a   Section        0  libinit2.o(.ARM.Collect$$libinit$$00000008)
    .ARM.Collect$$libinit$$0000000A          0x0000031a   Section        0  libinit2.o(.ARM.Collect$$libinit$$0000000A)
    .ARM.Collect$$libinit$$0000000C          0x0000031a   Section        0  libinit2.o(.ARM.Collect$$libinit$$0000000C)
    .ARM.Collect$$libinit$$0000000F          0x0000031a   Section        0  libinit2.o(.ARM.Collect$$libinit$$0000000F)
    .ARM.Collect$$libinit$$00000011          0x0000031a   Section        0  libinit2.o(.ARM.Collect$$libinit$$00000011)
    .ARM.Collect$$libinit$$00000013          0x0000031a   Section        0  libinit2.o(.ARM.Collect$$libinit$$00000013)
    .ARM.Collect$$libinit$$00000015          0x0000031a   Section        0  libinit2.o(.ARM.Collect$$libinit$$00000015)
    .ARM.Collect$$libinit$$00000017          0x0000031a   Section        0  libinit2.o(.ARM.Collect$$libinit$$00000017)
    .ARM.Collect$$libinit$$00000019          0x0000031a   Section        0  libinit2.o(.ARM.Collect$$libinit$$00000019)
    .ARM.Collect$$libinit$$0000001B          0x0000031a   Section        0  libinit2.o(.ARM.Collect$$libinit$$0000001B)
    .ARM.Collect$$libinit$$0000001D          0x0000031a   Section        0  libinit2.o(.ARM.Collect$$libinit$$0000001D)
    .ARM.Collect$$libinit$$0000001F          0x0000031a   Section        0  libinit2.o(.ARM.Collect$$libinit$$0000001F)
    .ARM.Collect$$libinit$$00000021          0x0000031a   Section        0  libinit2.o(.ARM.Collect$$libinit$$00000021)
    .ARM.Collect$$libinit$$00000023          0x0000031a   Section        0  libinit2.o(.ARM.Collect$$libinit$$00000023)
    .ARM.Collect$$libinit$$0000002A          0x0000031a   Section        0  libinit2.o(.ARM.Collect$$libinit$$0000002A)
    .ARM.Collect$$libinit$$0000002C          0x0000031a   Section        0  libinit2.o(.ARM.Collect$$libinit$$0000002C)
    .ARM.Collect$$libinit$$0000002E          0x0000031a   Section        0  libinit2.o(.ARM.Collect$$libinit$$0000002E)
    .ARM.Collect$$libinit$$00000030          0x0000031a   Section        0  libinit2.o(.ARM.Collect$$libinit$$00000030)
    .ARM.Collect$$libinit$$00000031          0x0000031a   Section        2  libinit2.o(.ARM.Collect$$libinit$$00000031)
    .ARM.Collect$$libshutdown$$00000000      0x0000031c   Section        2  libshutdown.o(.ARM.Collect$$libshutdown$$00000000)
    .ARM.Collect$$libshutdown$$00000003      0x0000031e   Section        0  libshutdown2.o(.ARM.Collect$$libshutdown$$00000003)
    .ARM.Collect$$libshutdown$$00000006      0x0000031e   Section        0  libshutdown2.o(.ARM.Collect$$libshutdown$$00000006)
    .ARM.Collect$$libshutdown$$00000009      0x0000031e   Section        0  libshutdown2.o(.ARM.Collect$$libshutdown$$00000009)
    .ARM.Collect$$libshutdown$$0000000B      0x0000031e   Section        0  libshutdown2.o(.ARM.Collect$$libshutdown$$0000000B)
    .ARM.Collect$$libshutdown$$0000000E      0x0000031e   Section        0  libshutdown2.o(.ARM.Collect$$libshutdown$$0000000E)
    .ARM.Collect$$libshutdown$$0000000F      0x0000031e   Section        2  libshutdown2.o(.ARM.Collect$$libshutdown$$0000000F)
    .ARM.Collect$$rtentry$$00000000          0x00000320   Section        0  rtentry.o(.ARM.Collect$$rtentry$$00000000)
    .ARM.Collect$$rtentry$$00000002          0x00000320   Section        0  rtentry2.o(.ARM.Collect$$rtentry$$00000002)
    .ARM.Collect$$rtentry$$00000004          0x00000320   Section        6  rtentry4.o(.ARM.Collect$$rtentry$$00000004)
    .ARM.Collect$$rtentry$$00000009          0x00000326   Section        0  rtentry2.o(.ARM.Collect$$rtentry$$00000009)
    .ARM.Collect$$rtentry$$0000000A          0x00000326   Section        4  rtentry2.o(.ARM.Collect$$rtentry$$0000000A)
    .ARM.Collect$$rtentry$$0000000C          0x0000032a   Section        0  rtentry2.o(.ARM.Collect$$rtentry$$0000000C)
    .ARM.Collect$$rtentry$$0000000D          0x0000032a   Section        8  rtentry2.o(.ARM.Collect$$rtentry$$0000000D)
    .ARM.Collect$$rtexit$$00000000           0x00000332   Section        2  rtexit.o(.ARM.Collect$$rtexit$$00000000)
    .ARM.Collect$$rtexit$$00000002           0x00000334   Section        0  rtexit2.o(.ARM.Collect$$rtexit$$00000002)
    .ARM.Collect$$rtexit$$00000003           0x00000334   Section        4  rtexit2.o(.ARM.Collect$$rtexit$$00000003)
    .ARM.Collect$$rtexit$$00000004           0x00000338   Section        6  rtexit2.o(.ARM.Collect$$rtexit$$00000004)
    .text                                    0x00000340   Section       48  startup.o(.text)
    .text                                    0x00000370   Section      304  osasm.o(.text)
    .text                                    0x000004a0   Section       72  pid_stm32.o(.text)
    .text                                    0x000004e8   Section      718  cr4_fft_64_stm32.o(.text)
    .text                                    0x000007b6   Section        0  heapauxi.o(.text)
    .text                                    0x000007bc   Section       74  sys_stackheap_outer.o(.text)
    .text                                    0x00000806   Section        0  exit.o(.text)
    .text                                    0x00000814   Section        8  libspace.o(.text)
    .text                                    0x0000081c   Section        0  sys_exit.o(.text)
    .text                                    0x00000828   Section        2  use_no_semi.o(.text)
    .text                                    0x0000082a   Section        0  indicate_semi.o(.text)
    i.ADC0Seq3_Handler                       0x0000082c   Section        0  adc.o(i.ADC0Seq3_Handler)
    i.ADC_ChangeSampleRateHz                 0x00000848   Section        0  adc.o(i.ADC_ChangeSampleRateHz)
    i.ADC_Collect                            0x00000888   Section        0  adc.o(i.ADC_Collect)
    i.ADC_In                                 0x000008e4   Section        0  adc.o(i.ADC_In)
    i.ADC_Init                               0x00000900   Section        0  adc.o(i.ADC_Init)
    i.ADC_Open                               0x00000ae8   Section        0  adc.o(i.ADC_Open)
    i.Board_Init                             0x00000b1c   Section        0  switch.o(i.Board_Init)
    i.ButtonWork                             0x00000c44   Section        0  lab2.o(i.ButtonWork)
    i.Consumer                               0x00000d08   Section        0  lab2.o(i.Consumer)
    i.DAS                                    0x00000d9c   Section        0  lab2.o(i.DAS)
    i.Delay1ms                               0x00000e64   Section        0  st7735.o(i.Delay1ms)
    i.Display                                0x00000e84   Section        0  lab2.o(i.Display)
    i.Filter                                 0x00000ef0   Section        0  lab2.o(i.Filter)
    i.GPIOPortF_Handler                      0x00000fb8   Section        0  switch.o(i.GPIOPortF_Handler)
    i.Heap_Free                              0x00000fd0   Section        0  heap.o(i.Heap_Free)
    i.Heap_Init                              0x00001060   Section        0  heap.o(i.Heap_Init)
    i.Heap_Malloc                            0x0000107c   Section        0  heap.o(i.Heap_Malloc)
    i.Interpreter                            0x000010d0   Section        0  lab2.o(i.Interpreter)
    i.Interpreter_CommandLine                0x000010d8   Section        0  uart.o(i.Interpreter_CommandLine)
    i.OS_AddPeriodicThread                   0x000010e0   Section        0  os.o(i.OS_AddPeriodicThread)
    i.OS_AddSW1Task                          0x000010fc   Section        0  os.o(i.OS_AddSW1Task)
    i.OS_AddThread                           0x00001118   Section        0  os.o(i.OS_AddThread)
    i.OS_ClearMsTime                         0x00001228   Section        0  os.o(i.OS_ClearMsTime)
    i.OS_Fifo_Get                            0x00001234   Section        0  os.o(i.OS_Fifo_Get)
    i.OS_Fifo_Init                           0x00001268   Section        0  os.o(i.OS_Fifo_Init)
    i.OS_Fifo_Put                            0x00001298   Section        0  os.o(i.OS_Fifo_Put)
    i.OS_Id                                  0x000012a8   Section        0  os.o(i.OS_Id)
    i.OS_Init                                0x000012b8   Section        0  os.o(i.OS_Init)
    i.OS_InitSemaphore                       0x000012f4   Section        0  os.o(i.OS_InitSemaphore)
    i.OS_Kill                                0x000012f8   Section        0  os.o(i.OS_Kill)
    i.OS_MailBox_Init                        0x0000130c   Section        0  os.o(i.OS_MailBox_Init)
    i.OS_MailBox_Recv                        0x00001328   Section        0  os.o(i.OS_MailBox_Recv)
    i.OS_MailBox_Send                        0x0000134c   Section        0  os.o(i.OS_MailBox_Send)
    i.OS_MsTime                              0x00001370   Section        0  os.o(i.OS_MsTime)
    i.OS_RemoveCurrentThread                 0x00001390   Section        0  os.o(i.OS_RemoveCurrentThread)
    i.OS_Signal                              0x0000142c   Section        0  os.o(i.OS_Signal)
    i.OS_Sleep                               0x00001444   Section        0  os.o(i.OS_Sleep)
    i.OS_SleepCheck                          0x00001474   Section        0  os.o(i.OS_SleepCheck)
    i.OS_Suspend                             0x000014a8   Section        0  os.o(i.OS_Suspend)
    i.OS_Time                                0x000014c4   Section        0  os.o(i.OS_Time)
    i.OS_TimeDifference                      0x00001500   Section        0  os.o(i.OS_TimeDifference)
    i.OS_Wait                                0x00001512   Section        0  os.o(i.OS_Wait)
    i.OS_bSignal                             0x0000153a   Section        0  os.o(i.OS_bSignal)
    i.OS_bWait                               0x00001550   Section        0  os.o(i.OS_bWait)
    i.OutCRLF                                0x00001576   Section        0  uart.o(i.OutCRLF)
    i.Output_Init                            0x00001586   Section        0  st7735.o(i.Output_Init)
    i.PID                                    0x000015a4   Section        0  lab2.o(i.PID)
    i.PLL_Init                               0x00001620   Section        0  pll.o(i.PLL_Init)
    i.PortE_Init                             0x0000169c   Section        0  lab2.o(i.PortE_Init)
    i.Producer                               0x00001714   Section        0  lab2.o(i.Producer)
    i.RxFifo_Get                             0x00001748   Section        0  uart.o(i.RxFifo_Get)
    i.RxFifo_Init                            0x00001784   Section        0  uart.o(i.RxFifo_Init)
    i.RxFifo_Put                             0x000017a8   Section        0  uart.o(i.RxFifo_Put)
    i.RxFifo_Size                            0x000017e4   Section        0  uart.o(i.RxFifo_Size)
    i.ST7735_DrawCharS                       0x000017fc   Section        0  st7735.o(i.ST7735_DrawCharS)
    i.ST7735_DrawPixel                       0x000018f0   Section        0  st7735.o(i.ST7735_DrawPixel)
    i.ST7735_DrawString                      0x0000193c   Section        0  st7735.o(i.ST7735_DrawString)
    i.ST7735_FillRect                        0x00001990   Section        0  st7735.o(i.ST7735_FillRect)
    i.ST7735_FillScreen                      0x00001a3c   Section        0  st7735.o(i.ST7735_FillScreen)
    i.ST7735_InitR                           0x00001a60   Section        0  st7735.o(i.ST7735_InitR)
    i.ST7735_Message                         0x00001ae8   Section        0  st7735.o(i.ST7735_Message)
    i.ST7735_OutChar                         0x00001b34   Section        0  st7735.o(i.ST7735_OutChar)
    i.ST7735_OutString                       0x00001c08   Section        0  st7735.o(i.ST7735_OutString)
    i.ST7735_OutUDec                         0x00001c20   Section        0  st7735.o(i.ST7735_OutUDec)
    i.ST7735_SetCursor                       0x00001cac   Section        0  st7735.o(i.ST7735_SetCursor)
    i.SW1Push                                0x00001ccc   Section        0  lab2.o(i.SW1Push)
    i.SysTick_Init                           0x00001cfc   Section        0  systickints.o(i.SysTick_Init)
    i.Timer1A_Handler                        0x00001d44   Section        0  timer1a.o(i.Timer1A_Handler)
    i.Timer1A_Init                           0x00001d60   Section        0  timer1a.o(i.Timer1A_Init)
    i.Timer3A_Handler                        0x00001dc4   Section        0  timer3a.o(i.Timer3A_Handler)
    i.Timer3A_Init                           0x00001dec   Section        0  timer3a.o(i.Timer3A_Init)
    i.TmailFifo_Get                          0x00001e54   Section        0  os.o(i.TmailFifo_Get)
    i.TmailFifo_Init                         0x00001e90   Section        0  os.o(i.TmailFifo_Init)
    i.TmailFifo_Put                          0x00001eb4   Section        0  os.o(i.TmailFifo_Put)
    i.TxFifo_Get                             0x00001ef0   Section        0  uart.o(i.TxFifo_Get)
    i.TxFifo_Init                            0x00001f2c   Section        0  uart.o(i.TxFifo_Init)
    i.TxFifo_Put                             0x00001f50   Section        0  uart.o(i.TxFifo_Put)
    i.TxFifo_Size                            0x00001f8c   Section        0  uart.o(i.TxFifo_Size)
    i.UART0_Handler                          0x00001fa4   Section        0  uart.o(i.UART0_Handler)
    i.UART_InChar                            0x00001ffc   Section        0  uart.o(i.UART_InChar)
    i.UART_Init                              0x00002010   Section        0  uart.o(i.UART_Init)
    i.UART_OutChar                           0x000020e8   Section        0  uart.o(i.UART_OutChar)
    i.UART_OutString                         0x0000211c   Section        0  uart.o(i.UART_OutString)
    i.blockHeader                            0x00002132   Section        0  heap.o(i.blockHeader)
    blockHeader                              0x00002133   Thumb Code    18  heap.o(i.blockHeader)
    i.blockRoom                              0x00002144   Section        0  heap.o(i.blockRoom)
    blockRoom                                0x00002145   Thumb Code    18  heap.o(i.blockRoom)
    i.blockTrailer                           0x00002156   Section        0  heap.o(i.blockTrailer)
    blockTrailer                             0x00002157   Thumb Code    18  heap.o(i.blockTrailer)
    i.blockUnused                            0x00002168   Section        0  heap.o(i.blockUnused)
    blockUnused                              0x00002169   Thumb Code     8  heap.o(i.blockUnused)
    i.blockUsed                              0x00002170   Section        0  heap.o(i.blockUsed)
    blockUsed                                0x00002171   Thumb Code    16  heap.o(i.blockUsed)
    i.commandList                            0x00002180   Section        0  st7735.o(i.commandList)
    commandList                              0x00002181   Thumb Code    86  st7735.o(i.commandList)
    i.commonInit                             0x000021d8   Section        0  st7735.o(i.commonInit)
    commonInit                               0x000021d9   Thumb Code   352  st7735.o(i.commonInit)
    i.copyHardwareToSoftware                 0x00002368   Section        0  uart.o(i.copyHardwareToSoftware)
    copyHardwareToSoftware                   0x00002369   Thumb Code    36  uart.o(i.copyHardwareToSoftware)
    i.copySoftwareToHardware                 0x00002390   Section        0  uart.o(i.copySoftwareToHardware)
    copySoftwareToHardware                   0x00002391   Thumb Code    38  uart.o(i.copySoftwareToHardware)
    i.fillmessage                            0x000023bc   Section        0  st7735.o(i.fillmessage)
    i.inHeapRange                            0x00002404   Section        0  heap.o(i.inHeapRange)
    inHeapRange                              0x00002405   Thumb Code    22  heap.o(i.inHeapRange)
    i.main                                   0x00002424   Section        0  lab2.o(i.main)
    i.markBlockUnused                        0x000024d4   Section        0  heap.o(i.markBlockUnused)
    markBlockUnused                          0x000024d5   Thumb Code    48  heap.o(i.markBlockUnused)
    i.markBlockUsed                          0x00002504   Section        0  heap.o(i.markBlockUsed)
    markBlockUsed                            0x00002505   Thumb Code    48  heap.o(i.markBlockUsed)
    i.mergeBlockWithBelow                    0x00002534   Section        0  heap.o(i.mergeBlockWithBelow)
    mergeBlockWithBelow                      0x00002535   Thumb Code    46  heap.o(i.mergeBlockWithBelow)
    i.nextBlockHeader                        0x00002562   Section        0  heap.o(i.nextBlockHeader)
    nextBlockHeader                          0x00002563   Thumb Code    14  heap.o(i.nextBlockHeader)
    i.previousBlockHeader                    0x00002570   Section        0  heap.o(i.previousBlockHeader)
    previousBlockHeader                      0x00002571   Thumb Code    12  heap.o(i.previousBlockHeader)
    i.promptNumberV                          0x0000257c   Section        0  uart.o(i.promptNumberV)
    i.pushColor                              0x000025e4   Section        0  st7735.o(i.pushColor)
    pushColor                                0x000025e5   Thumb Code    18  st7735.o(i.pushColor)
    i.setAddrWindow                          0x000025f8   Section        0  st7735.o(i.setAddrWindow)
    setAddrWindow                            0x000025f9   Thumb Code   106  st7735.o(i.setAddrWindow)
    i.splitAndMarkBlockUsed                  0x0000266c   Section        0  heap.o(i.splitAndMarkBlockUsed)
    splitAndMarkBlockUsed                    0x0000266d   Thumb Code    76  heap.o(i.splitAndMarkBlockUsed)
    i.testBS                                 0x000026b8   Section        0  uart.o(i.testBS)
    i.writecommand                           0x00002724   Section        0  st7735.o(i.writecommand)
    writecommand                             0x00002725   Thumb Code    40  st7735.o(i.writecommand)
    i.writedata                              0x00002754   Section        0  st7735.o(i.writedata)
    writedata                                0x00002755   Thumb Code    24  st7735.o(i.writedata)
    .constdata                               0x00002774   Section     2018  st7735.o(.constdata)
    Font                                     0x00002774   Data        1275  st7735.o(.constdata)
    Bcmd                                     0x00002c6f   Data         103  st7735.o(.constdata)
    Rcmd1                                    0x00002cd6   Data          59  st7735.o(.constdata)
    Rcmd2green                               0x00002d11   Data          13  st7735.o(.constdata)
    Rcmd2red                                 0x00002d1e   Data          13  st7735.o(.constdata)
    Rcmd3                                    0x00002d2b   Data          43  st7735.o(.constdata)
    .data                                    0x20000000   Section       24  adc.o(.data)
    .data                                    0x20000018   Section      100  os.o(.data)
    .data                                    0x2000007c   Section       16  uart.o(.data)
    .data                                    0x2000008c   Section       44  st7735.o(.data)
    _width                                   0x20000096   Data           2  st7735.o(.data)
    _height                                  0x20000098   Data           2  st7735.o(.data)
    ColStart                                 0x200000a0   Data           1  st7735.o(.data)
    RowStart                                 0x200000a1   Data           1  st7735.o(.data)
    Rotation                                 0x200000a2   Data           1  st7735.o(.data)
    TabColor                                 0x200000a3   Data           1  st7735.o(.data)
    .data                                    0x200000b8   Section      144  lab2.o(.data)
    n                                        0x200000cc   Data           4  lab2.o(.data)
    LastTime                                 0x200000d0   Data           4  lab2.o(.data)
    i                                        0x200000d4   Data           4  lab2.o(.data)
    result                                   0x200000d8   Data           4  lab2.o(.data)
    .data                                    0x20000148   Section        4  timer3a.o(.data)
    .data                                    0x2000014c   Section        4  switch.o(.data)
    .bss                                     0x20000150   Section      432  os.o(.bss)
    RmailFifo                                0x20000150   Data          16  os.o(.bss)
    TmailFifo                                0x20000160   Data          16  os.o(.bss)
    .bss                                     0x20000300   Section       32  uart.o(.bss)
    RxFifo                                   0x20000300   Data          16  uart.o(.bss)
    TxFifo                                   0x20000310   Data          16  uart.o(.bss)
    .bss                                     0x20000320   Section     6000  heap.o(.bss)
    Heap                                     0x20000320   Data        6000  heap.o(.bss)
    .bss                                     0x20001a90   Section       12  st7735.o(.bss)
    .bss                                     0x20001a9c   Section     1616  lab2.o(.bss)
    x                                        0x20001b9c   Data          24  lab2.o(.bss)
    y                                        0x20001bb4   Data          24  lab2.o(.bss)
    .bss                                     0x200020ec   Section       96  libspace.o(.bss)
    HEAP                                     0x20002150   Section        0  startup.o(HEAP)
    STACK                                    0x20002150   Section     1024  startup.o(STACK)
    HeapMem                                  0x20002150   Data           0  startup.o(HEAP)
    StackMem                                 0x20002150   Data           0  startup.o(STACK)

    Global Symbols

    Symbol Name                              Value     Ov Type        Size  Object(Section)

    BuildAttributes$$THM_ISAv4$E$P$D$K$B$S$7EM$PE$A:L22UL41UL21$X:L11$S22US41US21$IEEE1$IW$USESV6$~STKCKD$USESV7$~SHL$OSPACE$ROPI$EBA8$UX$STANDARDLIB$REQ8$PRES8$EABIv2 0x00000000   Number         0  anon$$obj.o ABSOLUTE
    __ARM_use_no_argv                        0x00000000   Number         0  lab2.o ABSOLUTE
    __Vectors                                0x00000000   Data           0  startup.o(RESET)
    __ARM_exceptions_init                     - Undefined Weak Reference
    __alloca_initialize                       - Undefined Weak Reference
    __cpp_initialize__aeabi_                  - Undefined Weak Reference
    __cxa_finalize                            - Undefined Weak Reference
    __rt_locale                               - Undefined Weak Reference
    __sigvec_lookup                           - Undefined Weak Reference
    _atexit_init                              - Undefined Weak Reference
    _call_atexit_fns                          - Undefined Weak Reference
    _clock_init                               - Undefined Weak Reference
    _fp_trap_init                             - Undefined Weak Reference
    _fp_trap_shutdown                         - Undefined Weak Reference
    _get_lc_collate                           - Undefined Weak Reference
    _get_lc_ctype                             - Undefined Weak Reference
    _get_lc_monetary                          - Undefined Weak Reference
    _get_lc_numeric                           - Undefined Weak Reference
    _get_lc_time                              - Undefined Weak Reference
    _getenv_init                              - Undefined Weak Reference
    _handle_redirection                       - Undefined Weak Reference
    _init_alloc                               - Undefined Weak Reference
    _init_user_alloc                          - Undefined Weak Reference
    _initio                                   - Undefined Weak Reference
    _rand_init                                - Undefined Weak Reference
    _signal_finish                            - Undefined Weak Reference
    _signal_init                              - Undefined Weak Reference
    _terminate_alloc                          - Undefined Weak Reference
    _terminate_user_alloc                     - Undefined Weak Reference
    _terminateio                              - Undefined Weak Reference
    Reset_Handler                            0x0000026d   Thumb Code     0  startup.o(RESET)
    NMI_Handler                              0x00000271   Thumb Code     2  startup.o(RESET)
    HardFault_Handler                        0x00000273   Thumb Code     2  startup.o(RESET)
    MemManage_Handler                        0x00000275   Thumb Code     2  startup.o(RESET)
    BusFault_Handler                         0x00000277   Thumb Code     2  startup.o(RESET)
    UsageFault_Handler                       0x00000279   Thumb Code     2  startup.o(RESET)
    SVC_Handler                              0x0000027b   Thumb Code     2  startup.o(RESET)
    DebugMon_Handler                         0x0000027d   Thumb Code     2  startup.o(RESET)
    ADC0Seq0_Handler                         0x00000283   Thumb Code     0  startup.o(RESET)
    ADC0Seq1_Handler                         0x00000283   Thumb Code     0  startup.o(RESET)
    ADC0Seq2_Handler                         0x00000283   Thumb Code     0  startup.o(RESET)
    ADC1Seq0_Handler                         0x00000283   Thumb Code     0  startup.o(RESET)
    ADC1Seq1_Handler                         0x00000283   Thumb Code     0  startup.o(RESET)
    ADC1Seq2_Handler                         0x00000283   Thumb Code     0  startup.o(RESET)
    ADC1Seq3_Handler                         0x00000283   Thumb Code     0  startup.o(RESET)
    CAN0_Handler                             0x00000283   Thumb Code     0  startup.o(RESET)
    CAN1_Handler                             0x00000283   Thumb Code     0  startup.o(RESET)
    CAN2_Handler                             0x00000283   Thumb Code     0  startup.o(RESET)
    Comp0_Handler                            0x00000283   Thumb Code     0  startup.o(RESET)
    Comp1_Handler                            0x00000283   Thumb Code     0  startup.o(RESET)
    Comp2_Handler                            0x00000283   Thumb Code     0  startup.o(RESET)
    Ethernet_Handler                         0x00000283   Thumb Code     0  startup.o(RESET)
    ExtBus_Handler                           0x00000283   Thumb Code     0  startup.o(RESET)
    FPU_Handler                              0x00000283   Thumb Code     0  startup.o(RESET)
    Fan0_Handler                             0x00000283   Thumb Code     0  startup.o(RESET)
    FlashCtl_Handler                         0x00000283   Thumb Code     0  startup.o(RESET)
    GPIOPortA_Handler                        0x00000283   Thumb Code     0  startup.o(RESET)
    GPIOPortB_Handler                        0x00000283   Thumb Code     0  startup.o(RESET)
    GPIOPortC_Handler                        0x00000283   Thumb Code     0  startup.o(RESET)
    GPIOPortD_Handler                        0x00000283   Thumb Code     0  startup.o(RESET)
    GPIOPortE_Handler                        0x00000283   Thumb Code     0  startup.o(RESET)
    GPIOPortG_Handler                        0x00000283   Thumb Code     0  startup.o(RESET)
    GPIOPortH_Handler                        0x00000283   Thumb Code     0  startup.o(RESET)
    GPIOPortJ_Handler                        0x00000283   Thumb Code     0  startup.o(RESET)
    GPIOPortK_Handler                        0x00000283   Thumb Code     0  startup.o(RESET)
    GPIOPortL_Handler                        0x00000283   Thumb Code     0  startup.o(RESET)
    GPIOPortM_Handler                        0x00000283   Thumb Code     0  startup.o(RESET)
    GPIOPortN_Handler                        0x00000283   Thumb Code     0  startup.o(RESET)
    GPIOPortP1_Handler                       0x00000283   Thumb Code     0  startup.o(RESET)
    GPIOPortP2_Handler                       0x00000283   Thumb Code     0  startup.o(RESET)
    GPIOPortP3_Handler                       0x00000283   Thumb Code     0  startup.o(RESET)
    GPIOPortP4_Handler                       0x00000283   Thumb Code     0  startup.o(RESET)
    GPIOPortP5_Handler                       0x00000283   Thumb Code     0  startup.o(RESET)
    GPIOPortP6_Handler                       0x00000283   Thumb Code     0  startup.o(RESET)
    GPIOPortP7_Handler                       0x00000283   Thumb Code     0  startup.o(RESET)
    GPIOPortP_Handler                        0x00000283   Thumb Code     0  startup.o(RESET)
    GPIOPortQ1_Handler                       0x00000283   Thumb Code     0  startup.o(RESET)
    GPIOPortQ2_Handler                       0x00000283   Thumb Code     0  startup.o(RESET)
    GPIOPortQ3_Handler                       0x00000283   Thumb Code     0  startup.o(RESET)
    GPIOPortQ4_Handler                       0x00000283   Thumb Code     0  startup.o(RESET)
    GPIOPortQ5_Handler                       0x00000283   Thumb Code     0  startup.o(RESET)
    GPIOPortQ6_Handler                       0x00000283   Thumb Code     0  startup.o(RESET)
    GPIOPortQ7_Handler                       0x00000283   Thumb Code     0  startup.o(RESET)
    GPIOPortQ_Handler                        0x00000283   Thumb Code     0  startup.o(RESET)
    GPIOPortR_Handler                        0x00000283   Thumb Code     0  startup.o(RESET)
    GPIOPortS_Handler                        0x00000283   Thumb Code     0  startup.o(RESET)
    Hibernate_Handler                        0x00000283   Thumb Code     0  startup.o(RESET)
    I2C0_Handler                             0x00000283   Thumb Code     0  startup.o(RESET)
    I2C1_Handler                             0x00000283   Thumb Code     0  startup.o(RESET)
    I2C2_Handler                             0x00000283   Thumb Code     0  startup.o(RESET)
    I2C3_Handler                             0x00000283   Thumb Code     0  startup.o(RESET)
    I2C4_Handler                             0x00000283   Thumb Code     0  startup.o(RESET)
    I2C5_Handler                             0x00000283   Thumb Code     0  startup.o(RESET)
    I2S0_Handler                             0x00000283   Thumb Code     0  startup.o(RESET)
    LPC0_Handler                             0x00000283   Thumb Code     0  startup.o(RESET)
    PECI0_Handler                            0x00000283   Thumb Code     0  startup.o(RESET)
    PWM0Fault_Handler                        0x00000283   Thumb Code     0  startup.o(RESET)
    PWM0Generator0_Handler                   0x00000283   Thumb Code     0  startup.o(RESET)
    PWM0Generator1_Handler                   0x00000283   Thumb Code     0  startup.o(RESET)
    PWM0Generator2_Handler                   0x00000283   Thumb Code     0  startup.o(RESET)
    PWM0Generator3_Handler                   0x00000283   Thumb Code     0  startup.o(RESET)
    PWM1Fault_Handler                        0x00000283   Thumb Code     0  startup.o(RESET)
    PWM1Generator0_Handler                   0x00000283   Thumb Code     0  startup.o(RESET)
    PWM1Generator1_Handler                   0x00000283   Thumb Code     0  startup.o(RESET)
    PWM1Generator2_Handler                   0x00000283   Thumb Code     0  startup.o(RESET)
    PWM1Generator3_Handler                   0x00000283   Thumb Code     0  startup.o(RESET)
    Quadrature0_Handler                      0x00000283   Thumb Code     0  startup.o(RESET)
    Quadrature1_Handler                      0x00000283   Thumb Code     0  startup.o(RESET)
    Quadrature2_Handler                      0x00000283   Thumb Code     0  startup.o(RESET)
    SSI0_Handler                             0x00000283   Thumb Code     0  startup.o(RESET)
    SSI1_Handler                             0x00000283   Thumb Code     0  startup.o(RESET)
    SSI2_Handler                             0x00000283   Thumb Code     0  startup.o(RESET)
    SSI3_Handler                             0x00000283   Thumb Code     0  startup.o(RESET)
    SysCtl_Handler                           0x00000283   Thumb Code     0  startup.o(RESET)
    Timer0A_Handler                          0x00000283   Thumb Code     0  startup.o(RESET)
    Timer0B_Handler                          0x00000283   Thumb Code     0  startup.o(RESET)
    Timer1B_Handler                          0x00000283   Thumb Code     0  startup.o(RESET)
    Timer2A_Handler                          0x00000283   Thumb Code     0  startup.o(RESET)
    Timer2B_Handler                          0x00000283   Thumb Code     0  startup.o(RESET)
    Timer3B_Handler                          0x00000283   Thumb Code     0  startup.o(RESET)
    Timer4A_Handler                          0x00000283   Thumb Code     0  startup.o(RESET)
    Timer4B_Handler                          0x00000283   Thumb Code     0  startup.o(RESET)
    Timer5A_Handler                          0x00000283   Thumb Code     0  startup.o(RESET)
    Timer5B_Handler                          0x00000283   Thumb Code     0  startup.o(RESET)
    UART1_Handler                            0x00000283   Thumb Code     0  startup.o(RESET)
    UART2_Handler                            0x00000283   Thumb Code     0  startup.o(RESET)
    UART3_Handler                            0x00000283   Thumb Code     0  startup.o(RESET)
    UART4_Handler                            0x00000283   Thumb Code     0  startup.o(RESET)
    UART5_Handler                            0x00000283   Thumb Code     0  startup.o(RESET)
    UART6_Handler                            0x00000283   Thumb Code     0  startup.o(RESET)
    UART7_Handler                            0x00000283   Thumb Code     0  startup.o(RESET)
    USB0_Handler                             0x00000283   Thumb Code     0  startup.o(RESET)
    WDT_Handler                              0x00000283   Thumb Code     0  startup.o(RESET)
    WideTimer0A_Handler                      0x00000283   Thumb Code     0  startup.o(RESET)
    WideTimer0B_Handler                      0x00000283   Thumb Code     0  startup.o(RESET)
    WideTimer1A_Handler                      0x00000283   Thumb Code     0  startup.o(RESET)
    WideTimer1B_Handler                      0x00000283   Thumb Code     0  startup.o(RESET)
    WideTimer2A_Handler                      0x00000283   Thumb Code     0  startup.o(RESET)
    WideTimer2B_Handler                      0x00000283   Thumb Code     0  startup.o(RESET)
    WideTimer3A_Handler                      0x00000283   Thumb Code     0  startup.o(RESET)
    WideTimer3B_Handler                      0x00000283   Thumb Code     0  startup.o(RESET)
    WideTimer4A_Handler                      0x00000283   Thumb Code     0  startup.o(RESET)
    WideTimer4B_Handler                      0x00000283   Thumb Code     0  startup.o(RESET)
    WideTimer5A_Handler                      0x00000283   Thumb Code     0  startup.o(RESET)
    WideTimer5B_Handler                      0x00000283   Thumb Code     0  startup.o(RESET)
    uDMA_Error                               0x00000283   Thumb Code     0  startup.o(RESET)
    uDMA_Handler                             0x00000283   Thumb Code     0  startup.o(RESET)
    __main                                   0x00000285   Thumb Code     8  __main.o(!!!main)
    __scatterload                            0x0000028d   Thumb Code     0  __scatter.o(!!!scatter)
    __scatterload_rt2                        0x0000028d   Thumb Code    44  __scatter.o(!!!scatter)
    __scatterload_rt2_thumb_only             0x0000028d   Thumb Code     0  __scatter.o(!!!scatter)
    __scatterload_null                       0x0000029b   Thumb Code     0  __scatter.o(!!!scatter)
    __decompress                             0x000002c1   Thumb Code    58  __dczerorl.o(!!dczerorl)
    __decompress0                            0x000002c1   Thumb Code     0  __dczerorl.o(!!dczerorl)
    __scatterload_zeroinit                   0x000002fd   Thumb Code    28  __scatter_zi.o(!!handler_zi)
    __rt_lib_init                            0x00000319   Thumb Code     0  libinit.o(.ARM.Collect$$libinit$$00000000)
    __rt_lib_init_alloca_1                   0x0000031b   Thumb Code     0  libinit2.o(.ARM.Collect$$libinit$$0000002C)
    __rt_lib_init_argv_1                     0x0000031b   Thumb Code     0  libinit2.o(.ARM.Collect$$libinit$$0000002A)
    __rt_lib_init_atexit_1                   0x0000031b   Thumb Code     0  libinit2.o(.ARM.Collect$$libinit$$00000019)
    __rt_lib_init_clock_1                    0x0000031b   Thumb Code     0  libinit2.o(.ARM.Collect$$libinit$$0000001F)
    __rt_lib_init_cpp_1                      0x0000031b   Thumb Code     0  libinit2.o(.ARM.Collect$$libinit$$00000030)
    __rt_lib_init_exceptions_1               0x0000031b   Thumb Code     0  libinit2.o(.ARM.Collect$$libinit$$0000002E)
    __rt_lib_init_fp_1                       0x0000031b   Thumb Code     0  libinit2.o(.ARM.Collect$$libinit$$00000002)
    __rt_lib_init_fp_trap_1                  0x0000031b   Thumb Code     0  libinit2.o(.ARM.Collect$$libinit$$0000001D)
    __rt_lib_init_getenv_1                   0x0000031b   Thumb Code     0  libinit2.o(.ARM.Collect$$libinit$$00000021)
    __rt_lib_init_heap_1                     0x0000031b   Thumb Code     0  libinit2.o(.ARM.Collect$$libinit$$00000008)
    __rt_lib_init_lc_collate_1               0x0000031b   Thumb Code     0  libinit2.o(.ARM.Collect$$libinit$$0000000F)
    __rt_lib_init_lc_ctype_1                 0x0000031b   Thumb Code     0  libinit2.o(.ARM.Collect$$libinit$$00000011)
    __rt_lib_init_lc_monetary_1              0x0000031b   Thumb Code     0  libinit2.o(.ARM.Collect$$libinit$$00000013)
    __rt_lib_init_lc_numeric_1               0x0000031b   Thumb Code     0  libinit2.o(.ARM.Collect$$libinit$$00000015)
    __rt_lib_init_lc_time_1                  0x0000031b   Thumb Code     0  libinit2.o(.ARM.Collect$$libinit$$00000017)
    __rt_lib_init_rand_1                     0x0000031b   Thumb Code     0  libinit2.o(.ARM.Collect$$libinit$$0000000C)
    __rt_lib_init_return                     0x0000031b   Thumb Code     0  libinit2.o(.ARM.Collect$$libinit$$00000031)
    __rt_lib_init_signal_1                   0x0000031b   Thumb Code     0  libinit2.o(.ARM.Collect$$libinit$$0000001B)
    __rt_lib_init_stdio_1                    0x0000031b   Thumb Code     0  libinit2.o(.ARM.Collect$$libinit$$00000023)
    __rt_lib_init_user_alloc_1               0x0000031b   Thumb Code     0  libinit2.o(.ARM.Collect$$libinit$$0000000A)
    __rt_lib_shutdown                        0x0000031d   Thumb Code     0  libshutdown.o(.ARM.Collect$$libshutdown$$00000000)
    __rt_lib_shutdown_fp_trap_1              0x0000031f   Thumb Code     0  libshutdown2.o(.ARM.Collect$$libshutdown$$00000006)
    __rt_lib_shutdown_heap_1                 0x0000031f   Thumb Code     0  libshutdown2.o(.ARM.Collect$$libshutdown$$0000000E)
    __rt_lib_shutdown_return                 0x0000031f   Thumb Code     0  libshutdown2.o(.ARM.Collect$$libshutdown$$0000000F)
    __rt_lib_shutdown_signal_1               0x0000031f   Thumb Code     0  libshutdown2.o(.ARM.Collect$$libshutdown$$00000009)
    __rt_lib_shutdown_stdio_1                0x0000031f   Thumb Code     0  libshutdown2.o(.ARM.Collect$$libshutdown$$00000003)
    __rt_lib_shutdown_user_alloc_1           0x0000031f   Thumb Code     0  libshutdown2.o(.ARM.Collect$$libshutdown$$0000000B)
    __rt_entry                               0x00000321   Thumb Code     0  rtentry.o(.ARM.Collect$$rtentry$$00000000)
    __rt_entry_presh_1                       0x00000321   Thumb Code     0  rtentry2.o(.ARM.Collect$$rtentry$$00000002)
    __rt_entry_sh                            0x00000321   Thumb Code     0  rtentry4.o(.ARM.Collect$$rtentry$$00000004)
    __rt_entry_li                            0x00000327   Thumb Code     0  rtentry2.o(.ARM.Collect$$rtentry$$0000000A)
    __rt_entry_postsh_1                      0x00000327   Thumb Code     0  rtentry2.o(.ARM.Collect$$rtentry$$00000009)
    __rt_entry_main                          0x0000032b   Thumb Code     0  rtentry2.o(.ARM.Collect$$rtentry$$0000000D)
    __rt_entry_postli_1                      0x0000032b   Thumb Code     0  rtentry2.o(.ARM.Collect$$rtentry$$0000000C)
    __rt_exit                                0x00000333   Thumb Code     0  rtexit.o(.ARM.Collect$$rtexit$$00000000)
    __rt_exit_ls                             0x00000335   Thumb Code     0  rtexit2.o(.ARM.Collect$$rtexit$$00000003)
    __rt_exit_prels_1                        0x00000335   Thumb Code     0  rtexit2.o(.ARM.Collect$$rtexit$$00000002)
    __rt_exit_exit                           0x00000339   Thumb Code     0  rtexit2.o(.ARM.Collect$$rtexit$$00000004)
    DisableInterrupts                        0x00000341   Thumb Code     0  startup.o(.text)
    EnableInterrupts                         0x00000345   Thumb Code     0  startup.o(.text)
    StartCritical                            0x00000349   Thumb Code     0  startup.o(.text)
    EndCritical                              0x00000351   Thumb Code     0  startup.o(.text)
    WaitForInterrupt                         0x00000357   Thumb Code     0  startup.o(.text)
    __user_initial_stackheap                 0x0000035b   Thumb Code     0  startup.o(.text)
    OS_Launch                                0x00000373   Thumb Code     0  osasm.o(.text)
    SysTick_Handler                          0x0000039d   Thumb Code     0  osasm.o(.text)
    PendSV_Handler                           0x00000417   Thumb Code     0  osasm.o(.text)
    PID_stm32                                0x000004a1   Thumb Code     0  pid_stm32.o(.text)
    cr4_fft_64_stm32                         0x000004e9   Thumb Code     0  cr4_fft_64_stm32.o(.text)
    __use_two_region_memory                  0x000007b7   Thumb Code     2  heapauxi.o(.text)
    __rt_heap_escrow$2region                 0x000007b9   Thumb Code     2  heapauxi.o(.text)
    __rt_heap_expand$2region                 0x000007bb   Thumb Code     2  heapauxi.o(.text)
    __user_setup_stackheap                   0x000007bd   Thumb Code    74  sys_stackheap_outer.o(.text)
    exit                                     0x00000807   Thumb Code    12  exit.o(.text)
    __user_libspace                          0x00000815   Thumb Code     8  libspace.o(.text)
    __user_perproc_libspace                  0x00000815   Thumb Code     0  libspace.o(.text)
    __user_perthread_libspace                0x00000815   Thumb Code     0  libspace.o(.text)
    _sys_exit                                0x0000081d   Thumb Code     8  sys_exit.o(.text)
    __I$use$semihosting                      0x00000829   Thumb Code     0  use_no_semi.o(.text)
    __use_no_semihosting_swi                 0x00000829   Thumb Code     2  use_no_semi.o(.text)
    __semihosting_library_function           0x0000082b   Thumb Code     0  indicate_semi.o(.text)
    ADC0Seq3_Handler                         0x0000082d   Thumb Code    16  adc.o(i.ADC0Seq3_Handler)
    ADC_ChangeSampleRateHz                   0x00000849   Thumb Code    44  adc.o(i.ADC_ChangeSampleRateHz)
    ADC_Collect                              0x00000889   Thumb Code    80  adc.o(i.ADC_Collect)
    ADC_In                                   0x000008e5   Thumb Code    20  adc.o(i.ADC_In)
    ADC_Init                                 0x00000901   Thumb Code   430  adc.o(i.ADC_Init)
    ADC_Open                                 0x00000ae9   Thumb Code    48  adc.o(i.ADC_Open)
    Board_Init                               0x00000b1d   Thumb Code   240  switch.o(i.Board_Init)
    ButtonWork                               0x00000c45   Thumb Code   112  lab2.o(i.ButtonWork)
    Consumer                                 0x00000d09   Thumb Code   118  lab2.o(i.Consumer)
    DAS                                      0x00000d9d   Thumb Code   172  lab2.o(i.DAS)
    Delay1ms                                 0x00000e65   Thumb Code    32  st7735.o(i.Delay1ms)
    Display                                  0x00000e85   Thumb Code    76  lab2.o(i.Display)
    Filter                                   0x00000ef1   Thumb Code   186  lab2.o(i.Filter)
    GPIOPortF_Handler                        0x00000fb9   Thumb Code    16  switch.o(i.GPIOPortF_Handler)
    Heap_Free                                0x00000fd1   Thumb Code   140  heap.o(i.Heap_Free)
    Heap_Init                                0x00001061   Thumb Code    14  heap.o(i.Heap_Init)
    Heap_Malloc                              0x0000107d   Thumb Code    78  heap.o(i.Heap_Malloc)
    Interpreter                              0x000010d1   Thumb Code     8  lab2.o(i.Interpreter)
    Interpreter_CommandLine                  0x000010d9   Thumb Code     8  uart.o(i.Interpreter_CommandLine)
    OS_AddPeriodicThread                     0x000010e1   Thumb Code    28  os.o(i.OS_AddPeriodicThread)
    OS_AddSW1Task                            0x000010fd   Thumb Code    28  os.o(i.OS_AddSW1Task)
    OS_AddThread                             0x00001119   Thumb Code   252  os.o(i.OS_AddThread)
    OS_ClearMsTime                           0x00001229   Thumb Code     8  os.o(i.OS_ClearMsTime)
    OS_Fifo_Get                              0x00001235   Thumb Code    38  os.o(i.OS_Fifo_Get)
    OS_Fifo_Init                             0x00001269   Thumb Code    34  os.o(i.OS_Fifo_Init)
    OS_Fifo_Put                              0x00001299   Thumb Code    16  os.o(i.OS_Fifo_Put)
    OS_Id                                    0x000012a9   Thumb Code    10  os.o(i.OS_Id)
    OS_Init                                  0x000012b9   Thumb Code    50  os.o(i.OS_Init)
    OS_InitSemaphore                         0x000012f5   Thumb Code     4  os.o(i.OS_InitSemaphore)
    OS_Kill                                  0x000012f9   Thumb Code    16  os.o(i.OS_Kill)
    OS_MailBox_Init                          0x0000130d   Thumb Code    20  os.o(i.OS_MailBox_Init)
    OS_MailBox_Recv                          0x00001329   Thumb Code    22  os.o(i.OS_MailBox_Recv)
    OS_MailBox_Send                          0x0000134d   Thumb Code    22  os.o(i.OS_MailBox_Send)
    OS_MsTime                                0x00001371   Thumb Code    28  os.o(i.OS_MsTime)
    OS_RemoveCurrentThread                   0x00001391   Thumb Code   136  os.o(i.OS_RemoveCurrentThread)
    OS_Signal                                0x0000142d   Thumb Code    24  os.o(i.OS_Signal)
    OS_Sleep                                 0x00001445   Thumb Code    44  os.o(i.OS_Sleep)
    OS_SleepCheck                            0x00001475   Thumb Code    50  os.o(i.OS_SleepCheck)
    OS_Suspend                               0x000014a9   Thumb Code    22  os.o(i.OS_Suspend)
    OS_Time                                  0x000014c5   Thumb Code    48  os.o(i.OS_Time)
    OS_TimeDifference                        0x00001501   Thumb Code    18  os.o(i.OS_TimeDifference)
    OS_Wait                                  0x00001513   Thumb Code    40  os.o(i.OS_Wait)
    OS_bSignal                               0x0000153b   Thumb Code    22  os.o(i.OS_bSignal)
    OS_bWait                                 0x00001551   Thumb Code    38  os.o(i.OS_bWait)
    OutCRLF                                  0x00001577   Thumb Code    16  uart.o(i.OutCRLF)
    Output_Init                              0x00001587   Thumb Code    28  st7735.o(i.Output_Init)
    PID                                      0x000015a5   Thumb Code    96  lab2.o(i.PID)
    PLL_Init                                 0x00001621   Thumb Code   118  pll.o(i.PLL_Init)
    PortE_Init                               0x0000169d   Thumb Code    88  lab2.o(i.PortE_Init)
    Producer                                 0x00001715   Thumb Code    44  lab2.o(i.Producer)
    RxFifo_Get                               0x00001749   Thumb Code    46  uart.o(i.RxFifo_Get)
    RxFifo_Init                              0x00001785   Thumb Code    26  uart.o(i.RxFifo_Init)
    RxFifo_Put                               0x000017a9   Thumb Code    48  uart.o(i.RxFifo_Put)
    RxFifo_Size                              0x000017e5   Thumb Code    14  uart.o(i.RxFifo_Size)
    ST7735_DrawCharS                         0x000017fd   Thumb Code   232  st7735.o(i.ST7735_DrawCharS)
    ST7735_DrawPixel                         0x000018f1   Thumb Code    68  st7735.o(i.ST7735_DrawPixel)
    ST7735_DrawString                        0x0000193d   Thumb Code    84  st7735.o(i.ST7735_DrawString)
    ST7735_FillRect                          0x00001991   Thumb Code   164  st7735.o(i.ST7735_FillRect)
    ST7735_FillScreen                        0x00001a3d   Thumb Code    28  st7735.o(i.ST7735_FillScreen)
    ST7735_InitR                             0x00001a61   Thumb Code   102  st7735.o(i.ST7735_InitR)
    ST7735_Message                           0x00001ae9   Thumb Code    76  st7735.o(i.ST7735_Message)
    ST7735_OutChar                           0x00001b35   Thumb Code   176  st7735.o(i.ST7735_OutChar)
    ST7735_OutString                         0x00001c09   Thumb Code    22  st7735.o(i.ST7735_OutString)
    ST7735_OutUDec                           0x00001c21   Thumb Code   118  st7735.o(i.ST7735_OutUDec)
    ST7735_SetCursor                         0x00001cad   Thumb Code    22  st7735.o(i.ST7735_SetCursor)
    SW1Push                                  0x00001ccd   Thumb Code    38  lab2.o(i.SW1Push)
    SysTick_Init                             0x00001cfd   Thumb Code    66  systickints.o(i.SysTick_Init)
    Timer1A_Handler                          0x00001d45   Thumb Code    18  timer1a.o(i.Timer1A_Handler)
    Timer1A_Init                             0x00001d61   Thumb Code    82  timer1a.o(i.Timer1A_Init)
    Timer3A_Handler                          0x00001dc5   Thumb Code    26  timer3a.o(i.Timer3A_Handler)
    Timer3A_Init                             0x00001ded   Thumb Code    84  timer3a.o(i.Timer3A_Init)
    TmailFifo_Get                            0x00001e55   Thumb Code    46  os.o(i.TmailFifo_Get)
    TmailFifo_Init                           0x00001e91   Thumb Code    26  os.o(i.TmailFifo_Init)
    TmailFifo_Put                            0x00001eb5   Thumb Code    48  os.o(i.TmailFifo_Put)
    TxFifo_Get                               0x00001ef1   Thumb Code    46  uart.o(i.TxFifo_Get)
    TxFifo_Init                              0x00001f2d   Thumb Code    26  uart.o(i.TxFifo_Init)
    TxFifo_Put                               0x00001f51   Thumb Code    48  uart.o(i.TxFifo_Put)
    TxFifo_Size                              0x00001f8d   Thumb Code    14  uart.o(i.TxFifo_Size)
    UART0_Handler                            0x00001fa5   Thumb Code    82  uart.o(i.UART0_Handler)
    UART_InChar                              0x00001ffd   Thumb Code    20  uart.o(i.UART_InChar)
    UART_Init                                0x00002011   Thumb Code   192  uart.o(i.UART_Init)
    UART_OutChar                             0x000020e9   Thumb Code    46  uart.o(i.UART_OutChar)
    UART_OutString                           0x0000211d   Thumb Code    22  uart.o(i.UART_OutString)
    fillmessage                              0x000023bd   Thumb Code    64  st7735.o(i.fillmessage)
    main                                     0x00002425   Thumb Code   136  lab2.o(i.main)
    promptNumberV                            0x0000257d   Thumb Code    84  uart.o(i.promptNumberV)
    testBS                                   0x000026b9   Thumb Code    88  uart.o(i.testBS)
    dBfs                                     0x00002d56   Data         512  st7735.o(.constdata)
    Region$$Table$$Base                      0x00002f58   Number         0  anon$$obj.o(Region$$Table)
    Region$$Table$$Limit                     0x00002f78   Number         0  anon$$obj.o(Region$$Table)
    samples                                  0x20000000   Data           4  adc.o(.data)
    totalSamples                             0x20000004   Data           4  adc.o(.data)
    collectDone                              0x20000008   Data           4  adc.o(.data)
    samplingFrequency                        0x2000000c   Data           4  adc.o(.data)
    samplingPeriod                           0x20000010   Data           4  adc.o(.data)
    ADCvalue                                 0x20000014   Data           4  adc.o(.data)
    ci                                       0x20000018   Data           4  os.o(.data)
    numThreads                               0x2000001c   Data           4  os.o(.data)
    SysTickPeriod                            0x20000020   Data           4  os.o(.data)
    dumpti                                   0x20000024   Data           4  os.o(.data)
    RmailPutI                                0x20000028   Data           4  os.o(.data)
    RmailGetI                                0x2000002c   Data           4  os.o(.data)
    TmailPutI                                0x20000030   Data           4  os.o(.data)
    TmailGetI                                0x20000034   Data           4  os.o(.data)
    TmailFifoLock                            0x20000038   Data           4  os.o(.data)
    RmailFifoLock                            0x2000003c   Data           4  os.o(.data)
    RunPt                                    0x20000040   Data           4  os.o(.data)
    NodePt                                   0x20000044   Data           4  os.o(.data)
    head                                     0x20000048   Data           4  os.o(.data)
    tail                                     0x2000004c   Data           4  os.o(.data)
    periodicInterruptCount                   0x20000050   Data           4  os.o(.data)
    rtCounter                                0x20000054   Data           4  os.o(.data)
    RTC                                      0x20000058   Data           4  os.o(.data)
    DataValid                                0x2000005c   Data           4  os.o(.data)
    BoxFree                                  0x20000060   Data           4  os.o(.data)
    mailbox                                  0x20000064   Data           4  os.o(.data)
    DataAvailable                            0x20000068   Data           4  os.o(.data)
    DataRoomLeft                             0x2000006c   Data           4  os.o(.data)
    FifoAvailable                            0x20000070   Data           4  os.o(.data)
    currentTask                              0x20000074   Data           4  os.o(.data)
    swTask                                   0x20000078   Data           4  os.o(.data)
    RxPutI                                   0x2000007c   Data           4  uart.o(.data)
    RxGetI                                   0x20000080   Data           4  uart.o(.data)
    TxPutI                                   0x20000084   Data           4  uart.o(.data)
    TxGetI                                   0x20000088   Data           4  uart.o(.data)
    StX                                      0x2000008c   Data           4  st7735.o(.data)
    StY                                      0x20000090   Data           4  st7735.o(.data)
    StTextColor                              0x20000094   Data           2  st7735.o(.data)
    lastj                                    0x2000009c   Data           4  st7735.o(.data)
    Messageindex                             0x200000a4   Data           4  st7735.o(.data)
    Ymax                                     0x200000a8   Data           4  st7735.o(.data)
    Ymin                                     0x200000ac   Data           4  st7735.o(.data)
    X                                        0x200000b0   Data           4  st7735.o(.data)
    Yrange                                   0x200000b4   Data           4  st7735.o(.data)
    dumperi                                  0x200000b8   Data           4  lab2.o(.data)
    old                                      0x200000bc   Data           4  lab2.o(.data)
    active                                   0x200000c0   Data           4  lab2.o(.data)
    countSwitch                              0x200000c4   Data           4  lab2.o(.data)
    dumpi                                    0x200000c8   Data           4  lab2.o(.data)
    NumCreated                               0x200000dc   Data           4  lab2.o(.data)
    PIDWork                                  0x200000e0   Data           4  lab2.o(.data)
    FilterWork                               0x200000e4   Data           4  lab2.o(.data)
    NumSamples                               0x200000e8   Data           4  lab2.o(.data)
    DataLost                                 0x200000ec   Data           4  lab2.o(.data)
    MaxJitter                                0x200000f0   Data           4  lab2.o(.data)
    DASoutput                                0x200000f4   Data           4  lab2.o(.data)
    IntTerm                                  0x200000f8   Data           2  lab2.o(.data)
    PrevError                                0x200000fa   Data           2  lab2.o(.data)
    Coeff                                    0x200000fc   Data           6  lab2.o(.data)
    Actuator                                 0x20000102   Data           2  lab2.o(.data)
    Count1                                   0x20000104   Data           4  lab2.o(.data)
    Count2                                   0x20000108   Data           4  lab2.o(.data)
    Count3                                   0x2000010c   Data           4  lab2.o(.data)
    Count4                                   0x20000110   Data           4  lab2.o(.data)
    Count5                                   0x20000114   Data           4  lab2.o(.data)
    Readyc                                   0x20000118   Data           4  lab2.o(.data)
    Lost                                     0x2000011c   Data           4  lab2.o(.data)
    Readyd                                   0x20000120   Data           4  lab2.o(.data)
    CountA                                   0x20000124   Data           4  lab2.o(.data)
    CountB                                   0x20000128   Data           4  lab2.o(.data)
    s                                        0x2000012c   Data           4  lab2.o(.data)
    SignalCount1                             0x20000130   Data           4  lab2.o(.data)
    SignalCount2                             0x20000134   Data           4  lab2.o(.data)
    SignalCount3                             0x20000138   Data           4  lab2.o(.data)
    WaitCount1                               0x2000013c   Data           4  lab2.o(.data)
    WaitCount2                               0x20000140   Data           4  lab2.o(.data)
    WaitCount3                               0x20000144   Data           4  lab2.o(.data)
    PeriodicTask                             0x20000148   Data           4  timer3a.o(.data)
    SWTask                                   0x2000014c   Data           4  switch.o(.data)
    dumpt                                    0x20000170   Data         400  os.o(.bss)
    Message                                  0x20001a90   Data          12  st7735.o(.bss)
    JitterHistogram                          0x20001a9c   Data         256  lab2.o(.bss)
    x                                        0x20001bcc   Data         256  lab2.o(.bss)
    y                                        0x20001ccc   Data         256  lab2.o(.bss)
    dumper                                   0x20001dcc   Data         400  lab2.o(.bss)
    dump                                     0x20001f5c   Data         400  lab2.o(.bss)
    __libspace_start                         0x200020ec   Data          96  libspace.o(.bss)
    __temporary_stack_top$libspace           0x2000214c   Data           0  libspace.o(.bss)



==============================================================================

Memory Map of the image

  Image Entry point : 0x0000026d

  Load Region LR_1 (Base: 0x00000000, Size: 0x000030c8, Max: 0xffffffff, ABSOLUTE, COMPRESSED[0x00002f84])

    Execution Region ER_RO (Base: 0x00000000, Size: 0x00002f78, Max: 0xffffffff, ABSOLUTE)

    Base Addr    Size         Type   Attr      Idx    E Section Name        Object

    0x00000000   0x00000284   Code   RO            3  * RESET               startup.o
    0x00000284   0x00000008   Code   RO         1423  * !!!main             c_w.l(__main.o)
    0x0000028c   0x00000034   Code   RO         1579    !!!scatter          c_w.l(__scatter.o)
    0x000002c0   0x0000003a   Code   RO         1577    !!dczerorl          c_w.l(__dczerorl.o)
    0x000002fa   0x00000002   PAD
    0x000002fc   0x0000001c   Code   RO         1581    !!handler_zi        c_w.l(__scatter_zi.o)
    0x00000318   0x00000002   Code   RO         1450    .ARM.Collect$$libinit$$00000000  c_w.l(libinit.o)
    0x0000031a   0x00000000   Code   RO         1457    .ARM.Collect$$libinit$$00000002  c_w.l(libinit2.o)
    0x0000031a   0x00000000   Code   RO         1460    .ARM.Collect$$libinit$$00000008  c_w.l(libinit2.o)
    0x0000031a   0x00000000   Code   RO         1462    .ARM.Collect$$libinit$$0000000A  c_w.l(libinit2.o)
    0x0000031a   0x00000000   Code   RO         1464    .ARM.Collect$$libinit$$0000000C  c_w.l(libinit2.o)
    0x0000031a   0x00000000   Code   RO         1467    .ARM.Collect$$libinit$$0000000F  c_w.l(libinit2.o)
    0x0000031a   0x00000000   Code   RO         1469    .ARM.Collect$$libinit$$00000011  c_w.l(libinit2.o)
    0x0000031a   0x00000000   Code   RO         1471    .ARM.Collect$$libinit$$00000013  c_w.l(libinit2.o)
    0x0000031a   0x00000000   Code   RO         1473    .ARM.Collect$$libinit$$00000015  c_w.l(libinit2.o)
    0x0000031a   0x00000000   Code   RO         1475    .ARM.Collect$$libinit$$00000017  c_w.l(libinit2.o)
    0x0000031a   0x00000000   Code   RO         1477    .ARM.Collect$$libinit$$00000019  c_w.l(libinit2.o)
    0x0000031a   0x00000000   Code   RO         1479    .ARM.Collect$$libinit$$0000001B  c_w.l(libinit2.o)
    0x0000031a   0x00000000   Code   RO         1481    .ARM.Collect$$libinit$$0000001D  c_w.l(libinit2.o)
    0x0000031a   0x00000000   Code   RO         1483    .ARM.Collect$$libinit$$0000001F  c_w.l(libinit2.o)
    0x0000031a   0x00000000   Code   RO         1485    .ARM.Collect$$libinit$$00000021  c_w.l(libinit2.o)
    0x0000031a   0x00000000   Code   RO         1487    .ARM.Collect$$libinit$$00000023  c_w.l(libinit2.o)
    0x0000031a   0x00000000   Code   RO         1491    .ARM.Collect$$libinit$$0000002A  c_w.l(libinit2.o)
    0x0000031a   0x00000000   Code   RO         1493    .ARM.Collect$$libinit$$0000002C  c_w.l(libinit2.o)
    0x0000031a   0x00000000   Code   RO         1495    .ARM.Collect$$libinit$$0000002E  c_w.l(libinit2.o)
    0x0000031a   0x00000000   Code   RO         1497    .ARM.Collect$$libinit$$00000030  c_w.l(libinit2.o)
    0x0000031a   0x00000002   Code   RO         1498    .ARM.Collect$$libinit$$00000031  c_w.l(libinit2.o)
    0x0000031c   0x00000002   Code   RO         1518    .ARM.Collect$$libshutdown$$00000000  c_w.l(libshutdown.o)
    0x0000031e   0x00000000   Code   RO         1532    .ARM.Collect$$libshutdown$$00000003  c_w.l(libshutdown2.o)
    0x0000031e   0x00000000   Code   RO         1535    .ARM.Collect$$libshutdown$$00000006  c_w.l(libshutdown2.o)
    0x0000031e   0x00000000   Code   RO         1538    .ARM.Collect$$libshutdown$$00000009  c_w.l(libshutdown2.o)
    0x0000031e   0x00000000   Code   RO         1540    .ARM.Collect$$libshutdown$$0000000B  c_w.l(libshutdown2.o)
    0x0000031e   0x00000000   Code   RO         1543    .ARM.Collect$$libshutdown$$0000000E  c_w.l(libshutdown2.o)
    0x0000031e   0x00000002   Code   RO         1544    .ARM.Collect$$libshutdown$$0000000F  c_w.l(libshutdown2.o)
    0x00000320   0x00000000   Code   RO         1425    .ARM.Collect$$rtentry$$00000000  c_w.l(rtentry.o)
    0x00000320   0x00000000   Code   RO         1427    .ARM.Collect$$rtentry$$00000002  c_w.l(rtentry2.o)
    0x00000320   0x00000006   Code   RO         1439    .ARM.Collect$$rtentry$$00000004  c_w.l(rtentry4.o)
    0x00000326   0x00000000   Code   RO         1429    .ARM.Collect$$rtentry$$00000009  c_w.l(rtentry2.o)
    0x00000326   0x00000004   Code   RO         1430    .ARM.Collect$$rtentry$$0000000A  c_w.l(rtentry2.o)
    0x0000032a   0x00000000   Code   RO         1432    .ARM.Collect$$rtentry$$0000000C  c_w.l(rtentry2.o)
    0x0000032a   0x00000008   Code   RO         1433    .ARM.Collect$$rtentry$$0000000D  c_w.l(rtentry2.o)
    0x00000332   0x00000002   Code   RO         1454    .ARM.Collect$$rtexit$$00000000  c_w.l(rtexit.o)
    0x00000334   0x00000000   Code   RO         1500    .ARM.Collect$$rtexit$$00000002  c_w.l(rtexit2.o)
    0x00000334   0x00000004   Code   RO         1501    .ARM.Collect$$rtexit$$00000003  c_w.l(rtexit2.o)
    0x00000338   0x00000006   Code   RO         1502    .ARM.Collect$$rtexit$$00000004  c_w.l(rtexit2.o)
    0x0000033e   0x00000002   PAD
    0x00000340   0x00000030   Code   RO            4    .text               startup.o
    0x00000370   0x00000130   Code   RO           34    .text               osasm.o
    0x000004a0   0x00000048   Code   RO         1347    .text               pid_stm32.o
    0x000004e8   0x000002ce   Code   RO         1350    .text               cr4_fft_64_stm32.o
    0x000007b6   0x00000006   Code   RO         1421    .text               c_w.l(heapauxi.o)
    0x000007bc   0x0000004a   Code   RO         1441    .text               c_w.l(sys_stackheap_outer.o)
    0x00000806   0x0000000c   Code   RO         1443    .text               c_w.l(exit.o)
    0x00000812   0x00000002   PAD
    0x00000814   0x00000008   Code   RO         1451    .text               c_w.l(libspace.o)
    0x0000081c   0x0000000c   Code   RO         1510    .text               c_w.l(sys_exit.o)
    0x00000828   0x00000002   Code   RO         1521    .text               c_w.l(use_no_semi.o)
    0x0000082a   0x00000000   Code   RO         1523    .text               c_w.l(indicate_semi.o)
    0x0000082a   0x00000002   PAD
    0x0000082c   0x0000001c   Code   RO           37    i.ADC0Seq3_Handler  adc.o
    0x00000848   0x00000040   Code   RO           38    i.ADC_ChangeSampleRateHz  adc.o
    0x00000888   0x0000005c   Code   RO           40    i.ADC_Collect       adc.o
    0x000008e4   0x0000001c   Code   RO           44    i.ADC_In            adc.o
    0x00000900   0x000001e8   Code   RO           45    i.ADC_Init          adc.o
    0x00000ae8   0x00000034   Code   RO           47    i.ADC_Open          adc.o
    0x00000b1c   0x00000128   Code   RO         1375    i.Board_Init        switch.o
    0x00000c44   0x000000c4   Code   RO          982    i.ButtonWork        lab2.o
    0x00000d08   0x00000094   Code   RO          983    i.Consumer          lab2.o
    0x00000d9c   0x000000c8   Code   RO          984    i.DAS               lab2.o
    0x00000e64   0x00000020   Code   RO          697    i.Delay1ms          st7735.o
    0x00000e84   0x0000006c   Code   RO          985    i.Display           lab2.o
    0x00000ef0   0x000000c8   Code   RO          986    i.Filter            lab2.o
    0x00000fb8   0x00000018   Code   RO         1376    i.GPIOPortF_Handler  switch.o
    0x00000fd0   0x00000090   Code   RO          588    i.Heap_Free         heap.o
    0x00001060   0x0000001c   Code   RO          589    i.Heap_Init         heap.o
    0x0000107c   0x00000054   Code   RO          590    i.Heap_Malloc       heap.o
    0x000010d0   0x00000008   Code   RO          987    i.Interpreter       lab2.o
    0x000010d8   0x00000008   Code   RO          403    i.Interpreter_CommandLine  uart.o
    0x000010e0   0x0000001c   Code   RO          123    i.OS_AddPeriodicThread  os.o
    0x000010fc   0x0000001c   Code   RO          124    i.OS_AddSW1Task     os.o
    0x00001118   0x00000110   Code   RO          125    i.OS_AddThread      os.o
    0x00001228   0x0000000c   Code   RO          126    i.OS_ClearMsTime    os.o
    0x00001234   0x00000034   Code   RO          128    i.OS_Fifo_Get       os.o
    0x00001268   0x00000030   Code   RO          129    i.OS_Fifo_Init      os.o
    0x00001298   0x00000010   Code   RO          130    i.OS_Fifo_Put       os.o
    0x000012a8   0x00000010   Code   RO          131    i.OS_Id             os.o
    0x000012b8   0x0000003c   Code   RO          132    i.OS_Init           os.o
    0x000012f4   0x00000004   Code   RO          133    i.OS_InitSemaphore  os.o
    0x000012f8   0x00000014   Code   RO          134    i.OS_Kill           os.o
    0x0000130c   0x0000001c   Code   RO          135    i.OS_MailBox_Init   os.o
    0x00001328   0x00000024   Code   RO          136    i.OS_MailBox_Recv   os.o
    0x0000134c   0x00000024   Code   RO          137    i.OS_MailBox_Send   os.o
    0x00001370   0x00000020   Code   RO          138    i.OS_MsTime         os.o
    0x00001390   0x0000009c   Code   RO          140    i.OS_RemoveCurrentThread  os.o
    0x0000142c   0x00000018   Code   RO          141    i.OS_Signal         os.o
    0x00001444   0x00000030   Code   RO          142    i.OS_Sleep          os.o
    0x00001474   0x00000032   Code   RO          143    i.OS_SleepCheck     os.o
    0x000014a6   0x00000002   PAD
    0x000014a8   0x0000001c   Code   RO          145    i.OS_Suspend        os.o
    0x000014c4   0x0000003c   Code   RO          146    i.OS_Time           os.o
    0x00001500   0x00000012   Code   RO          147    i.OS_TimeDifference  os.o
    0x00001512   0x00000028   Code   RO          149    i.OS_Wait           os.o
    0x0000153a   0x00000016   Code   RO          150    i.OS_bSignal        os.o
    0x00001550   0x00000026   Code   RO          151    i.OS_bWait          os.o
    0x00001576   0x00000010   Code   RO          404    i.OutCRLF           uart.o
    0x00001586   0x0000001c   Code   RO          700    i.Output_Init       st7735.o
    0x000015a2   0x00000002   PAD
    0x000015a4   0x0000007c   Code   RO          990    i.PID               lab2.o
    0x00001620   0x0000007c   Code   RO           12    i.PLL_Init          pll.o
    0x0000169c   0x00000078   Code   RO          991    i.PortE_Init        lab2.o
    0x00001714   0x00000034   Code   RO          994    i.Producer          lab2.o
    0x00001748   0x0000003c   Code   RO          405    i.RxFifo_Get        uart.o
    0x00001784   0x00000024   Code   RO          406    i.RxFifo_Init       uart.o
    0x000017a8   0x0000003c   Code   RO          407    i.RxFifo_Put        uart.o
    0x000017e4   0x00000018   Code   RO          408    i.RxFifo_Size       uart.o
    0x000017fc   0x000000f4   Code   RO          706    i.ST7735_DrawCharS  st7735.o
    0x000018f0   0x0000004c   Code   RO          709    i.ST7735_DrawPixel  st7735.o
    0x0000193c   0x00000054   Code   RO          710    i.ST7735_DrawString  st7735.o
    0x00001990   0x000000ac   Code   RO          711    i.ST7735_FillRect   st7735.o
    0x00001a3c   0x00000024   Code   RO          712    i.ST7735_FillScreen  st7735.o
    0x00001a60   0x00000088   Code   RO          714    i.ST7735_InitR      st7735.o
    0x00001ae8   0x0000004c   Code   RO          716    i.ST7735_Message    st7735.o
    0x00001b34   0x000000d4   Code   RO          717    i.ST7735_OutChar    st7735.o
    0x00001c08   0x00000016   Code   RO          718    i.ST7735_OutString  st7735.o
    0x00001c1e   0x00000002   PAD
    0x00001c20   0x0000008c   Code   RO          719    i.ST7735_OutUDec    st7735.o
    0x00001cac   0x00000020   Code   RO          728    i.ST7735_SetCursor  st7735.o
    0x00001ccc   0x00000030   Code   RO          996    i.SW1Push           lab2.o
    0x00001cfc   0x00000048   Code   RO          390    i.SysTick_Init      systickints.o
    0x00001d44   0x0000001c   Code   RO         1396    i.Timer1A_Handler   timer1a.o
    0x00001d60   0x00000064   Code   RO         1397    i.Timer1A_Init      timer1a.o
    0x00001dc4   0x00000028   Code   RO         1353    i.Timer3A_Handler   timer3a.o
    0x00001dec   0x00000068   Code   RO         1354    i.Timer3A_Init      timer3a.o
    0x00001e54   0x0000003c   Code   RO          156    i.TmailFifo_Get     os.o
    0x00001e90   0x00000024   Code   RO          157    i.TmailFifo_Init    os.o
    0x00001eb4   0x0000003c   Code   RO          158    i.TmailFifo_Put     os.o
    0x00001ef0   0x0000003c   Code   RO          409    i.TxFifo_Get        uart.o
    0x00001f2c   0x00000024   Code   RO          410    i.TxFifo_Init       uart.o
    0x00001f50   0x0000003c   Code   RO          411    i.TxFifo_Put        uart.o
    0x00001f8c   0x00000018   Code   RO          412    i.TxFifo_Size       uart.o
    0x00001fa4   0x00000058   Code   RO          413    i.UART0_Handler     uart.o
    0x00001ffc   0x00000014   Code   RO          414    i.UART_InChar       uart.o
    0x00002010   0x000000d8   Code   RO          418    i.UART_Init         uart.o
    0x000020e8   0x00000034   Code   RO          419    i.UART_OutChar      uart.o
    0x0000211c   0x00000016   Code   RO          420    i.UART_OutString    uart.o
    0x00002132   0x00000012   Code   RO          594    i.blockHeader       heap.o
    0x00002144   0x00000012   Code   RO          595    i.blockRoom         heap.o
    0x00002156   0x00000012   Code   RO          596    i.blockTrailer      heap.o
    0x00002168   0x00000008   Code   RO          597    i.blockUnused       heap.o
    0x00002170   0x00000010   Code   RO          598    i.blockUsed         heap.o
    0x00002180   0x00000056   Code   RO          732    i.commandList       st7735.o
    0x000021d6   0x00000002   PAD
    0x000021d8   0x00000190   Code   RO          733    i.commonInit        st7735.o
    0x00002368   0x00000028   Code   RO          423    i.copyHardwareToSoftware  uart.o
    0x00002390   0x0000002c   Code   RO          424    i.copySoftwareToHardware  uart.o
    0x000023bc   0x00000048   Code   RO          736    i.fillmessage       st7735.o
    0x00002404   0x00000020   Code   RO          599    i.inHeapRange       heap.o
    0x00002424   0x000000b0   Code   RO         1028    i.main              lab2.o
    0x000024d4   0x00000030   Code   RO          600    i.markBlockUnused   heap.o
    0x00002504   0x00000030   Code   RO          601    i.markBlockUsed     heap.o
    0x00002534   0x0000002e   Code   RO          602    i.mergeBlockWithBelow  heap.o
    0x00002562   0x0000000e   Code   RO          603    i.nextBlockHeader   heap.o
    0x00002570   0x0000000c   Code   RO          604    i.previousBlockHeader  heap.o
    0x0000257c   0x00000068   Code   RO          428    i.promptNumberV     uart.o
    0x000025e4   0x00000012   Code   RO          738    i.pushColor         st7735.o
    0x000025f6   0x00000002   PAD
    0x000025f8   0x00000074   Code   RO          739    i.setAddrWindow     st7735.o
    0x0000266c   0x0000004c   Code   RO          605    i.splitAndMarkBlockUsed  heap.o
    0x000026b8   0x0000006c   Code   RO          430    i.testBS            uart.o
    0x00002724   0x00000030   Code   RO          740    i.writecommand      st7735.o
    0x00002754   0x00000020   Code   RO          741    i.writedata         st7735.o
    0x00002774   0x000007e2   Data   RO          743    .constdata          st7735.o
    0x00002f56   0x00000002   PAD
    0x00002f58   0x00000020   Data   RO         1575    Region$$Table       anon$$obj.o


    Execution Region ER_RW (Base: 0x20000000, Size: 0x00000150, Max: 0xffffffff, ABSOLUTE, COMPRESSED[0x0000000c])

    Base Addr    Size         Type   Attr      Idx    E Section Name        Object

    0x20000000   0x00000018   Data   RW           49    .data               adc.o
    0x20000018   0x00000064   Data   RW          162    .data               os.o
    0x2000007c   0x00000010   Data   RW          432    .data               uart.o
    0x2000008c   0x0000002c   Data   RW          744    .data               st7735.o
    0x200000b8   0x00000090   Data   RW         1038    .data               lab2.o
    0x20000148   0x00000004   Data   RW         1355    .data               timer3a.o
    0x2000014c   0x00000004   Data   RW         1377    .data               switch.o


    Execution Region ER_ZI (Base: 0x20000150, Size: 0x00002400, Max: 0xffffffff, ABSOLUTE)

    Base Addr    Size         Type   Attr      Idx    E Section Name        Object

    0x20000150   0x000001b0   Zero   RW          160    .bss                os.o
    0x20000300   0x00000020   Zero   RW          431    .bss                uart.o
    0x20000320   0x00001770   Zero   RW          606    .bss                heap.o
    0x20001a90   0x0000000c   Zero   RW          742    .bss                st7735.o
    0x20001a9c   0x00000650   Zero   RW         1036    .bss                lab2.o
    0x200020ec   0x00000060   Zero   RW         1452    .bss                c_w.l(libspace.o)
    0x2000214c   0x00000004   PAD
    0x20002150   0x00000000   Zero   RW            2    HEAP                startup.o
    0x20002150   0x00000400   Zero   RW            1    STACK               startup.o


==============================================================================

Image component sizes


      Code (inc. data)   RO Data    RW Data    ZI Data      Debug   Object Name

       752        114          0         24          0       4466   adc.o
       718        240          0          0          0        240   cr4_fft_64_stm32.o
       610         34          0          0       6000       7734   heap.o
      1380        306          0        144       1616       7976   lab2.o
      1328        190          0        100        432      16849   os.o
       304         16          0          0          0        300   osasm.o
        72          8          0          0          0        204   pid_stm32.o
       124          6          0          0          0       4595   pll.o
      2062        220       2018         44         12      13724   st7735.o
       692        632          0          0       1024        908   startup.o
       320         64          0          4          0       1666   switch.o
        72          6          0          0          0        519   systickints.o
       128         28          0          0          0        817   timer1a.o
       144         34          0          4          0       1377   timer3a.o
      1078        178          0         16         32       9325   uart.o

    ----------------------------------------------------------------------
      9794       2076       2052        336       9116      70700   Object Totals
         0          0         32          0          0          0   (incl. Generated)
        10          0          2          0          0          0   (incl. Padding)

    ----------------------------------------------------------------------

      Code (inc. data)   RO Data    RW Data    ZI Data      Debug   Library Member Name

        58          0          0          0          0          0   __dczerorl.o
         8          0          0          0          0         68   __main.o
        52          8          0          0          0          0   __scatter.o
        28          0          0          0          0          0   __scatter_zi.o
        12          0          0          0          0         72   exit.o
         6          0          0          0          0        152   heapauxi.o
         0          0          0          0          0          0   indicate_semi.o
         2          0          0          0          0          0   libinit.o
         2          0          0          0          0          0   libinit2.o
         2          0          0          0          0          0   libshutdown.o
         2          0          0          0          0          0   libshutdown2.o
         8          4          0          0         96         68   libspace.o
         0          0          0          0          0          0   rtentry.o
        12          0          0          0          0          0   rtentry2.o
         6          0          0          0          0          0   rtentry4.o
         2          0          0          0          0          0   rtexit.o
        10          0          0          0          0          0   rtexit2.o
        12          4          0          0          0         68   sys_exit.o
        74          0          0          0          0         80   sys_stackheap_outer.o
         2          0          0          0          0         68   use_no_semi.o

    ----------------------------------------------------------------------
       306         16          0          0        100        576   Library Totals
         8          0          0          0          4          0   (incl. Padding)

    ----------------------------------------------------------------------

      Code (inc. data)   RO Data    RW Data    ZI Data      Debug   Library Name

       298         16          0          0         96        576   c_w.l

    ----------------------------------------------------------------------
       306         16          0          0        100        576   Library Totals

    ----------------------------------------------------------------------

==============================================================================


      Code (inc. data)   RO Data    RW Data    ZI Data      Debug   

     10100       2092       2052        336       9216      65608   Grand Totals
     10100       2092       2052         12       9216      65608   ELF Image Totals (compressed)
     10100       2092       2052         12          0          0   ROM Totals

==============================================================================

    Total RO  Size (Code + RO Data)                12152 (  11.87kB)
    Total RW  Size (RW Data + ZI Data)              9552 (   9.33kB)
    Total ROM Size (Code + RO Data + RW Data)      12164 (  11.88kB)

==============================================================================

