<html>
<body>
<pre>
<h1>µVision Build Log</h1>
<h2>Project:</h2>
E:\Users\Matt\Documents\GitHub\EE445MProjects\lab2v10\FixedScheduler.uvproj
Project File Date:  03/06/2015

<h2>Output:</h2>
Build target 'FixedScheduler'
compiling lab2.c...
linking...
Program Size: Code=10100 RO-data=2052 RW-data=336 ZI-data=9216  
".\FixedScheduler.axf" - 0 Error(s), 0 Warning(s).
Load "E:\\Users\\Matt\\Documents\\GitHub\\EE445MProjects\\lab2v10\\FixedScheduler.axf" 
Connecting: Mode=JTAG, Speed=1000000Hz
Erase Done.
Programming Done.
Verify OK.
</pre>
</body>
</html>
ompiling lab2.c...
assembling PID_stm32.s...
assembling cr4_fft_64_stm32.s...
compiling Timer3A.c...
compiling Switch.c...
Switch.c(82): warning:  #550-D: variable "delay" was set but never used
        int delay;
Switch.c: 1 warning, 0 errors
compiling Timer1A.c...
Timer1A.c(40): warning:  #550-D: variable "delay" was set but never used
  void Timer1A_Init(uint32_t period){ int delay;
Timer1A.c: 1 warning, 0 errors
linking...
Program Size: Code=7552 RO-data=2052 RW-data=336 ZI-data=7168  
".\FixedScheduler.axf" - 0 Error(s), 3 Warning(s).
Load "E:\\Users\\Matt\\Documents\\GitHub\\EE445MProjects\\lab2v10\\FixedScheduler.axf" 
Connecting: Mode=JTAG, Speed=1000000Hz
Erase Done.
Programming Done.
Verify OK.

