<html>
<body>
<pre>
<h1>µVision Build Log</h1>
<h2>Project:</h2>
E:\Users\Matt\Documents\GitHub\EE445MProjects\lab2v11\FixedScheduler.uvproj
Project File Date:  03/06/2015

<h2>Output:</h2>
Build target 'FixedScheduler'
compiling lab2.c...
linking...
Program Size: Code=7288 RO-data=2052 RW-data=344 ZI-data=7152  
".\FixedScheduler.axf" - 0 Error(s), 0 Warning(s).
Load "E:\\Users\\Matt\\Documents\\GitHub\\EE445MProjects\\lab2v11\\FixedScheduler.axf" 
Connecting: Mode=JTAG, Speed=1000000Hz
Erase Done.
Programming Done.
Verify OK.
</pre>
</body>
</html>
xedScheduler.axf" - 0 Error(s), 2 Warning(s).
