<html>
<body>
<pre>
<h1>µVision Build Log</h1>
<h2>Project:</h2>
C:\Users\Matt\Documents\EE445M\EE445MProjects\C15_Timer3A\Timer3A.uvproj
Project File Date:  03/20/2014

<h2>Output:</h2>
Rebuild target 'Timer3A'
assembling startup.s...
compiling PLL.c...
compiling main.c...
main.c(36): warning:  #47-D: incompatible redefinition of macro "GPIO_PORTF_DIR_R" (declared at line 702 of "tm4c123gh6pm.h")
  #define GPIO_PORTF_DIR_R        (*((volatile unsigned long *)0x40025400))
main.c(37): warning:  #47-D: incompatible redefinition of macro "GPIO_PORTF_AFSEL_R" (declared at line 710 of "tm4c123gh6pm.h")
  #define GPIO_PORTF_AFSEL_R      (*((volatile unsigned long *)0x40025420))
main.c(38): warning:  #47-D: incompatible redefinition of macro "GPIO_PORTF_DEN_R" (declared at line 718 of "tm4c123gh6pm.h")
  #define GPIO_PORTF_DEN_R        (*((volatile unsigned long *)0x4002551C))
main.c(39): warning:  #47-D: incompatible redefinition of macro "GPIO_PORTF_AMSEL_R" (declared at line 721 of "tm4c123gh6pm.h")
  #define GPIO_PORTF_AMSEL_R      (*((volatile unsigned long *)0x40025528))
main.c(40): warning:  #47-D: incompatible redefinition of macro "GPIO_PORTF_PCTL_R" (declared at line 722 of "tm4c123gh6pm.h")
  #define GPIO_PORTF_PCTL_R       (*((volatile unsigned long *)0x4002552C))
main.c(51): warning:  #47-D: incompatible redefinition of macro "SYSCTL_RCGC2_R" (declared at line 2059 of "tm4c123gh6pm.h")
  #define SYSCTL_RCGC2_R          (*((volatile unsigned long *)0x400FE108))
main.c: 6 warnings, 0 errors
compiling Timer3.c...
linking...
Program Size: Code=1224 RO-data=64 RW-data=12 ZI-data=1028  
".\Timer3A.axf" - 0 Error(s), 6 Warning(s).
</pre>
</body>
</html>
c: 0 warnings, 1 error
".\Timer3A.axf" - 1 Error(s), 6 Warning(s).
Target not created
Error: Could not load file 'C:\Users\Matt\Documents\EE445M\EE445MProjects\C15_Timer3A\Timer3A.axf'. Debugger aborted !
