<html>
<body>
<pre>
<h1>µVision Build Log</h1>
<h2>Project:</h2>
C:\Keil\LaunchPadware\Lab 1\Lab1Tester.uvproj
Project File Date:  02/10/2015

<h2>Output:</h2>
Rebuild target 'Lab1'
assembling startup.s...
compiling PLL.c...
compiling UART.c...
compiling ADCT0ATrigger.c...
compiling Lab1Tester.c...
compiling OS.c...
compiling ST7735.c...
compiling SysTickInts.c...
linking...
Program Size: Code=3816 RO-data=2052 RW-data=84 ZI-data=1156  
".\Lab1.axf" - 0 Error(s), 0 Warning(s).

compiling ST7735.c...
compiling SysTickInts.c...
linking...
Program Size: Code=3816 RO-data=2052 RW-data=84 ZI-data=1156  
".\Lab1.axf" - 0 Error(s), 1 Warning(s).
Load "C:\\Keil\\LaunchPadware\\Lab 1\\Lab1.axf" 
Connecting: Mode=JTAG, Speed=1000000Hz
Erase Done.
Programming Done.
Verify OK.
