<html>
<body>
<pre>
<h1>µVision Build Log</h1>
<h2>Project:</h2>
\\austin.utexas.edu\disk\engrstu\ece\myz84\My Documents\GitHub\445m\lab1\Lab1Tester.uvproj
Project File Date:  02/10/2015

<h2>Output:</h2>
Load "\\\\austin.utexas.edu\\disk\\engrstu\\ece\\myz84\\My Documents\\GitHub\\445m\\lab1\\UARTInts.axf" 
Connecting: Mode=JTAG, Speed=1000000Hz
Connection failed!, error code=&d
Rebuild target 'Lab1'
assembling startup.s...
compiling PLL.c...
compiling UART.c...
compiling ADCT0ATrigger.c...
compiling Lab1Tester.c...
compiling OS.c...
compiling ST7735.c...
compiling SysTickInts.c...
linking...
Program Size: Code=5884 RO-data=2052 RW-data=84 ZI-data=1164  
".\UARTInts.axf" - 0 Errors, 0 Warning(s).
Load "\\\\austin.utexas.edu\\disk\\engrstu\\ece\\myz84\\My Documents\\GitHub\\445m\\lab1\\UARTInts.axf" 
Connecting: Mode=JTAG, Speed=1000000Hz
Erase Done.
Programming Done.
Verify OK.
Rebuild target 'Lab1'
assembling startup.s...
compiling PLL.c...
compiling UART.c...
compiling ADCT0ATrigger.c...
compiling Lab1Tester.c...
compiling OS.c...
compiling ST7735.c...
compiling SysTickInts.c...
linking...
Program Size: Code=4788 RO-data=2052 RW-data=84 ZI-data=1164  
".\UARTInts.axf" - 0 Errors, 0 Warning(s).
Load "\\\\austin.utexas.edu\\disk\\engrstu\\ece\\myz84\\My Documents\\GitHub\\445m\\lab1\\UARTInts.axf" 
Connecting: Mode=JTAG, Speed=1000000Hz
Erase Done.
Programming Done.
Verify OK.
Rebuild target 'Lab1'
assembling startup.s...
compiling PLL.c...
compiling UART.c...
compiling ADCT0ATrigger.c...
compiling Lab1Tester.c...
compiling OS.c...
compiling ST7735.c...
compiling SysTickInts.c...
linking...
Program Size: Code=4872 RO-data=2052 RW-data=84 ZI-data=1164  
".\UARTInts.axf" - 0 Errors, 0 Warning(s).
Load "\\\\austin.utexas.edu\\disk\\engrstu\\ece\\myz84\\My Documents\\GitHub\\445m\\lab1\\UARTInts.axf" 
Connecting: Mode=JTAG, Speed=1000000Hz
Erase Done.
Programming Done.
Verify OK.
Rebuild target 'Lab1'
assembling startup.s...
compiling PLL.c...
compiling UART.c...
compiling ADCT0ATrigger.c...
compiling Lab1Tester.c...
Lab1Tester.c(24): warning:  #223-D: function "ST7735_Clear" declared implicitly
compiling OS.c...
compiling ST7735.c...
compiling SysTickInts.c...
linking...
.\UARTInts.axf: Error: L6218E: Undefined symbol ST7735_Clear (referred from lab1tester.o).
".\UARTInts.axf" - 1 Errors, 1 Warning(s).
Target not created
Rebuild target 'Lab1'
assembling startup.s...
compiling PLL.c...
compiling UART.c...
compiling ADCT0ATrigger.c...
compiling Lab1Tester.c...
compiling OS.c...
compiling ST7735.c...
compiling SysTickInts.c...
linking...
Program Size: Code=4996 RO-data=2052 RW-data=84 ZI-data=1164  
".\UARTInts.axf" - 0 Errors, 0 Warning(s).
Rebuild target 'Lab1'
assembling startup.s...
compiling PLL.c...
compiling UART.c...
compiling ADCT0ATrigger.c...
compiling Lab1Tester.c...
compiling OS.c...
compiling ST7735.c...
compiling SysTickInts.c...
linking...
Program Size: Code=4888 RO-data=2052 RW-data=84 ZI-data=1164  
".\UARTInts.axf" - 0 Errors, 0 Warning(s).
Load "\\\\austin.utexas.edu\\disk\\engrstu\\ece\\myz84\\My Documents\\GitHub\\445m\\lab1\\UARTInts.axf" 
Connecting: Mode=JTAG, Speed=1000000Hz
Erase Done.
Programming Done.
Verify OK.
Rebuild target 'Lab1'
assembling startup.s...
compiling PLL.c...
compiling UART.c...
compiling ADCT0ATrigger.c...
compiling Lab1Tester.c...
compiling OS.c...
compiling ST7735.c...
compiling SysTickInts.c...
linking...
Program Size: Code=4996 RO-data=2052 RW-data=84 ZI-data=1164  
".\UARTInts.axf" - 0 Errors, 0 Warning(s).
Load "\\\\austin.utexas.edu\\disk\\engrstu\\ece\\myz84\\My Documents\\GitHub\\445m\\lab1\\UARTInts.axf" 
Connecting: Mode=JTAG, Speed=1000000Hz
Erase Done.
Programming Done.
Verify OK.
Rebuild target 'Lab1'
assembling startup.s...
compiling PLL.c...
compiling UART.c...
compiling ADCT0ATrigger.c...
compiling Lab1Tester.c...
compiling OS.c...
compiling ST7735.c...
compiling SysTickInts.c...
linking...
Program Size: Code=4888 RO-data=2052 RW-data=84 ZI-data=1164  
".\UARTInts.axf" - 0 Errors, 0 Warning(s).
Load "\\\\austin.utexas.edu\\disk\\engrstu\\ece\\myz84\\My Documents\\GitHub\\445m\\lab1\\UARTInts.axf" 
Connecting: Mode=JTAG, Speed=1000000Hz
Erase Done.
Programming Done.
Verify OK.
Rebuild target 'Lab1'
assembling startup.s...
compiling PLL.c...
compiling UART.c...
compiling ADCT0ATrigger.c...
compiling Lab1Tester.c...
compiling OS.c...
compiling ST7735.c...
compiling SysTickInts.c...
linking...
Program Size: Code=5984 RO-data=2052 RW-data=84 ZI-data=1164  
".\UARTInts.axf" - 0 Errors, 0 Warning(s).
Load "\\\\austin.utexas.edu\\disk\\engrstu\\ece\\myz84\\My Documents\\GitHub\\445m\\lab1\\UARTInts.axf" 
Connecting: Mode=JTAG, Speed=1000000Hz
Erase Done.
Programming Done.
Verify OK.
Rebuild target 'Lab1'
assembling startup.s...
compiling PLL.c...
compiling UART.c...
compiling ADCT0ATrigger.c...
compiling Lab1Tester.c...
compiling OS.c...
compiling ST7735.c...
compiling SysTickInts.c...
linking...
Program Size: Code=5988 RO-data=2052 RW-data=84 ZI-data=1164  
".\UARTInts.axf" - 0 Errors, 0 Warning(s).
Load "\\\\austin.utexas.edu\\disk\\engrstu\\ece\\myz84\\My Documents\\GitHub\\445m\\lab1\\UARTInts.axf" 
Connecting: Mode=JTAG, Speed=1000000Hz
Erase Done.
Programming Done.
Verify OK.
Rebuild target 'Lab1'
assembling startup.s...
compiling PLL.c...
compiling UART.c...
compiling ADCT0ATrigger.c...
compiling Lab1Tester.c...
compiling OS.c...
OS.c(76): error:  #20: identifier "delta" is undefined
compiling ST7735.c...
compiling SysTickInts.c...
".\UARTInts.axf" - 1 Errors, 0 Warning(s).
Target not created
Rebuild target 'Lab1'
assembling startup.s...
compiling PLL.c...
compiling UART.c...
compiling ADCT0ATrigger.c...
compiling Lab1Tester.c...
compiling OS.c...
compiling ST7735.c...
compiling SysTickInts.c...
linking...
Program Size: Code=6032 RO-data=2052 RW-data=88 ZI-data=1168  
".\UARTInts.axf" - 0 Errors, 0 Warning(s).
Load "\\\\austin.utexas.edu\\disk\\engrstu\\ece\\myz84\\My Documents\\GitHub\\445m\\lab1\\UARTInts.axf" 
Connecting: Mode=JTAG, Speed=1000000Hz
Erase Done.
Programming Done.
Verify OK.
Rebuild target 'Lab1'
assembling startup.s...
compiling PLL.c...
compiling UART.c...
compiling ADCT0ATrigger.c...
compiling Lab1Tester.c...
compiling OS.c...
compiling ST7735.c...
compiling SysTickInts.c...
linking...
Program Size: Code=6032 RO-data=2052 RW-data=88 ZI-data=1168  
".\UARTInts.axf" - 0 Errors, 0 Warning(s).
Load "\\\\austin.utexas.edu\\disk\\engrstu\\ece\\myz84\\My Documents\\GitHub\\445m\\lab1\\UARTInts.axf" 
Connecting: Mode=JTAG, Speed=1000000Hz
Erase Done.
Programming Done.
Verify OK.
Rebuild target 'Lab1'
assembling startup.s...
compiling PLL.c...
compiling UART.c...
compiling ADCT0ATrigger.c...
compiling Lab1Tester.c...
Lab1Tester.c(50): error:  #167: argument of type "void" is incompatible with parameter of type "void (*)(void)"
compiling OS.c...
compiling ST7735.c...
compiling SysTickInts.c...
".\UARTInts.axf" - 1 Errors, 0 Warning(s).
Target not created
Rebuild target 'Lab1'
assembling startup.s...
compiling PLL.c...
compiling UART.c...
compiling ADCT0ATrigger.c...
compiling Lab1Tester.c...
compiling OS.c...
compiling ST7735.c...
compiling SysTickInts.c...
linking...
Program Size: Code=3668 RO-data=2052 RW-data=88 ZI-data=1152  
".\UARTInts.axf" - 0 Errors, 0 Warning(s).
Load "\\\\austin.utexas.edu\\disk\\engrstu\\ece\\myz84\\My Documents\\GitHub\\445m\\lab1\\UARTInts.axf" 
Connecting: Mode=JTAG, Speed=1000000Hz
Erase Done.
Programming Done.
Verify OK.
Rebuild target 'Lab1'
assembling startup.s...
compiling PLL.c...
compiling UART.c...
compiling ADCT0ATrigger.c...
compiling Lab1Tester.c...
compiling OS.c...
compiling ST7735.c...
compiling SysTickInts.c...
linking...
Program Size: Code=3680 RO-data=2052 RW-data=88 ZI-data=1152  
".\UARTInts.axf" - 0 Errors, 0 Warning(s).
Load "\\\\austin.utexas.edu\\disk\\engrstu\\ece\\myz84\\My Documents\\GitHub\\445m\\lab1\\UARTInts.axf" 
Connecting: Mode=JTAG, Speed=1000000Hz
Erase Done.
Programming Done.
Verify OK.
Rebuild target 'Lab1'
assembling startup.s...
compiling PLL.c...
compiling UART.c...
compiling ADCT0ATrigger.c...
compiling Lab1Tester.c...
compiling OS.c...
compiling ST7735.c...
compiling SysTickInts.c...
linking...
Program Size: Code=3660 RO-data=2052 RW-data=88 ZI-data=1152  
".\UARTInts.axf" - 0 Errors, 0 Warning(s).
Load "\\\\austin.utexas.edu\\disk\\engrstu\\ece\\myz84\\My Documents\\GitHub\\445m\\lab1\\UARTInts.axf" 
Connecting: Mode=JTAG, Speed=1000000Hz
Erase Done.
Programming Done.
Verify OK.
Rebuild target 'Lab1'
assembling startup.s...
compiling PLL.c...
compiling UART.c...
compiling ADCT0ATrigger.c...
compiling Lab1Tester.c...
compiling OS.c...
OS.c(74): warning:  #223-D: function "printf" declared implicitly
compiling ST7735.c...
compiling SysTickInts.c...
linking...
Program Size: Code=7032 RO-data=2064 RW-data=100 ZI-data=1404  
".\UARTInts.axf" - 0 Errors, 1 Warning(s).
Rebuild target 'Lab1'
assembling startup.s...
compiling PLL.c...
compiling UART.c...
compiling ADCT0ATrigger.c...
compiling Lab1Tester.c...
compiling OS.c...
compiling ST7735.c...
compiling SysTickInts.c...
linking...
Program Size: Code=3848 RO-data=2052 RW-data=88 ZI-data=1152  
".\UARTInts.axf" - 0 Errors, 0 Warning(s).
Load "\\\\austin.utexas.edu\\disk\\engrstu\\ece\\myz84\\My Documents\\GitHub\\445m\\lab1\\UARTInts.axf" 
Connecting: Mode=JTAG, Speed=1000000Hz
Erase Done.
Programming Done.
Verify OK.
Rebuild target 'Lab1'
assembling startup.s...
compiling PLL.c...
compiling UART.c...
compiling ADCT0ATrigger.c...
compiling Lab1Tester.c...
compiling OS.c...
compiling ST7735.c...
compiling SysTickInts.c...
linking...
Program Size: Code=3868 RO-data=2052 RW-data=88 ZI-data=1152  
".\UARTInts.axf" - 0 Errors, 0 Warning(s).
Load "\\\\austin.utexas.edu\\disk\\engrstu\\ece\\myz84\\My Documents\\GitHub\\445m\\lab1\\UARTInts.axf" 
Connecting: Mode=JTAG, Speed=1000000Hz
Erase Done.
Programming Done.
Verify OK.
Rebuild target 'Lab1'
assembling startup.s...
compiling PLL.c...
compiling UART.c...
compiling ADCT0ATrigger.c...
compiling Lab1Tester.c...
compiling OS.c...
compiling ST7735.c...
compiling SysTickInts.c...
linking...
Program Size: Code=3840 RO-data=2052 RW-data=88 ZI-data=1152  
".\UARTInts.axf" - 0 Errors, 0 Warning(s).
Load "\\\\austin.utexas.edu\\disk\\engrstu\\ece\\myz84\\My Documents\\GitHub\\445m\\lab1\\UARTInts.axf" 
Connecting: Mode=JTAG, Speed=1000000Hz
Erase Done.
Programming Done.
Verify OK.
Rebuild target 'Lab1'
assembling startup.s...
compiling PLL.c...
compiling UART.c...
compiling ADCT0ATrigger.c...
compiling Lab1Tester.c...
compiling OS.c...
compiling ST7735.c...
compiling SysTickInts.c...
linking...
Program Size: Code=3816 RO-data=2052 RW-data=88 ZI-data=1152  
".\UARTInts.axf" - 0 Errors, 0 Warning(s).
Load "\\\\austin.utexas.edu\\disk\\engrstu\\ece\\myz84\\My Documents\\GitHub\\445m\\lab1\\UARTInts.axf" 
Connecting: Mode=JTAG, Speed=1000000Hz
Erase Done.
Programming Done.
Verify OK.
Rebuild target 'Lab1'
assembling startup.s...
compiling PLL.c...
compiling UART.c...
compiling ADCT0ATrigger.c...
compiling Lab1Tester.c...
compiling OS.c...
compiling ST7735.c...
compiling SysTickInts.c...
linking...
Program Size: Code=3836 RO-data=2052 RW-data=88 ZI-data=1152  
".\UARTInts.axf" - 0 Errors, 0 Warning(s).
Load "\\\\austin.utexas.edu\\disk\\engrstu\\ece\\myz84\\My Documents\\GitHub\\445m\\lab1\\UARTInts.axf" 
Connecting: Mode=JTAG, Speed=1000000Hz
Erase Done.
Programming Done.
Verify OK.
Rebuild target 'Lab1'
assembling startup.s...
compiling PLL.c...
compiling UART.c...
compiling ADCT0ATrigger.c...
compiling Lab1Tester.c...
compiling OS.c...
compiling ST7735.c...
compiling SysTickInts.c...
linking...
Program Size: Code=3836 RO-data=2052 RW-data=88 ZI-data=1152  
".\UARTInts.axf" - 0 Errors, 0 Warning(s).
Load "\\\\austin.utexas.edu\\disk\\engrstu\\ece\\myz84\\My Documents\\GitHub\\445m\\lab1\\UARTInts.axf" 
Connecting: Mode=JTAG, Speed=1000000Hz
Erase Done.
Programming Done.
Verify OK.
Rebuild target 'Lab1'
assembling startup.s...
compiling PLL.c...
compiling UART.c...
compiling ADCT0ATrigger.c...
compiling Lab1Tester.c...
compiling OS.c...
compiling ST7735.c...
compiling SysTickInts.c...
linking...
Program Size: Code=3912 RO-data=2052 RW-data=88 ZI-data=1152  
".\UARTInts.axf" - 0 Errors, 0 Warning(s).
Load "\\\\austin.utexas.edu\\disk\\engrstu\\ece\\myz84\\My Documents\\GitHub\\445m\\lab1\\UARTInts.axf" 
Connecting: Mode=JTAG, Speed=1000000Hz
Erase Done.
Programming Done.
Verify OK.
Rebuild target 'Lab1'
assembling startup.s...
compiling PLL.c...
compiling UART.c...
compiling ADCT0ATrigger.c...
compiling Lab1Tester.c...
compiling OS.c...
compiling ST7735.c...
compiling SysTickInts.c...
linking...
Program Size: Code=3832 RO-data=2052 RW-data=88 ZI-data=1152  
".\UARTInts.axf" - 0 Errors, 0 Warning(s).
Load "\\\\austin.utexas.edu\\disk\\engrstu\\ece\\myz84\\My Documents\\GitHub\\445m\\lab1\\UARTInts.axf" 
Connecting: Mode=JTAG, Speed=1000000Hz
Erase Done.
Programming Done.
Verify OK.
Rebuild target 'Lab1'
assembling startup.s...
compiling PLL.c...
compiling UART.c...
compiling ADCT0ATrigger.c...
compiling Lab1Tester.c...
compiling OS.c...
compiling ST7735.c...
compiling SysTickInts.c...
linking...
Program Size: Code=4508 RO-data=2052 RW-data=88 ZI-data=1152  
".\UARTInts.axf" - 0 Errors, 0 Warning(s).
Load "\\\\austin.utexas.edu\\disk\\engrstu\\ece\\myz84\\My Documents\\GitHub\\445m\\lab1\\UARTInts.axf" 
Connecting: Mode=JTAG, Speed=1000000Hz
Erase Done.
Programming Done.
Verify OK.
Rebuild target 'Lab1'
assembling startup.s...
compiling PLL.c...
compiling UART.c...
compiling ADCT0ATrigger.c...
compiling Lab1Tester.c...
compiling OS.c...
compiling ST7735.c...
compiling SysTickInts.c...
linking...
Program Size: Code=3832 RO-data=2052 RW-data=88 ZI-data=1152  
".\UARTInts.axf" - 0 Errors, 0 Warning(s).
Load "\\\\austin.utexas.edu\\disk\\engrstu\\ece\\myz84\\My Documents\\GitHub\\445m\\lab1\\UARTInts.axf" 
Connecting: Mode=JTAG, Speed=1000000Hz
Erase Done.
Programming Done.
Verify OK.
Rebuild target 'Lab1'
assembling startup.s...
compiling PLL.c...
compiling UART.c...
compiling ADCT0ATrigger.c...
compiling Lab1Tester.c...
Lab1Tester.c(48): error:  #20: identifier "ADCReadPrint" is undefined
compiling OS.c...
compiling ST7735.c...
compiling SysTickInts.c...
".\UARTInts.axf" - 1 Errors, 0 Warning(s).
Target not created
Rebuild target 'Lab1'
assembling startup.s...
compiling PLL.c...
compiling UART.c...
compiling ADCT0ATrigger.c...
compiling Lab1Tester.c...
compiling OS.c...
compiling ST7735.c...
compiling SysTickInts.c...
linking...
Program Size: Code=4928 RO-data=2052 RW-data=88 ZI-data=1168  
".\UARTInts.axf" - 0 Errors, 0 Warning(s).
Load "\\\\austin.utexas.edu\\disk\\engrstu\\ece\\myz84\\My Documents\\GitHub\\445m\\lab1\\UARTInts.axf" 
Connecting: Mode=JTAG, Speed=1000000Hz
Erase Done.
Programming Done.
Verify OK.
Rebuild target 'Lab1'
assembling startup.s...
compiling PLL.c...
compiling UART.c...
compiling ADCT0ATrigger.c...
compiling Lab1Tester.c...
compiling OS.c...
compiling ST7735.c...
compiling SysTickInts.c...
linking...
Program Size: Code=4888 RO-data=2052 RW-data=88 ZI-data=1168  
".\UARTInts.axf" - 0 Errors, 0 Warning(s).
Load "\\\\austin.utexas.edu\\disk\\engrstu\\ece\\myz84\\My Documents\\GitHub\\445m\\lab1\\UARTInts.axf" 
Connecting: Mode=JTAG, Speed=1000000Hz
Erase Done.
Programming Done.
Verify OK.
Rebuild target 'Lab1'
assembling startup.s...
compiling PLL.c...
compiling UART.c...
compiling ADCT0ATrigger.c...
compiling Lab1Tester.c...
compiling OS.c...
compiling ST7735.c...
compiling SysTickInts.c...
linking...
Program Size: Code=5988 RO-data=2052 RW-data=88 ZI-data=1168  
".\UARTInts.axf" - 0 Errors, 0 Warning(s).
Load "\\\\austin.utexas.edu\\disk\\engrstu\\ece\\myz84\\My Documents\\GitHub\\445m\\lab1\\UARTInts.axf" 
Connecting: Mode=JTAG, Speed=1000000Hz
Erase Done.
Programming Done.
Verify OK.
Rebuild target 'Lab1'
assembling startup.s...
compiling PLL.c...
compiling UART.c...
compiling ADCT0ATrigger.c...
compiling Lab1Tester.c...
compiling OS.c...
compiling ST7735.c...
compiling SysTickInts.c...
linking...
Program Size: Code=6028 RO-data=2052 RW-data=88 ZI-data=1168  
".\UARTInts.axf" - 0 Errors, 0 Warning(s).
Rebuild target 'Lab1'
assembling startup.s...
compiling PLL.c...
compiling UART.c...
compiling ADCT0ATrigger.c...
compiling Lab1Tester.c...
compiling OS.c...
compiling ST7735.c...
compiling SysTickInts.c...
linking...
Program Size: Code=3832 RO-data=2052 RW-data=88 ZI-data=1152  
".\UARTInts.axf" - 0 Errors, 0 Warning(s).
Load "\\\\austin.utexas.edu\\disk\\engrstu\\ece\\myz84\\My Documents\\GitHub\\445m\\lab1\\UARTInts.axf" 
Connecting: Mode=JTAG, Speed=1000000Hz
Erase Done.
Programming Done.
Verify OK.
Rebuild target 'Lab1'
assembling startup.s...
compiling PLL.c...
compiling UART.c...
compiling ADCT0ATrigger.c...
compiling Lab1Tester.c...
compiling OS.c...
compiling ST7735.c...
compiling SysTickInts.c...
linking...
Program Size: Code=4452 RO-data=2052 RW-data=88 ZI-data=1168  
".\UARTInts.axf" - 0 Errors, 0 Warning(s).
Rebuild target 'Lab1'
assembling startup.s...
compiling PLL.c...
compiling UART.c...
compiling ADCT0ATrigger.c...
compiling Lab1Tester.c...
compiling OS.c...
compiling ST7735.c...
compiling SysTickInts.c...
linking...
Program Size: Code=4428 RO-data=2052 RW-data=88 ZI-data=1168  
".\UARTInts.axf" - 0 Errors, 0 Warning(s).
Load "\\\\austin.utexas.edu\\disk\\engrstu\\ece\\myz84\\My Documents\\GitHub\\445m\\lab1\\UARTInts.axf" 
Connecting: Mode=JTAG, Speed=1000000Hz
Erase Done.
Programming Done.
Verify OK.
Rebuild target 'Lab1'
assembling startup.s...
compiling PLL.c...
compiling UART.c...
compiling ADCT0ATrigger.c...
compiling Lab1Tester.c...
compiling OS.c...
compiling ST7735.c...
compiling SysTickInts.c...
linking...
Program Size: Code=4428 RO-data=2052 RW-data=88 ZI-data=1168  
".\UARTInts.axf" - 0 Errors, 0 Warning(s).
Rebuild target 'Lab1'
assembling startup.s...
compiling PLL.c...
compiling UART.c...
compiling ADCT0ATrigger.c...
compiling Lab1Tester.c...
compiling OS.c...
compiling ST7735.c...
compiling SysTickInts.c...
linking...
Program Size: Code=4928 RO-data=2052 RW-data=88 ZI-data=1168  
".\UARTInts.axf" - 0 Errors, 0 Warning(s).
Load "\\\\austin.utexas.edu\\disk\\engrstu\\ece\\myz84\\My Documents\\GitHub\\445m\\lab1\\UARTInts.axf" 
Connecting: Mode=JTAG, Speed=1000000Hz
Erase Done.
Programming Done.
Verify OK.
Rebuild target 'Lab1'
assembling startup.s...
compiling PLL.c...
compiling UART.c...
compiling ADCT0ATrigger.c...
compiling Lab1Tester.c...
compiling OS.c...
compiling ST7735.c...
compiling SysTickInts.c...
linking...
Program Size: Code=4928 RO-data=2052 RW-data=88 ZI-data=1168  
".\UARTInts.axf" - 0 Errors, 0 Warning(s).
