<html>
<body>
<pre>
<h1>µVision Build Log</h1>
<h2>Project:</h2>
E:\Users\Matt\Documents\GitHub\EE445MProjects\lab2v8\FixedScheduler.uvproj
Project File Date:  02/28/2015

<h2>Output:</h2>
Rebuild target 'FixedScheduler'
assembling startup.s...
compiling PLL.c...
assembling osasm.s...
compiling ADC.c...
ADC.c(302): warning:  #550-D: variable "wait" was set but never used
        int wait;
ADC.c: 1 warning, 0 errors
compiling Interpreter.c...
compiling os.c...
compiling SysTickInts.c...
compiling UART.c...
compiling heap.c...
compiling ST7735.c...
compiling lab2.c...
assembling PID_stm32.s...
assembling cr4_fft_64_stm32.s...
compiling Timer3A.c...
compiling Switch.c...
Switch.c(82): warning:  #550-D: variable "delay" was set but never used
        int delay;
Switch.c: 1 warning, 0 errors
compiling Timer1A.c...
Timer1A.c(40): warning:  #550-D: variable "delay" was set but never used
  void Timer1A_Init(uint32_t period){ int delay;
Timer1A.c: 1 warning, 0 errors
linking...
Program Size: Code=5772 RO-data=32 RW-data=264 ZI-data=7152  
".\FixedScheduler.axf" - 0 Error(s), 3 Warning(s).
</pre>
</body>
</html>
uments\\GitHub\\EE445MProjects\\lab2v8\\FixedScheduler.axf" 
Connecting: Mode=JTAG, Speed=1000000Hz
Erase Done.
Programming Done.
Verify OK.
Load "E:\\Users\\Matt\\Documents\\GitHub\\EE445MProjects\\lab2v8\\FixedScheduler.axf" 
Connecting: Mode=JTAG, Speed=1000000Hz
Erase Done.
Programming Done.
Verify OK.
1000000Hz
Erase Done.
Programming Done.
Verify OK.
EL multiply defined (by timer3a.o and interpreter.o).
.\FixedScheduler.axf: Error: L6200E: Symbol COLORWHEEL multiply defined (by timer1a.o and interpreter.o).
.\FixedScheduler.axf: Error: L6200E: Symbol ci multiply defined (by os.o and interpreter.o).
.\FixedScheduler.axf: Error: L6200E: Symbol ci multiply defined (by uart.o and interpreter.o).
.\FixedScheduler.axf: Error: L6200E: Symbol ci multiply defined (by lab2.o and interpreter.o).
.\FixedScheduler.axf: Error: L6200E: Symbol ci multiply defined (by timer3a.o and interpreter.o).
.\FixedScheduler.axf: Error: L6200E: Symbol ci multiply defined (by timer1a.o and interpreter.o).
Not enough information to list image symbols.
Not enough information to list the image map.
Finished: 2 information, 0 warning and 10 error messages.
".\FixedScheduler.axf" - 10 Error(s), 4 Warning(s).
Target not created
 and interpreter.o).
.\FixedScheduler.axf: Error: L6200E: Symbol ci multiply defined (by os.o and interpreter.o).
.\FixedScheduler.axf: Error: L6200E: Symbol ci multiply defined (by uart.o and interpreter.o).
.\FixedScheduler.axf: Error: L6200E: Symbol ci multiply defined (by lab2.o and interpreter.o).
.\FixedScheduler.axf: Error: L6200E: Symbol ci multiply defined (by timer3a.o and interpreter.o).
.\FixedScheduler.axf: Error: L6200E: Symbol ci multiply defined (by timer1a.o and interpreter.o).
Not enough information to list image symbols.
Not enough information to list the image map.
Finished: 2 information, 0 warning and 10 error messages.
".\FixedScheduler.axf" - 10 Error(s), 10 Warning(s).
Target not created
