<html>
<body>
<pre>
<h1>µVision Build Log</h1>
<h2>Project:</h2>
E:\Users\Matt\Documents\GitHub\EE445MProjects\lab2v6\FixedScheduler.uvproj
Project File Date:  02/28/2015

<h2>Output:</h2>
Rebuild target 'FixedScheduler'
assembling startup.s...
compiling PLL.c...
assembling osasm.s...
compiling ADC.c...
ADC.c(302): warning:  #550-D: variable "wait" was set but never used
        int wait;
ADC.c: 1 warning, 0 errors
compiling Interpreter.c...
compiling os.c...
compiling SysTickInts.c...
compiling UART.c...
compiling heap.c...
compiling ST7735.c...
compiling lab2.c...
assembling PID_stm32.s...
assembling cr4_fft_64_stm32.s...
compiling Timer3A.c...
compiling Switch.c...
Switch.c(82): warning:  #550-D: variable "delay" was set but never used
        int delay;
Switch.c: 1 warning, 0 errors
compiling Timer5A.c...
linking...
Program Size: Code=6596 RO-data=32 RW-data=268 ZI-data=8244  
".\FixedScheduler.axf" - 0 Error(s), 2 Warning(s).
Load "E:\\Users\\Matt\\Documents\\GitHub\\EE445MProjects\\lab2v6\\FixedScheduler.axf" 
Connecting: Mode=JTAG, Speed=1000000Hz
Erase Done.
Programming Done.
Verify OK.
</pre>
</body>
</html>
 error messages.
".\FixedScheduler.axf" - 2 Error(s), 2 Warning(s).
Target not created
