<html>
<body>
<pre>
<h1>µVision Build Log</h1>
<h2>Project:</h2>
C:\Users\Matt\Documents\EE445M\EE445MProjects\C15_Timer3A\Timer3A.uvproj
Project File Date:  03/20/2014

<h2>Output:</h2>
Rebuild target 'Timer3A'
assembling startup.s...
compiling PLL.c...
compiling main.c...
main.c(46): warning:  #47-D: incompatible redefinition of macro "SYSCTL_RCGC2_R" (declared at line 2059 of "tm4c123gh6pm.h")
  #define SYSCTL_RCGC2_R          (*((volatile unsigned long *)0x400FE108))
main.c: 1 warning, 0 errors
compiling Timer3.c...
linking...
Program Size: Code=1152 RO-data=64 RW-data=8 ZI-data=1424  
".\Timer3A.axf" - 0 Error(s), 1 Warning(s).
Load "C:\\Users\\Matt\\Documents\\EE445M\\EE445MProjects\\C15_Timer3A\\Timer3A.axf" 
Connecting: Mode=JTAG, Speed=1000000Hz
Erase Done.
Programming Done.
Verify OK.
</pre>
</body>
</html>
oad failed  -  Could not load file 'C:\Users\Matt\Documents\EE445M\EE445MProjects\C15_Timer3A\Timer3A.axf'
