<html>
<body>
<pre>
<h1>µVision Build Log</h1>
<h2>Project:</h2>
C:\Users\Matt\Documents\EE445M\EE445MProjects\lab2v14\UARTInts.uvproj
Project File Date:  03/10/2015

<h2>Output:</h2>
Build target 'UARTInts'
compiling Lab2.c...
UART.h(119): warning:  #1-D: last line of file ends without a newline
  void promptNumber(void);
Lab2.c(251): warning:  #550-D: variable "oldData" was set but never used
                unsigned long oldData;
Lab2.c(317): warning:  #177-D: variable "i" was declared but never referenced
        int i = 0;
Lab2.c: 3 warnings, 0 errors
linking...
Program Size: Code=10872 RO-data=2052 RW-data=348 ZI-data=18796  
".\UARTInts.axf" - 0 Error(s), 3 Warning(s).
Load "C:\\Users\\Matt\\Documents\\EE445M\\EE445MProjects\\lab2v14\\UARTInts.axf" 
Connecting: Mode=JTAG, Speed=1000000Hz
Erase Done.
Programming Done.
Verify OK.
</pre>
</body>
</html>
