<html>
<body>
<pre>
<h1>µVision Build Log</h1>
<h2>Project:</h2>
E:\Users\Matt\Documents\GitHub\EE445MProjects\lab2v14\UARTInts.uvproj
Project File Date:  03/13/2015

<h2>Output:</h2>
Build target 'UARTInts'
compiling Lab2.c...
Lab2.c(251): warning:  #550-D: variable "oldData" was set but never used
                unsigned long oldData;
Lab2.c(317): warning:  #177-D: variable "i" was declared but never referenced
        int i = 0;
Lab2.c: 2 warnings, 0 errors
linking...
Program Size: Code=10864 RO-data=2052 RW-data=352 ZI-data=18800  
".\UARTInts.axf" - 0 Error(s), 2 Warning(s).
Load "E:\\Users\\Matt\\Documents\\GitHub\\EE445MProjects\\lab2v14\\UARTInts.axf" 
Connecting: Mode=JTAG, Speed=1000000Hz
Erase Done.
Programming Done.
Verify OK.
</pre>
</body>
</html>
  
os.c(482): warning:  #177-D: variable "sr" was declared but never referenced
        int sr;
os.c: 4 warnings, 0 errors
compiling PLL.c...
linking...
Program Size: Code=10864 RO-data=2052 RW-data=352 ZI-data=18800  
".\UARTInts.axf" - 0 Error(s), 6 Warning(s).
Load "E:\\Users\\Matt\\Documents\\GitHub\\EE445MProjects\\lab2v14\\UARTInts.axf" 
Connecting: Mode=JTAG, Speed=1000000Hz
Erase Done.
Programming Done.
Verify OK.
