ARM Linker, 5.03 [Build 76] [MDK-ARM Lite]

==============================================================================

Section Cross References

    adc.o(i.ADC0Seq2_Handler) refers to adc.o(.data) for adcTask
    adc.o(i.ADC0Seq3_Handler) refers to startup.o(.text) for StartCritical
    adc.o(i.ADC0Seq3_Handler) refers to adc.o(.data) for ADCvalue
    adc.o(i.ADC_ChangeSampleRateHz) refers to adc.o(.data) for samplingFrequency
    adc.o(i.ADC_ChangeSampleRatePeriod) refers to adc.o(.data) for samplingPeriod
    adc.o(i.ADC_Collect) refers to startup.o(.text) for StartCritical
    adc.o(i.ADC_Collect) refers to adc.o(i.ADC_ChangeSampleRateHz) for ADC_ChangeSampleRateHz
    adc.o(i.ADC_Collect) refers to adc.o(.data) for adcTask
    adc.o(i.ADC_CurrentFrequency) refers to adc.o(.data) for samplingFrequency
    adc.o(i.ADC_CurrentPeriod) refers to adc.o(.data) for samplingPeriod
    adc.o(i.ADC_In) refers to adc.o(.data) for ADCvalue
    adc.o(i.ADC_Init) refers to startup.o(.text) for StartCritical
    adc.o(i.ADC_Init) refers to adc.o(.data) for collectDone
    adc.o(i.ADC_InitT0) refers to startup.o(.text) for StartCritical
    adc.o(i.ADC_InitT0) refers to adc.o(.data) for collectDone
    adc.o(i.ADC_Open) refers to startup.o(.text) for StartCritical
    adc.o(i.ADC_Status) refers to startup.o(.text) for StartCritical
    adc.o(i.ADC_Status) refers to adc.o(.data) for collectDone
    filter.o(i.FFT) refers to dmul.o(x$fpl$dmul) for __aeabi_dmul
    filter.o(i.FFT) refers to daddsub_clz.o(x$fpl$dsub) for __aeabi_dsub
    filter.o(i.FFT) refers to daddsub_clz.o(x$fpl$dadd) for __aeabi_dadd
    filter.o(i.FFT) refers to ddiv.o(x$fpl$ddiv) for __aeabi_ddiv
    filter.o(i.FFT) refers to sqrt.o(i.sqrt) for sqrt
    filter.o(i.FFT) refers to dflt_clz.o(x$fpl$dflt) for __aeabi_i2d
    filter.o(i.Filter_51Work) refers to dflt_clz.o(x$fpl$dflt) for __aeabi_i2d
    filter.o(i.Filter_51Work) refers to daddsub_clz.o(x$fpl$dadd) for __aeabi_dadd
    filter.o(i.Filter_51Work) refers to ddiv.o(x$fpl$ddiv) for __aeabi_ddiv
    filter.o(i.Filter_51Work) refers to filter.o(.constdata) for h
    filter.o(i.complexMagnitude) refers to dfix.o(x$fpl$dfix) for __aeabi_d2iz
    filter.o(i.complexMagnitude) refers to dflt_clz.o(x$fpl$dflt) for __aeabi_i2d
    filter.o(i.complexMagnitude) refers to sqrt.o(i.sqrt) for sqrt
    filter.o(i.frequency) refers to dflt_clz.o(x$fpl$dflt) for __aeabi_i2d
    filter.o(i.frequency) refers to dmul.o(x$fpl$dmul) for __aeabi_dmul
    filter.o(i.frequency) refers to dfix.o(x$fpl$dfix) for __aeabi_d2iz
    heap.o(i.Heap_Calloc) refers to heap.o(i.Heap_Malloc) for Heap_Malloc
    heap.o(i.Heap_Free) refers to heap.o(i.inHeapRange) for inHeapRange
    heap.o(i.Heap_Free) refers to heap.o(i.blockUnused) for blockUnused
    heap.o(i.Heap_Free) refers to heap.o(i.blockTrailer) for blockTrailer
    heap.o(i.Heap_Free) refers to heap.o(i.markBlockUnused) for markBlockUnused
    heap.o(i.Heap_Free) refers to heap.o(i.previousBlockHeader) for previousBlockHeader
    heap.o(i.Heap_Free) refers to heap.o(i.mergeBlockWithBelow) for mergeBlockWithBelow
    heap.o(i.Heap_Free) refers to heap.o(i.nextBlockHeader) for nextBlockHeader
    heap.o(i.Heap_Free) refers to heap.o(.bss) for Heap
    heap.o(i.Heap_Init) refers to heap.o(.bss) for Heap
    heap.o(i.Heap_Malloc) refers to heap.o(i.blockUnused) for blockUnused
    heap.o(i.Heap_Malloc) refers to heap.o(i.blockRoom) for blockRoom
    heap.o(i.Heap_Malloc) refers to heap.o(i.splitAndMarkBlockUsed) for splitAndMarkBlockUsed
    heap.o(i.Heap_Malloc) refers to heap.o(i.nextBlockHeader) for nextBlockHeader
    heap.o(i.Heap_Malloc) refers to heap.o(i.inHeapRange) for inHeapRange
    heap.o(i.Heap_Malloc) refers to heap.o(.bss) for Heap
    heap.o(i.Heap_Realloc) refers to heap.o(i.inHeapRange) for inHeapRange
    heap.o(i.Heap_Realloc) refers to heap.o(i.blockUnused) for blockUnused
    heap.o(i.Heap_Realloc) refers to heap.o(i.Heap_Malloc) for Heap_Malloc
    heap.o(i.Heap_Realloc) refers to heap.o(i.blockRoom) for blockRoom
    heap.o(i.Heap_Realloc) refers to heap.o(i.Heap_Free) for Heap_Free
    heap.o(i.Heap_Stats) refers to heap.o(i.blockUsed) for blockUsed
    heap.o(i.Heap_Stats) refers to heap.o(i.blockRoom) for blockRoom
    heap.o(i.Heap_Stats) refers to heap.o(i.nextBlockHeader) for nextBlockHeader
    heap.o(i.Heap_Stats) refers to heap.o(i.inHeapRange) for inHeapRange
    heap.o(i.Heap_Stats) refers to rt_memcpy_w.o(.text) for __aeabi_memcpy4
    heap.o(i.Heap_Stats) refers to heap.o(.bss) for Heap
    heap.o(i.Heap_Test) refers to heap.o(i.blockTrailer) for blockTrailer
    heap.o(i.Heap_Test) refers to heap.o(i.inHeapRange) for inHeapRange
    heap.o(i.Heap_Test) refers to heap.o(i.blockUnused) for blockUnused
    heap.o(i.Heap_Test) refers to heap.o(.bss) for Heap
    heap.o(i.blockHeader) refers to heap.o(i.blockRoom) for blockRoom
    heap.o(i.blockTrailer) refers to heap.o(i.blockRoom) for blockRoom
[...]
    ../clib/signal.c                         0x00000000   Number         0  defsig_abrt_inner.o ABSOLUTE
    ../clib/signal.c                         0x00000000   Number         0  defsig_other.o ABSOLUTE
    ../clib/signal.c                         0x00000000   Number         0  defsig_segv_inner.o ABSOLUTE
    ../clib/signal.c                         0x00000000   Number         0  defsig_cppl_inner.o ABSOLUTE
    ../clib/signal.c                         0x00000000   Number         0  defsig_rtmem_formal.o ABSOLUTE
    ../clib/signal.c                         0x00000000   Number         0  defsig_rtmem_outer.o ABSOLUTE
    ../clib/signal.c                         0x00000000   Number         0  defsig_pvfn_inner.o ABSOLUTE
    ../clib/signal.c                         0x00000000   Number         0  defsig_stak_inner.o ABSOLUTE
    ../clib/signal.c                         0x00000000   Number         0  defsig_rtred_inner.o ABSOLUTE
    ../clib/signal.c                         0x00000000   Number         0  defsig_fpe_inner.o ABSOLUTE
    ../clib/signal.c                         0x00000000   Number         0  defsig_general.o ABSOLUTE
    ../clib/signal.c                         0x00000000   Number         0  defsig_exit.o ABSOLUTE
    ../clib/signal.c                         0x00000000   Number         0  __raise.o ABSOLUTE
    ../clib/signal.c                         0x00000000   Number         0  defsig_rtmem_inner.o ABSOLUTE
    ../clib/signal.s                         0x00000000   Number         0  defsig.o ABSOLUTE
    ../clib/stdlib.c                         0x00000000   Number         0  exit.o ABSOLUTE
    ../fplib/daddsub.s                       0x00000000   Number         0  daddsub_clz.o ABSOLUTE
    ../fplib/dcmpi.s                         0x00000000   Number         0  dcmpi.o ABSOLUTE
    ../fplib/ddiv.s                          0x00000000   Number         0  ddiv.o ABSOLUTE
    ../fplib/dfix.s                          0x00000000   Number         0  dfix.o ABSOLUTE
    ../fplib/dfixu.s                         0x00000000   Number         0  dfixu.o ABSOLUTE
    ../fplib/dflt.s                          0x00000000   Number         0  dflt_clz.o ABSOLUTE
    ../fplib/dleqf.s                         0x00000000   Number         0  dleqf.o ABSOLUTE
    ../fplib/dmul.s                          0x00000000   Number         0  dmul.o ABSOLUTE
    ../fplib/dnaninf.s                       0x00000000   Number         0  dnaninf.o ABSOLUTE
    ../fplib/dretinf.s                       0x00000000   Number         0  dretinf.o ABSOLUTE
    ../fplib/drleqf.s                        0x00000000   Number         0  drleqf.o ABSOLUTE
    ../fplib/dsqrt.s                         0x00000000   Number         0  dsqrt_umaal.o ABSOLUTE
    ../fplib/f2d.s                           0x00000000   Number         0  f2d.o ABSOLUTE
    ../fplib/faddsub.s                       0x00000000   Number         0  faddsub_clz.o ABSOLUTE
    ../fplib/fflt.s                          0x00000000   Number         0  fflt_clz.o ABSOLUTE
    ../fplib/fnaninf.s                       0x00000000   Number         0  fnaninf.o ABSOLUTE
    ../fplib/fpinit.s                        0x00000000   Number         0  fpinit.o ABSOLUTE
    ../fplib/fretinf.s                       0x00000000   Number         0  fretinf.o ABSOLUTE
    ../fplib/usenofp.s                       0x00000000   Number         0  usenofp.o ABSOLUTE
    ../mathlib/sqrt.c                        0x00000000   Number         0  sqrt.o ABSOLUTE
    ../mathlib/sqrt.c                        0x00000000   Number         0  sqrt_x.o ABSOLUTE
    ADC.c                                    0x00000000   Number         0  adc.o ABSOLUTE
    Filter.c                                 0x00000000   Number         0  filter.o ABSOLUTE
    Interpreter.c                            0x00000000   Number         0  interpreter.o ABSOLUTE
    Lab4.c                                   0x00000000   Number         0  lab4.o ABSOLUTE
    PLL.c                                    0x00000000   Number         0  pll.o ABSOLUTE
    PWM.c                                    0x00000000   Number         0  pwm.o ABSOLUTE
    ST7735.c                                 0x00000000   Number         0  st7735.o ABSOLUTE
    Switch.c                                 0x00000000   Number         0  switch.o ABSOLUTE
    SysTickInts.c                            0x00000000   Number         0  systickints.o ABSOLUTE
    Timer0A.c                                0x00000000   Number         0  timer0a.o ABSOLUTE
    Timer1A.c                                0x00000000   Number         0  timer1a.o ABSOLUTE
    Timer3A.c                                0x00000000   Number         0  timer3a.o ABSOLUTE
    UART.c                                   0x00000000   Number         0  uart.o ABSOLUTE
    cr4_fft_64_stm32.s                       0x00000000   Number         0  cr4_fft_64_stm32.o ABSOLUTE
    dc.s                                     0x00000000   Number         0  dc.o ABSOLUTE
    heap.c                                   0x00000000   Number         0  heap.o ABSOLUTE
    os.c                                     0x00000000   Number         0  os.o ABSOLUTE
    osasm.s                                  0x00000000   Number         0  osasm.o ABSOLUTE
    startup.s                                0x00000000   Number         0  startup.o ABSOLUTE
    !!!main                                  0x00000284   Section        8  __main.o(!!!main)
    !!!scatter                               0x0000028c   Section       52  __scatter.o(!!!scatter)
    !!handler_copy                           0x000002c0   Section       26  __scatter_copy.o(!!handler_copy)
    !!handler_zi                             0x000002dc   Section       28  __scatter_zi.o(!!handler_zi)
    .ARM.Collect$$libinit$$00000000          0x000002f8   Section        2  libinit.o(.ARM.Collect$$libinit$$00000000)
    .ARM.Collect$$libinit$$00000002          0x000002fa   Section        0  libinit2.o(.ARM.Collect$$libinit$$00000002)
    .ARM.Collect$$libinit$$00000008          0x000002fa   Section        0  libinit2.o(.ARM.Collect$$libinit$$00000008)
    .ARM.Collect$$libinit$$0000000A          0x000002fa   Section        0  libinit2.o(.ARM.Collect$$libinit$$0000000A)
    .ARM.Collect$$libinit$$0000000C          0x000002fa   Section        0  libinit2.o(.ARM.Collect$$libinit$$0000000C)
    .ARM.Collect$$libinit$$0000000F          0x000002fa   Section        0  libinit2.o(.ARM.Collect$$libinit$$0000000F)
    .ARM.Collect$$libinit$$00000011          0x000002fa   Section        0  libinit2.o(.ARM.Collect$$libinit$$00000011)
    .ARM.Collect$$libinit$$00000013          0x000002fa   Section        0  libinit2.o(.ARM.Collect$$libinit$$00000013)
    .ARM.Collect$$libinit$$00000015          0x000002fa   Section        0  libinit2.o(.ARM.Collect$$libinit$$00000015)
    .ARM.Collect$$libinit$$00000017          0x000002fa   Section        0  libinit2.o(.ARM.Collect$$libinit$$00000017)
    .ARM.Collect$$libinit$$00000019          0x000002fa   Section        0  libinit2.o(.ARM.Collect$$libinit$$00000019)
    .ARM.Collect$$libinit$$0000001B          0x000002fa   Section        0  libinit2.o(.ARM.Collect$$libinit$$0000001B)
    .ARM.Collect$$libinit$$0000001D          0x000002fa   Section        0  libinit2.o(.ARM.Collect$$libinit$$0000001D)
    .ARM.Collect$$libinit$$0000001F          0x000002fa   Section        0  libinit2.o(.ARM.Collect$$libinit$$0000001F)
    .ARM.Collect$$libinit$$00000021          0x000002fa   Section        0  libinit2.o(.ARM.Collect$$libinit$$00000021)
    .ARM.Collect$$libinit$$00000023          0x000002fa   Section        0  libinit2.o(.ARM.Collect$$libinit$$00000023)
    .ARM.Collect$$libinit$$0000002A          0x000002fa   Section        0  libinit2.o(.ARM.Collect$$libinit$$0000002A)
    .ARM.Collect$$libinit$$0000002C          0x000002fa   Section        0  libinit2.o(.ARM.Collect$$libinit$$0000002C)
    .ARM.Collect$$libinit$$0000002E          0x000002fa   Section        0  libinit2.o(.ARM.Collect$$libinit$$0000002E)
    .ARM.Collect$$libinit$$00000030          0x000002fa   Section        0  libinit2.o(.ARM.Collect$$libinit$$00000030)
    .ARM.Collect$$libinit$$00000031          0x000002fa   Section        2  libinit2.o(.ARM.Collect$$libinit$$00000031)
    .ARM.Collect$$libshutdown$$00000000      0x000002fc   Section        2  libshutdown.o(.ARM.Collect$$libshutdown$$00000000)
    .ARM.Collect$$libshutdown$$00000003      0x000002fe   Section        0  libshutdown2.o(.ARM.Collect$$libshutdown$$00000003)
    .ARM.Collect$$libshutdown$$00000006      0x000002fe   Section        0  libshutdown2.o(.ARM.Collect$$libshutdown$$00000006)
    .ARM.Collect$$libshutdown$$00000009      0x000002fe   Section        0  libshutdown2.o(.ARM.Collect$$libshutdown$$00000009)
    .ARM.Collect$$libshutdown$$0000000B      0x000002fe   Section        0  libshutdown2.o(.ARM.Collect$$libshutdown$$0000000B)
    .ARM.Collect$$libshutdown$$0000000E      0x000002fe   Section        0  libshutdown2.o(.ARM.Collect$$libshutdown$$0000000E)
    .ARM.Collect$$libshutdown$$0000000F      0x000002fe   Section        2  libshutdown2.o(.ARM.Collect$$libshutdown$$0000000F)
    .ARM.Collect$$rtentry$$00000000          0x00000300   Section        0  rtentry.o(.ARM.Collect$$rtentry$$00000000)
    .ARM.Collect$$rtentry$$00000002          0x00000300   Section        0  rtentry2.o(.ARM.Collect$$rtentry$$00000002)
    .ARM.Collect$$rtentry$$00000004          0x00000300   Section        6  rtentry4.o(.ARM.Collect$$rtentry$$00000004)
    .ARM.Collect$$rtentry$$00000009          0x00000306   Section        0  rtentry2.o(.ARM.Collect$$rtentry$$00000009)
    .ARM.Collect$$rtentry$$0000000A          0x00000306   Section        4  rtentry2.o(.ARM.Collect$$rtentry$$0000000A)
    .ARM.Collect$$rtentry$$0000000C          0x0000030a   Section        0  rtentry2.o(.ARM.Collect$$rtentry$$0000000C)
    .ARM.Collect$$rtentry$$0000000D          0x0000030a   Section        8  rtentry2.o(.ARM.Collect$$rtentry$$0000000D)
    .ARM.Collect$$rtexit$$00000000           0x00000312   Section        2  rtexit.o(.ARM.Collect$$rtexit$$00000000)
    .ARM.Collect$$rtexit$$00000002           0x00000314   Section        0  rtexit2.o(.ARM.Collect$$rtexit$$00000002)
    .ARM.Collect$$rtexit$$00000003           0x00000314   Section        4  rtexit2.o(.ARM.Collect$$rtexit$$00000003)
    .ARM.Collect$$rtexit$$00000004           0x00000318   Section        6  rtexit2.o(.ARM.Collect$$rtexit$$00000004)
    .text                                    0x00000320   Section      336  osasm.o(.text)
    .text                                    0x00000470   Section       48  startup.o(.text)
    .text                                    0x000004a0   Section      128  strcmpv7m.o(.text)
    .text                                    0x00000520   Section        0  heapauxi.o(.text)
    .text                                    0x00000526   Section        0  _rserrno.o(.text)
    .text                                    0x0000053c   Section        8  rt_errno_addr_intlibspace.o(.text)
    .text                                    0x00000544   Section        8  libspace.o(.text)
    .text                                    0x0000054c   Section       74  sys_stackheap_outer.o(.text)
    .text                                    0x00000596   Section        0  exit.o(.text)
    .text                                    0x000005a4   Section        0  sys_exit.o(.text)
    .text                                    0x000005b0   Section        2  use_no_semi.o(.text)
    .text                                    0x000005b2   Section        0  indicate_semi.o(.text)
    i.ADC0Seq2_Handler                       0x000005b4   Section        0  adc.o(i.ADC0Seq2_Handler)
    i.ADC0Seq3_Handler                       0x000005dc   Section        0  adc.o(i.ADC0Seq3_Handler)
    i.ADC_ChangeSampleRateHz                 0x0000060c   Section        0  adc.o(i.ADC_ChangeSampleRateHz)
    i.ADC_Collect                            0x00000634   Section        0  adc.o(i.ADC_Collect)
    i.ADC_CurrentChannel                     0x000006c8   Section        0  adc.o(i.ADC_CurrentChannel)
    i.ADC_In                                 0x000006d4   Section        0  adc.o(i.ADC_In)
    i.ADC_Init                               0x000006fc   Section        0  adc.o(i.ADC_Init)
    i.ADC_Open                               0x000008cc   Section        0  adc.o(i.ADC_Open)
    i.Delay1ms                               0x00000900   Section        0  st7735.o(i.Delay1ms)
    i.DisableButton                          0x00000920   Section        0  switch.o(i.DisableButton)
    i.DisableButton2                         0x00000940   Section        0  switch.o(i.DisableButton2)
    i.FFT                                    0x00000960   Section        0  filter.o(i.FFT)
    i.Filter_51Work                          0x00000c4c   Section        0  filter.o(i.Filter_51Work)
    i.GPIOPortF_Handler                      0x00000cd4   Section        0  switch.o(i.GPIOPortF_Handler)
    i.Heap_Calloc                            0x00000d5c   Section        0  heap.o(i.Heap_Calloc)
    i.Heap_Free                              0x00000d8c   Section        0  heap.o(i.Heap_Free)
    i.Heap_Init                              0x00000e1c   Section        0  heap.o(i.Heap_Init)
    i.Heap_Malloc                            0x00000e38   Section        0  heap.o(i.Heap_Malloc)
    i.Interpreter_CommandLine                0x00000e8c   Section        0  interpreter.o(i.Interpreter_CommandLine)
    i.Motor_Init                             0x00000e98   Section        0  pwm.o(i.Motor_Init)
    i.OS_AddPeriodicThread                   0x00000f04   Section        0  os.o(i.OS_AddPeriodicThread)
    i.OS_AddThread                           0x00000fd0   Section        0  os.o(i.OS_AddThread)
    i.OS_Fifo_Get                            0x000010f8   Section        0  os.o(i.OS_Fifo_Get)
    i.OS_Fifo_Put                            0x00001120   Section        0  os.o(i.OS_Fifo_Put)
    i.OS_Init                                0x00001148   Section        0  os.o(i.OS_Init)
    i.OS_InitSemaphore                       0x00001198   Section        0  os.o(i.OS_InitSemaphore)
    i.OS_Kill                                0x0000119c   Section        0  os.o(i.OS_Kill)
    i.OS_RemoveCurrentThread                 0x000011b0   Section        0  os.o(i.OS_RemoveCurrentThread)
    i.OS_Signal                              0x00001250   Section        0  os.o(i.OS_Signal)
    i.OS_Sleep                               0x00001284   Section        0  os.o(i.OS_Sleep)
    i.OS_SleepCheck                          0x000012a8   Section        0  os.o(i.OS_SleepCheck)
    i.OS_Suspend                             0x000012f4   Section        0  os.o(i.OS_Suspend)
    i.OS_Time                                0x0000130c   Section        0  os.o(i.OS_Time)
    i.OS_TimeDifference                      0x00001328   Section        0  os.o(i.OS_TimeDifference)
    i.OS_Wait                                0x00001340   Section        0  os.o(i.OS_Wait)
    i.OS_bSignal                             0x000013dc   Section        0  os.o(i.OS_bSignal)
    i.OS_bWait                               0x00001404   Section        0  os.o(i.OS_bWait)
    i.Output_Init                            0x0000149c   Section        0  st7735.o(i.Output_Init)
    i.PLL_Init                               0x000014b8   Section        0  pll.o(i.PLL_Init)
    i.PWM0A_Duty                             0x00001534   Section        0  pwm.o(i.PWM0A_Duty)
    i.PWM0A_Init                             0x00001540   Section        0  pwm.o(i.PWM0A_Init)
    i.PWM0A_Period                           0x00001608   Section        0  pwm.o(i.PWM0A_Period)
    i.RxFifo_Get                             0x00001614   Section        0  uart.o(i.RxFifo_Get)
    i.RxFifo_Init                            0x00001650   Section        0  uart.o(i.RxFifo_Init)
    i.RxFifo_Put                             0x00001674   Section        0  uart.o(i.RxFifo_Put)
    i.RxFifo_Size                            0x000016b0   Section        0  uart.o(i.RxFifo_Size)
    i.ST7735_Color565                        0x000016c8   Section        0  st7735.o(i.ST7735_Color565)
    i.ST7735_DrawCharS                       0x000016e0   Section        0  st7735.o(i.ST7735_DrawCharS)
    i.ST7735_DrawFastVLine                   0x000017dc   Section        0  st7735.o(i.ST7735_DrawFastVLine)
    i.ST7735_DrawPixel                       0x00001858   Section        0  st7735.o(i.ST7735_DrawPixel)
    i.ST7735_FillRect                        0x000018a4   Section        0  st7735.o(i.ST7735_FillRect)
    i.ST7735_FillScreen                      0x00001950   Section        0  st7735.o(i.ST7735_FillScreen)
    i.ST7735_InitR                           0x00001974   Section        0  st7735.o(i.ST7735_InitR)
    i.ST7735_Message                         0x000019e0   Section        0  st7735.o(i.ST7735_Message)
    i.ST7735_OutString                       0x00001a28   Section        0  st7735.o(i.ST7735_OutString)
    i.ST7735_OutUDec                         0x00001a7c   Section        0  st7735.o(i.ST7735_OutUDec)
    i.ST7735_PlotArrayVFDub                  0x00001ac0   Section        0  st7735.o(i.ST7735_PlotArrayVFDub)
    i.ST7735_PlotArrayVT                     0x00001b7c   Section        0  st7735.o(i.ST7735_PlotArrayVT)
    i.ST7735_PlotBar                         0x00001c18   Section        0  st7735.o(i.ST7735_PlotBar)
    i.ST7735_PlotClear                       0x00001c70   Section        0  st7735.o(i.ST7735_PlotClear)
    i.ST7735_PlotNext                        0x00001ccc   Section        0  st7735.o(i.ST7735_PlotNext)
    i.ST7735_PlotPoint                       0x00001cec   Section        0  st7735.o(i.ST7735_PlotPoint)
    i.SysTick_Init                           0x00001d4c   Section        0  systickints.o(i.SysTick_Init)
    i.Timer0A_Handler                        0x00001d94   Section        0  timer0a.o(i.Timer0A_Handler)
    i.Timer1A_Handler                        0x00001db0   Section        0  timer1a.o(i.Timer1A_Handler)
    i.Timer1A_Init                           0x00001dd8   Section        0  timer1a.o(i.Timer1A_Init)
    i.Timer3A_Handler                        0x00001e40   Section        0  timer3a.o(i.Timer3A_Handler)
    i.Timer3A_Init                           0x00001edc   Section        0  timer3a.o(i.Timer3A_Init)
    i.TmailFifo_Get                          0x00001f44   Section        0  os.o(i.TmailFifo_Get)
    i.TmailFifo_Put                          0x00001f80   Section        0  os.o(i.TmailFifo_Put)
    i.TxFifo_Get                             0x00001fc0   Section        0  uart.o(i.TxFifo_Get)
    i.TxFifo_Init                            0x00001ffc   Section        0  uart.o(i.TxFifo_Init)
    i.TxFifo_Put                             0x00002020   Section        0  uart.o(i.TxFifo_Put)
    i.TxFifo_Size                            0x0000205c   Section        0  uart.o(i.TxFifo_Size)
    i.UART0_Handler                          0x00002074   Section        0  uart.o(i.UART0_Handler)
    i.UART_InChar                            0x000020cc   Section        0  uart.o(i.UART_InChar)
    i.UART_InString                          0x000020e4   Section        0  uart.o(i.UART_InString)
    i.UART_InUDec                            0x0000212a   Section        0  uart.o(i.UART_InUDec)
    i.UART_Init                              0x00002178   Section        0  uart.o(i.UART_Init)
    i.UART_OutCRLF                           0x00002254   Section        0  uart.o(i.UART_OutCRLF)
    i.UART_OutChar                           0x00002264   Section        0  uart.o(i.UART_OutChar)
    i.UART_OutString                         0x00002280   Section        0  uart.o(i.UART_OutString)
    i.UART_OutUDec                           0x00002296   Section        0  uart.o(i.UART_OutUDec)
    i.blockHeader                            0x000022c0   Section        0  heap.o(i.blockHeader)
    blockHeader                              0x000022c1   Thumb Code    18  heap.o(i.blockHeader)
    i.blockRoom                              0x000022d2   Section        0  heap.o(i.blockRoom)
    blockRoom                                0x000022d3   Thumb Code    18  heap.o(i.blockRoom)
    i.blockTrailer                           0x000022e4   Section        0  heap.o(i.blockTrailer)
    blockTrailer                             0x000022e5   Thumb Code    18  heap.o(i.blockTrailer)
    i.blockUnused                            0x000022f6   Section        0  heap.o(i.blockUnused)
    blockUnused                              0x000022f7   Thumb Code     8  heap.o(i.blockUnused)
    i.blockUsed                              0x000022fe   Section        0  heap.o(i.blockUsed)
    blockUsed                                0x000022ff   Thumb Code    16  heap.o(i.blockUsed)
    i.commandList                            0x0000230e   Section        0  st7735.o(i.commandList)
    commandList                              0x0000230f   Thumb Code    86  st7735.o(i.commandList)
    i.commonInit                             0x00002364   Section        0  st7735.o(i.commonInit)
    commonInit                               0x00002365   Thumb Code   328  st7735.o(i.commonInit)
    i.complexMagnitude                       0x000024e8   Section        0  filter.o(i.complexMagnitude)
    i.copyHardwareToSoftware                 0x0000253c   Section        0  uart.o(i.copyHardwareToSoftware)
    copyHardwareToSoftware                   0x0000253d   Thumb Code    42  uart.o(i.copyHardwareToSoftware)
    i.copySoftwareToHardware                 0x00002570   Section        0  uart.o(i.copySoftwareToHardware)
    copySoftwareToHardware                   0x00002571   Thumb Code    44  uart.o(i.copySoftwareToHardware)
    i.dummy                                  0x000025a4   Section        0  lab4.o(i.dummy)
    i.fillmessage                            0x000025b8   Section        0  st7735.o(i.fillmessage)
    i.filterWorkVVF                          0x00002600   Section        0  lab4.o(i.filterWorkVVF)
    i.filterWorkVVT                          0x0000267c   Section        0  lab4.o(i.filterWorkVVT)
    i.inHeapRange                            0x000026c0   Section        0  heap.o(i.inHeapRange)
    inHeapRange                              0x000026c1   Thumb Code    24  heap.o(i.inHeapRange)
    i.interp                                 0x000026dc   Section        0  lab4.o(i.interp)
    i.main                                   0x000026e4   Section        0  lab4.o(i.main)
    i.markBlockUnused                        0x00002718   Section        0  heap.o(i.markBlockUnused)
    markBlockUnused                          0x00002719   Thumb Code    48  heap.o(i.markBlockUnused)
    i.markBlockUsed                          0x00002748   Section        0  heap.o(i.markBlockUsed)
    markBlockUsed                            0x00002749   Thumb Code    48  heap.o(i.markBlockUsed)
    i.mergeBlockWithBelow                    0x00002778   Section        0  heap.o(i.mergeBlockWithBelow)
    mergeBlockWithBelow                      0x00002779   Thumb Code    46  heap.o(i.mergeBlockWithBelow)
    i.nextBlockHeader                        0x000027a6   Section        0  heap.o(i.nextBlockHeader)
    nextBlockHeader                          0x000027a7   Thumb Code    14  heap.o(i.nextBlockHeader)
    i.previousBlockHeader                    0x000027b4   Section        0  heap.o(i.previousBlockHeader)
    previousBlockHeader                      0x000027b5   Thumb Code    12  heap.o(i.previousBlockHeader)
    i.promptCommand                          0x000027c0   Section        0  interpreter.o(i.promptCommand)
    i.pushColor                              0x0000281c   Section        0  st7735.o(i.pushColor)
    pushColor                                0x0000281d   Thumb Code    18  st7735.o(i.pushColor)
    i.serviceCommand                         0x00002830   Section        0  interpreter.o(i.serviceCommand)
    i.setAddrWindow                          0x00002cf0   Section        0  st7735.o(i.setAddrWindow)
    setAddrWindow                            0x00002cf1   Thumb Code   106  st7735.o(i.setAddrWindow)
    i.softwareSampling                       0x00002d64   Section        0  lab4.o(i.softwareSampling)
    i.splitAndMarkBlockUsed                  0x00002d76   Section        0  heap.o(i.splitAndMarkBlockUsed)
    splitAndMarkBlockUsed                    0x00002d77   Thumb Code    76  heap.o(i.splitAndMarkBlockUsed)
    i.sqrt                                   0x00002dc2   Section        0  sqrt.o(i.sqrt)
    i.transfer                               0x00002e10   Section        0  lab4.o(i.transfer)
    i.writecommand                           0x00002e40   Section        0  st7735.o(i.writecommand)
    writecommand                             0x00002e41   Thumb Code    40  st7735.o(i.writecommand)
    i.writedata                              0x00002e70   Section        0  st7735.o(i.writedata)
    writedata                                0x00002e71   Thumb Code    24  st7735.o(i.writedata)
    x$fpl$dadd                               0x00002e90   Section      336  daddsub_clz.o(x$fpl$dadd)
    _dadd1                                   0x00002ea1   Thumb Code     0  daddsub_clz.o(x$fpl$dadd)
    x$fpl$ddiv                               0x00002fe0   Section      688  ddiv.o(x$fpl$ddiv)
    ddiv_entry                               0x00002fe7   Thumb Code     0  ddiv.o(x$fpl$ddiv)
    x$fpl$dfix                               0x00003290   Section       94  dfix.o(x$fpl$dfix)
    x$fpl$dflt                               0x000032ee   Section       46  dflt_clz.o(x$fpl$dflt)
    x$fpl$dmul                               0x0000331c   Section      340  dmul.o(x$fpl$dmul)
    x$fpl$dnaninf                            0x00003470   Section      156  dnaninf.o(x$fpl$dnaninf)
    x$fpl$dretinf                            0x0000350c   Section       12  dretinf.o(x$fpl$dretinf)
    x$fpl$drsb                               0x00003518   Section       22  daddsub_clz.o(x$fpl$drsb)
    x$fpl$dsqrt                              0x00003530   Section      408  dsqrt_umaal.o(x$fpl$dsqrt)
    x$fpl$dsub                               0x000036c8   Section      468  daddsub_clz.o(x$fpl$dsub)
    _dsub1                                   0x000036d9   Thumb Code     0  daddsub_clz.o(x$fpl$dsub)
    x$fpl$usenofp                            0x0000389c   Section        0  usenofp.o(x$fpl$usenofp)
    .constdata                               0x000038a0   Section      216  filter.o(.constdata)
    .constdata                               0x00003978   Section     2018  st7735.o(.constdata)
    Font                                     0x00003978   Data        1275  st7735.o(.constdata)
    Bcmd                                     0x00003e73   Data         103  st7735.o(.constdata)
    Rcmd1                                    0x00003eda   Data          59  st7735.o(.constdata)
    Rcmd2green                               0x00003f15   Data          13  st7735.o(.constdata)
    Rcmd2red                                 0x00003f22   Data          13  st7735.o(.constdata)
    Rcmd3                                    0x00003f2f   Data          43  st7735.o(.constdata)
    .data                                    0x20000000   Section       28  adc.o(.data)
    .data                                    0x2000001c   Section       16  lab4.o(.data)
    i                                        0x2000001c   Data           4  lab4.o(.data)
    .data                                    0x2000002c   Section      148  os.o(.data)
    count                                    0x20000030   Data           4  os.o(.data)
    count                                    0x20000034   Data           4  os.o(.data)
    .data                                    0x200000c0   Section       48  st7735.o(.data)
    _width                                   0x200000c0   Data           2  st7735.o(.data)
    _height                                  0x200000c2   Data           2  st7735.o(.data)
    ColStart                                 0x200000c8   Data           1  st7735.o(.data)
    RowStart                                 0x200000c9   Data           1  st7735.o(.data)
    Rotation                                 0x200000ca   Data           1  st7735.o(.data)
    TabColor                                 0x200000cb   Data           1  st7735.o(.data)
    .data                                    0x200000f0   Section        8  switch.o(.data)
    .data                                    0x200000f8   Section        4  timer0a.o(.data)
    .data                                    0x200000fc   Section       32  uart.o(.data)
    .bss                                     0x2000011c   Section    16384  heap.o(.bss)
    Heap                                     0x2000011c   Data       16384  heap.o(.bss)
    .bss                                     0x2000411c   Section       40  interpreter.o(.bss)
    .bss                                     0x20004148   Section     7784  lab4.o(.bss)
    .bss                                     0x20005fb0   Section     4400  os.o(.bss)
    RmailFifo                                0x200060e0   Data        2048  os.o(.bss)
    TmailFifo                                0x200068e0   Data        2048  os.o(.bss)
    .bss                                     0x200070e0   Section       12  st7735.o(.bss)
    .bss                                     0x200070ec   Section       64  uart.o(.bss)
    RxFifo                                   0x200070ec   Data          32  uart.o(.bss)
    TxFifo                                   0x2000710c   Data          32  uart.o(.bss)
    .bss                                     0x2000712c   Section       96  libspace.o(.bss)
    HEAP                                     0x20007190   Section        0  startup.o(HEAP)
    STACK                                    0x20007190   Section     1024  startup.o(STACK)
    HeapMem                                  0x20007190   Data           0  startup.o(HEAP)
    StackMem                                 0x20007190   Data           0  startup.o(STACK)

    Global Symbols

    Symbol Name                              Value     Ov Type        Size  Object(Section)

    BuildAttributes$$THM_ISAv4$E$P$D$K$B$S$7EM$PE$A:L22UL41UL21$X:L11$S22US41US21$IEEE1$IW$USESV6$~STKCKD$USESV7$~SHL$OTIME$ROPI$IEEEJ$EBA8$UX$STANDARDLIB$REQ8$PRES8$EABIv2 0x00000000   Number         0  anon$$obj.o ABSOLUTE
    __ARM_use_no_argv                        0x00000000   Number         0  lab4.o ABSOLUTE
    __Vectors                                0x00000000   Data           0  startup.o(RESET)
    __ARM_exceptions_init                     - Undefined Weak Reference
    __alloca_initialize                       - Undefined Weak Reference
    __cpp_initialize__aeabi_                  - Undefined Weak Reference
    __cxa_finalize                            - Undefined Weak Reference
    __rt_locale                               - Undefined Weak Reference
    __sigvec_lookup                           - Undefined Weak Reference
    _atexit_init                              - Undefined Weak Reference
    _call_atexit_fns                          - Undefined Weak Reference
    _clock_init                               - Undefined Weak Reference
    _fp_trap_init                             - Undefined Weak Reference
    _fp_trap_shutdown                         - Undefined Weak Reference
    _get_lc_collate                           - Undefined Weak Reference
    _get_lc_ctype                             - Undefined Weak Reference
    _get_lc_monetary                          - Undefined Weak Reference
    _get_lc_numeric                           - Undefined Weak Reference
    _get_lc_time                              - Undefined Weak Reference
    _getenv_init                              - Undefined Weak Reference
    _handle_redirection                       - Undefined Weak Reference
    _init_alloc                               - Undefined Weak Reference
    _init_user_alloc                          - Undefined Weak Reference
    _initio                                   - Undefined Weak Reference
    _rand_init                                - Undefined Weak Reference
    _signal_finish                            - Undefined Weak Reference
    _signal_init                              - Undefined Weak Reference
    _terminate_alloc                          - Undefined Weak Reference
    _terminate_user_alloc                     - Undefined Weak Reference
    _terminateio                              - Undefined Weak Reference
    Reset_Handler                            0x0000026d   Thumb Code     0  startup.o(RESET)
    NMI_Handler                              0x00000271   Thumb Code     2  startup.o(RESET)
    HardFault_Handler                        0x00000273   Thumb Code     2  startup.o(RESET)
    MemManage_Handler                        0x00000275   Thumb Code     2  startup.o(RESET)
    BusFault_Handler                         0x00000277   Thumb Code     2  startup.o(RESET)
    UsageFault_Handler                       0x00000279   Thumb Code     2  startup.o(RESET)
    SVC_Handler                              0x0000027b   Thumb Code     2  startup.o(RESET)
    DebugMon_Handler                         0x0000027d   Thumb Code     2  startup.o(RESET)
    ADC0Seq0_Handler                         0x00000283   Thumb Code     0  startup.o(RESET)
    ADC0Seq1_Handler                         0x00000283   Thumb Code     0  startup.o(RESET)
    ADC1Seq0_Handler                         0x00000283   Thumb Code     0  startup.o(RESET)
    ADC1Seq1_Handler                         0x00000283   Thumb Code     0  startup.o(RESET)
    ADC1Seq2_Handler                         0x00000283   Thumb Code     0  startup.o(RESET)
    ADC1Seq3_Handler                         0x00000283   Thumb Code     0  startup.o(RESET)
    CAN0_Handler                             0x00000283   Thumb Code     0  startup.o(RESET)
    CAN1_Handler                             0x00000283   Thumb Code     0  startup.o(RESET)
    CAN2_Handler                             0x00000283   Thumb Code     0  startup.o(RESET)
    Comp0_Handler                            0x00000283   Thumb Code     0  startup.o(RESET)
    Comp1_Handler                            0x00000283   Thumb Code     0  startup.o(RESET)
    Comp2_Handler                            0x00000283   Thumb Code     0  startup.o(RESET)
    Ethernet_Handler                         0x00000283   Thumb Code     0  startup.o(RESET)
    ExtBus_Handler                           0x00000283   Thumb Code     0  startup.o(RESET)
    FPU_Handler                              0x00000283   Thumb Code     0  startup.o(RESET)
    Fan0_Handler                             0x00000283   Thumb Code     0  startup.o(RESET)
    FlashCtl_Handler                         0x00000283   Thumb Code     0  startup.o(RESET)
    GPIOPortA_Handler                        0x00000283   Thumb Code     0  startup.o(RESET)
    GPIOPortB_Handler                        0x00000283   Thumb Code     0  startup.o(RESET)
    GPIOPortC_Handler                        0x00000283   Thumb Code     0  startup.o(RESET)
    GPIOPortD_Handler                        0x00000283   Thumb Code     0  startup.o(RESET)
    GPIOPortE_Handler                        0x00000283   Thumb Code     0  startup.o(RESET)
    GPIOPortG_Handler                        0x00000283   Thumb Code     0  startup.o(RESET)
    GPIOPortH_Handler                        0x00000283   Thumb Code     0  startup.o(RESET)
    GPIOPortJ_Handler                        0x00000283   Thumb Code     0  startup.o(RESET)
    GPIOPortK_Handler                        0x00000283   Thumb Code     0  startup.o(RESET)
    GPIOPortL_Handler                        0x00000283   Thumb Code     0  startup.o(RESET)
    GPIOPortM_Handler                        0x00000283   Thumb Code     0  startup.o(RESET)
    GPIOPortN_Handler                        0x00000283   Thumb Code     0  startup.o(RESET)
    GPIOPortP1_Handler                       0x00000283   Thumb Code     0  startup.o(RESET)
    GPIOPortP2_Handler                       0x00000283   Thumb Code     0  startup.o(RESET)
    GPIOPortP3_Handler                       0x00000283   Thumb Code     0  startup.o(RESET)
    GPIOPortP4_Handler                       0x00000283   Thumb Code     0  startup.o(RESET)
    GPIOPortP5_Handler                       0x00000283   Thumb Code     0  startup.o(RESET)
    GPIOPortP6_Handler                       0x00000283   Thumb Code     0  startup.o(RESET)
    GPIOPortP7_Handler                       0x00000283   Thumb Code     0  startup.o(RESET)
    GPIOPortP_Handler                        0x00000283   Thumb Code     0  startup.o(RESET)
    GPIOPortQ1_Handler                       0x00000283   Thumb Code     0  startup.o(RESET)
    GPIOPortQ2_Handler                       0x00000283   Thumb Code     0  startup.o(RESET)
    GPIOPortQ3_Handler                       0x00000283   Thumb Code     0  startup.o(RESET)
    GPIOPortQ4_Handler                       0x00000283   Thumb Code     0  startup.o(RESET)
    GPIOPortQ5_Handler                       0x00000283   Thumb Code     0  startup.o(RESET)
    GPIOPortQ6_Handler                       0x00000283   Thumb Code     0  startup.o(RESET)
    GPIOPortQ7_Handler                       0x00000283   Thumb Code     0  startup.o(RESET)
    GPIOPortQ_Handler                        0x00000283   Thumb Code     0  startup.o(RESET)
    GPIOPortR_Handler                        0x00000283   Thumb Code     0  startup.o(RESET)
    GPIOPortS_Handler                        0x00000283   Thumb Code     0  startup.o(RESET)
    Hibernate_Handler                        0x00000283   Thumb Code     0  startup.o(RESET)
    I2C0_Handler                             0x00000283   Thumb Code     0  startup.o(RESET)
    I2C1_Handler                             0x00000283   Thumb Code     0  startup.o(RESET)
    I2C2_Handler                             0x00000283   Thumb Code     0  startup.o(RESET)
    I2C3_Handler                             0x00000283   Thumb Code     0  startup.o(RESET)
    I2C4_Handler                             0x00000283   Thumb Code     0  startup.o(RESET)
    I2C5_Handler                             0x00000283   Thumb Code     0  startup.o(RESET)
    I2S0_Handler                             0x00000283   Thumb Code     0  startup.o(RESET)
    LPC0_Handler                             0x00000283   Thumb Code     0  startup.o(RESET)
    PECI0_Handler                            0x00000283   Thumb Code     0  startup.o(RESET)
    PWM0Fault_Handler                        0x00000283   Thumb Code     0  startup.o(RESET)
    PWM0Generator0_Handler                   0x00000283   Thumb Code     0  startup.o(RESET)
    PWM0Generator1_Handler                   0x00000283   Thumb Code     0  startup.o(RESET)
    PWM0Generator2_Handler                   0x00000283   Thumb Code     0  startup.o(RESET)
    PWM0Generator3_Handler                   0x00000283   Thumb Code     0  startup.o(RESET)
    PWM1Fault_Handler                        0x00000283   Thumb Code     0  startup.o(RESET)
    PWM1Generator0_Handler                   0x00000283   Thumb Code     0  startup.o(RESET)
    PWM1Generator1_Handler                   0x00000283   Thumb Code     0  startup.o(RESET)
    PWM1Generator2_Handler                   0x00000283   Thumb Code     0  startup.o(RESET)
    PWM1Generator3_Handler                   0x00000283   Thumb Code     0  startup.o(RESET)
    Quadrature0_Handler                      0x00000283   Thumb Code     0  startup.o(RESET)
    Quadrature1_Handler                      0x00000283   Thumb Code     0  startup.o(RESET)
    Quadrature2_Handler                      0x00000283   Thumb Code     0  startup.o(RESET)
    SSI0_Handler                             0x00000283   Thumb Code     0  startup.o(RESET)
    SSI1_Handler                             0x00000283   Thumb Code     0  startup.o(RESET)
    SSI2_Handler                             0x00000283   Thumb Code     0  startup.o(RESET)
    SSI3_Handler                             0x00000283   Thumb Code     0  startup.o(RESET)
    SysCtl_Handler                           0x00000283   Thumb Code     0  startup.o(RESET)
    Timer0B_Handler                          0x00000283   Thumb Code     0  startup.o(RESET)
    Timer1B_Handler                          0x00000283   Thumb Code     0  startup.o(RESET)
    Timer2A_Handler                          0x00000283   Thumb Code     0  startup.o(RESET)
    Timer2B_Handler                          0x00000283   Thumb Code     0  startup.o(RESET)
    Timer3B_Handler                          0x00000283   Thumb Code     0  startup.o(RESET)
    Timer4A_Handler                          0x00000283   Thumb Code     0  startup.o(RESET)
    Timer4B_Handler                          0x00000283   Thumb Code     0  startup.o(RESET)
    Timer5A_Handler                          0x00000283   Thumb Code     0  startup.o(RESET)
    Timer5B_Handler                          0x00000283   Thumb Code     0  startup.o(RESET)
    UART1_Handler                            0x00000283   Thumb Code     0  startup.o(RESET)
    UART2_Handler                            0x00000283   Thumb Code     0  startup.o(RESET)
    UART3_Handler                            0x00000283   Thumb Code     0  startup.o(RESET)
    UART4_Handler                            0x00000283   Thumb Code     0  startup.o(RESET)
    UART5_Handler                            0x00000283   Thumb Code     0  startup.o(RESET)
    UART6_Handler                            0x00000283   Thumb Code     0  startup.o(RESET)
    UART7_Handler                            0x00000283   Thumb Code     0  startup.o(RESET)
    USB0_Handler                             0x00000283   Thumb Code     0  startup.o(RESET)
    WDT_Handler                              0x00000283   Thumb Code     0  startup.o(RESET)
    WideTimer0A_Handler                      0x00000283   Thumb Code     0  startup.o(RESET)
    WideTimer0B_Handler                      0x00000283   Thumb Code     0  startup.o(RESET)
    WideTimer1A_Handler                      0x00000283   Thumb Code     0  startup.o(RESET)
    WideTimer1B_Handler                      0x00000283   Thumb Code     0  startup.o(RESET)
    WideTimer2A_Handler                      0x00000283   Thumb Code     0  startup.o(RESET)
    WideTimer2B_Handler                      0x00000283   Thumb Code     0  startup.o(RESET)
    WideTimer3A_Handler                      0x00000283   Thumb Code     0  startup.o(RESET)
    WideTimer3B_Handler                      0x00000283   Thumb Code     0  startup.o(RESET)
    WideTimer4A_Handler                      0x00000283   Thumb Code     0  startup.o(RESET)
    WideTimer4B_Handler                      0x00000283   Thumb Code     0  startup.o(RESET)
    WideTimer5A_Handler                      0x00000283   Thumb Code     0  startup.o(RESET)
    WideTimer5B_Handler                      0x00000283   Thumb Code     0  startup.o(RESET)
    uDMA_Error                               0x00000283   Thumb Code     0  startup.o(RESET)
    uDMA_Handler                             0x00000283   Thumb Code     0  startup.o(RESET)
    __main                                   0x00000285   Thumb Code     8  __main.o(!!!main)
    __scatterload                            0x0000028d   Thumb Code     0  __scatter.o(!!!scatter)
    __scatterload_rt2                        0x0000028d   Thumb Code    44  __scatter.o(!!!scatter)
    __scatterload_rt2_thumb_only             0x0000028d   Thumb Code     0  __scatter.o(!!!scatter)
    __scatterload_null                       0x0000029b   Thumb Code     0  __scatter.o(!!!scatter)
    __scatterload_copy                       0x000002c1   Thumb Code    26  __scatter_copy.o(!!handler_copy)
    __scatterload_zeroinit                   0x000002dd   Thumb Code    28  __scatter_zi.o(!!handler_zi)
    __rt_lib_init                            0x000002f9   Thumb Code     0  libinit.o(.ARM.Collect$$libinit$$00000000)
    __rt_lib_init_alloca_1                   0x000002fb   Thumb Code     0  libinit2.o(.ARM.Collect$$libinit$$0000002C)
    __rt_lib_init_argv_1                     0x000002fb   Thumb Code     0  libinit2.o(.ARM.Collect$$libinit$$0000002A)
    __rt_lib_init_atexit_1                   0x000002fb   Thumb Code     0  libinit2.o(.ARM.Collect$$libinit$$00000019)
    __rt_lib_init_clock_1                    0x000002fb   Thumb Code     0  libinit2.o(.ARM.Collect$$libinit$$0000001F)
    __rt_lib_init_cpp_1                      0x000002fb   Thumb Code     0  libinit2.o(.ARM.Collect$$libinit$$00000030)
    __rt_lib_init_exceptions_1               0x000002fb   Thumb Code     0  libinit2.o(.ARM.Collect$$libinit$$0000002E)
    __rt_lib_init_fp_1                       0x000002fb   Thumb Code     0  libinit2.o(.ARM.Collect$$libinit$$00000002)
    __rt_lib_init_fp_trap_1                  0x000002fb   Thumb Code     0  libinit2.o(.ARM.Collect$$libinit$$0000001D)
    __rt_lib_init_getenv_1                   0x000002fb   Thumb Code     0  libinit2.o(.ARM.Collect$$libinit$$00000021)
    __rt_lib_init_heap_1                     0x000002fb   Thumb Code     0  libinit2.o(.ARM.Collect$$libinit$$00000008)
    __rt_lib_init_lc_collate_1               0x000002fb   Thumb Code     0  libinit2.o(.ARM.Collect$$libinit$$0000000F)
    __rt_lib_init_lc_ctype_1                 0x000002fb   Thumb Code     0  libinit2.o(.ARM.Collect$$libinit$$00000011)
    __rt_lib_init_lc_monetary_1              0x000002fb   Thumb Code     0  libinit2.o(.ARM.Collect$$libinit$$00000013)
    __rt_lib_init_lc_numeric_1               0x000002fb   Thumb Code     0  libinit2.o(.ARM.Collect$$libinit$$00000015)
    __rt_lib_init_lc_time_1                  0x000002fb   Thumb Code     0  libinit2.o(.ARM.Collect$$libinit$$00000017)
    __rt_lib_init_rand_1                     0x000002fb   Thumb Code     0  libinit2.o(.ARM.Collect$$libinit$$0000000C)
    __rt_lib_init_return                     0x000002fb   Thumb Code     0  libinit2.o(.ARM.Collect$$libinit$$00000031)
    __rt_lib_init_signal_1                   0x000002fb   Thumb Code     0  libinit2.o(.ARM.Collect$$libinit$$0000001B)
    __rt_lib_init_stdio_1                    0x000002fb   Thumb Code     0  libinit2.o(.ARM.Collect$$libinit$$00000023)
    __rt_lib_init_user_alloc_1               0x000002fb   Thumb Code     0  libinit2.o(.ARM.Collect$$libinit$$0000000A)
    __rt_lib_shutdown                        0x000002fd   Thumb Code     0  libshutdown.o(.ARM.Collect$$libshutdown$$00000000)
    __rt_lib_shutdown_fp_trap_1              0x000002ff   Thumb Code     0  libshutdown2.o(.ARM.Collect$$libshutdown$$00000006)
    __rt_lib_shutdown_heap_1                 0x000002ff   Thumb Code     0  libshutdown2.o(.ARM.Collect$$libshutdown$$0000000E)
    __rt_lib_shutdown_return                 0x000002ff   Thumb Code     0  libshutdown2.o(.ARM.Collect$$libshutdown$$0000000F)
    __rt_lib_shutdown_signal_1               0x000002ff   Thumb Code     0  libshutdown2.o(.ARM.Collect$$libshutdown$$00000009)
    __rt_lib_shutdown_stdio_1                0x000002ff   Thumb Code     0  libshutdown2.o(.ARM.Collect$$libshutdown$$00000003)
    __rt_lib_shutdown_user_alloc_1           0x000002ff   Thumb Code     0  libshutdown2.o(.ARM.Collect$$libshutdown$$0000000B)
    __rt_entry                               0x00000301   Thumb Code     0  rtentry.o(.ARM.Collect$$rtentry$$00000000)
    __rt_entry_presh_1                       0x00000301   Thumb Code     0  rtentry2.o(.ARM.Collect$$rtentry$$00000002)
    __rt_entry_sh                            0x00000301   Thumb Code     0  rtentry4.o(.ARM.Collect$$rtentry$$00000004)
    __rt_entry_li                            0x00000307   Thumb Code     0  rtentry2.o(.ARM.Collect$$rtentry$$0000000A)
    __rt_entry_postsh_1                      0x00000307   Thumb Code     0  rtentry2.o(.ARM.Collect$$rtentry$$00000009)
    __rt_entry_main                          0x0000030b   Thumb Code     0  rtentry2.o(.ARM.Collect$$rtentry$$0000000D)
    __rt_entry_postli_1                      0x0000030b   Thumb Code     0  rtentry2.o(.ARM.Collect$$rtentry$$0000000C)
    __rt_exit                                0x00000313   Thumb Code     0  rtexit.o(.ARM.Collect$$rtexit$$00000000)
    __rt_exit_ls                             0x00000315   Thumb Code     0  rtexit2.o(.ARM.Collect$$rtexit$$00000003)
    __rt_exit_prels_1                        0x00000315   Thumb Code     0  rtexit2.o(.ARM.Collect$$rtexit$$00000002)
    __rt_exit_exit                           0x00000319   Thumb Code     0  rtexit2.o(.ARM.Collect$$rtexit$$00000004)
    OS_Launch                                0x00000323   Thumb Code     0  osasm.o(.text)
    SysTick_Handler                          0x00000359   Thumb Code     0  osasm.o(.text)
    PendSV_Handler                           0x000003e3   Thumb Code     0  osasm.o(.text)
    DisableInterrupts                        0x00000471   Thumb Code     0  startup.o(.text)
    EnableInterrupts                         0x00000475   Thumb Code     0  startup.o(.text)
    StartCritical                            0x00000479   Thumb Code     0  startup.o(.text)
    EndCritical                              0x00000481   Thumb Code     0  startup.o(.text)
    WaitForInterrupt                         0x00000487   Thumb Code     0  startup.o(.text)
    __user_initial_stackheap                 0x0000048b   Thumb Code     0  startup.o(.text)
    strcmp                                   0x000004a1   Thumb Code   128  strcmpv7m.o(.text)
    __use_two_region_memory                  0x00000521   Thumb Code     2  heapauxi.o(.text)
    __rt_heap_escrow$2region                 0x00000523   Thumb Code     2  heapauxi.o(.text)
    __rt_heap_expand$2region                 0x00000525   Thumb Code     2  heapauxi.o(.text)
    __read_errno                             0x00000527   Thumb Code    10  _rserrno.o(.text)
    __set_errno                              0x00000531   Thumb Code    12  _rserrno.o(.text)
    __aeabi_errno_addr                       0x0000053d   Thumb Code     8  rt_errno_addr_intlibspace.o(.text)
    __errno$intlibspace                      0x0000053d   Thumb Code     0  rt_errno_addr_intlibspace.o(.text)
    __rt_errno_addr$intlibspace              0x0000053d   Thumb Code     0  rt_errno_addr_intlibspace.o(.text)
    __user_libspace                          0x00000545   Thumb Code     8  libspace.o(.text)
    __user_perproc_libspace                  0x00000545   Thumb Code     0  libspace.o(.text)
    __user_perthread_libspace                0x00000545   Thumb Code     0  libspace.o(.text)
    __user_setup_stackheap                   0x0000054d   Thumb Code    74  sys_stackheap_outer.o(.text)
    exit                                     0x00000597   Thumb Code    12  exit.o(.text)
    _sys_exit                                0x000005a5   Thumb Code     8  sys_exit.o(.text)
    __I$use$semihosting                      0x000005b1   Thumb Code     0  use_no_semi.o(.text)
    __use_no_semihosting_swi                 0x000005b1   Thumb Code     2  use_no_semi.o(.text)
    __semihosting_library_function           0x000005b3   Thumb Code     0  indicate_semi.o(.text)
    ADC0Seq2_Handler                         0x000005b5   Thumb Code    28  adc.o(i.ADC0Seq2_Handler)
    ADC0Seq3_Handler                         0x000005dd   Thumb Code    36  adc.o(i.ADC0Seq3_Handler)
    ADC_ChangeSampleRateHz                   0x0000060d   Thumb Code    22  adc.o(i.ADC_ChangeSampleRateHz)
    ADC_Collect                              0x00000635   Thumb Code   132  adc.o(i.ADC_Collect)
    ADC_CurrentChannel                       0x000006c9   Thumb Code     8  adc.o(i.ADC_CurrentChannel)
    ADC_In                                   0x000006d5   Thumb Code    32  adc.o(i.ADC_In)
    ADC_Init                                 0x000006fd   Thumb Code   406  adc.o(i.ADC_Init)
    ADC_Open                                 0x000008cd   Thumb Code    48  adc.o(i.ADC_Open)
    Delay1ms                                 0x00000901   Thumb Code    32  st7735.o(i.Delay1ms)
    DisableButton                            0x00000921   Thumb Code    28  switch.o(i.DisableButton)
    DisableButton2                           0x00000941   Thumb Code    28  switch.o(i.DisableButton2)
    FFT                                      0x00000961   Thumb Code   740  filter.o(i.FFT)
    Filter_51Work                            0x00000c4d   Thumb Code   128  filter.o(i.Filter_51Work)
    GPIOPortF_Handler                        0x00000cd5   Thumb Code   114  switch.o(i.GPIOPortF_Handler)
    Heap_Calloc                              0x00000d5d   Thumb Code    46  heap.o(i.Heap_Calloc)
    Heap_Free                                0x00000d8d   Thumb Code   140  heap.o(i.Heap_Free)
    Heap_Init                                0x00000e1d   Thumb Code    14  heap.o(i.Heap_Init)
    Heap_Malloc                              0x00000e39   Thumb Code    78  heap.o(i.Heap_Malloc)
    Interpreter_CommandLine                  0x00000e8d   Thumb Code    10  interpreter.o(i.Interpreter_CommandLine)
    Motor_Init                               0x00000e99   Thumb Code    90  pwm.o(i.Motor_Init)
    OS_AddPeriodicThread                     0x00000f05   Thumb Code   192  os.o(i.OS_AddPeriodicThread)
    OS_AddThread                             0x00000fd1   Thumb Code   280  os.o(i.OS_AddThread)
    OS_Fifo_Get                              0x000010f9   Thumb Code    30  os.o(i.OS_Fifo_Get)
    OS_Fifo_Put                              0x00001121   Thumb Code    32  os.o(i.OS_Fifo_Put)
    OS_Init                                  0x00001149   Thumb Code    62  os.o(i.OS_Init)
    OS_InitSemaphore                         0x00001199   Thumb Code     4  os.o(i.OS_InitSemaphore)
    OS_Kill                                  0x0000119d   Thumb Code    16  os.o(i.OS_Kill)
    OS_RemoveCurrentThread                   0x000011b1   Thumb Code   140  os.o(i.OS_RemoveCurrentThread)
    OS_Signal                                0x00001251   Thumb Code    50  os.o(i.OS_Signal)
    OS_Sleep                                 0x00001285   Thumb Code    32  os.o(i.OS_Sleep)
    OS_SleepCheck                            0x000012a9   Thumb Code    72  os.o(i.OS_SleepCheck)
    OS_Suspend                               0x000012f5   Thumb Code    20  os.o(i.OS_Suspend)
    OS_Time                                  0x0000130d   Thumb Code    20  os.o(i.OS_Time)
    OS_TimeDifference                        0x00001329   Thumb Code    18  os.o(i.OS_TimeDifference)
    OS_Wait                                  0x00001341   Thumb Code   150  os.o(i.OS_Wait)
    OS_bSignal                               0x000013dd   Thumb Code    38  os.o(i.OS_bSignal)
    OS_bWait                                 0x00001405   Thumb Code   148  os.o(i.OS_bWait)
    Output_Init                              0x0000149d   Thumb Code    24  st7735.o(i.Output_Init)
    PLL_Init                                 0x000014b9   Thumb Code   118  pll.o(i.PLL_Init)
    PWM0A_Duty                               0x00001535   Thumb Code     8  pwm.o(i.PWM0A_Duty)
    PWM0A_Init                               0x00001541   Thumb Code   176  pwm.o(i.PWM0A_Init)
    PWM0A_Period                             0x00001609   Thumb Code     8  pwm.o(i.PWM0A_Period)
    RxFifo_Get                               0x00001615   Thumb Code    46  uart.o(i.RxFifo_Get)
    RxFifo_Init                              0x00001651   Thumb Code    26  uart.o(i.RxFifo_Init)
    RxFifo_Put                               0x00001675   Thumb Code    48  uart.o(i.RxFifo_Put)
    RxFifo_Size                              0x000016b1   Thumb Code    14  uart.o(i.RxFifo_Size)
    ST7735_Color565                          0x000016c9   Thumb Code    24  st7735.o(i.ST7735_Color565)
    ST7735_DrawCharS                         0x000016e1   Thumb Code   238  st7735.o(i.ST7735_DrawCharS)
    ST7735_DrawFastVLine                     0x000017dd   Thumb Code   116  st7735.o(i.ST7735_DrawFastVLine)
    ST7735_DrawPixel                         0x00001859   Thumb Code    68  st7735.o(i.ST7735_DrawPixel)
    ST7735_FillRect                          0x000018a5   Thumb Code   164  st7735.o(i.ST7735_FillRect)
    ST7735_FillScreen                        0x00001951   Thumb Code    28  st7735.o(i.ST7735_FillScreen)
    ST7735_InitR                             0x00001975   Thumb Code    76  st7735.o(i.ST7735_InitR)
    ST7735_Message                           0x000019e1   Thumb Code    66  st7735.o(i.ST7735_Message)
    ST7735_OutString                         0x00001a29   Thumb Code    84  st7735.o(i.ST7735_OutString)
    ST7735_OutUDec                           0x00001a7d   Thumb Code    50  st7735.o(i.ST7735_OutUDec)
    ST7735_PlotArrayVFDub                    0x00001ac1   Thumb Code   174  st7735.o(i.ST7735_PlotArrayVFDub)
    ST7735_PlotArrayVT                       0x00001b7d   Thumb Code   146  st7735.o(i.ST7735_PlotArrayVT)
    ST7735_PlotBar                           0x00001c19   Thumb Code    72  st7735.o(i.ST7735_PlotBar)
    ST7735_PlotClear                         0x00001c71   Thumb Code    74  st7735.o(i.ST7735_PlotClear)
    ST7735_PlotNext                          0x00001ccd   Thumb Code    28  st7735.o(i.ST7735_PlotNext)
    ST7735_PlotPoint                         0x00001ced   Thumb Code    78  st7735.o(i.ST7735_PlotPoint)
    SysTick_Init                             0x00001d4d   Thumb Code    66  systickints.o(i.SysTick_Init)
    Timer0A_Handler                          0x00001d95   Thumb Code    18  timer0a.o(i.Timer0A_Handler)
    Timer1A_Handler                          0x00001db1   Thumb Code    32  timer1a.o(i.Timer1A_Handler)
    Timer1A_Init                             0x00001dd9   Thumb Code    88  timer1a.o(i.Timer1A_Init)
    Timer3A_Handler                          0x00001e41   Thumb Code   148  timer3a.o(i.Timer3A_Handler)
    Timer3A_Init                             0x00001edd   Thumb Code    86  timer3a.o(i.Timer3A_Init)
    TmailFifo_Get                            0x00001f45   Thumb Code    48  os.o(i.TmailFifo_Get)
    TmailFifo_Put                            0x00001f81   Thumb Code    50  os.o(i.TmailFifo_Put)
    TxFifo_Get                               0x00001fc1   Thumb Code    46  uart.o(i.TxFifo_Get)
    TxFifo_Init                              0x00001ffd   Thumb Code    26  uart.o(i.TxFifo_Init)
    TxFifo_Put                               0x00002021   Thumb Code    48  uart.o(i.TxFifo_Put)
    TxFifo_Size                              0x0000205d   Thumb Code    14  uart.o(i.TxFifo_Size)
    UART0_Handler                            0x00002075   Thumb Code    82  uart.o(i.UART0_Handler)
    UART_InChar                              0x000020cd   Thumb Code    20  uart.o(i.UART_InChar)
    UART_InString                            0x000020e5   Thumb Code    70  uart.o(i.UART_InString)
    UART_InUDec                              0x0000212b   Thumb Code    76  uart.o(i.UART_InUDec)
    UART_Init                                0x00002179   Thumb Code   188  uart.o(i.UART_Init)
    UART_OutCRLF                             0x00002255   Thumb Code    16  uart.o(i.UART_OutCRLF)
    UART_OutChar                             0x00002265   Thumb Code    22  uart.o(i.UART_OutChar)
    UART_OutString                           0x00002281   Thumb Code    22  uart.o(i.UART_OutString)
    UART_OutUDec                             0x00002297   Thumb Code    42  uart.o(i.UART_OutUDec)
    complexMagnitude                         0x000024e9   Thumb Code    84  filter.o(i.complexMagnitude)
    dummy                                    0x000025a5   Thumb Code    14  lab4.o(i.dummy)
    fillmessage                              0x000025b9   Thumb Code    64  st7735.o(i.fillmessage)
    filterWorkVVF                            0x00002601   Thumb Code    98  lab4.o(i.filterWorkVVF)
    filterWorkVVT                            0x0000267d   Thumb Code    58  lab4.o(i.filterWorkVVT)
    interp                                   0x000026dd   Thumb Code     8  lab4.o(i.interp)
    main                                     0x000026e5   Thumb Code    40  lab4.o(i.main)
    promptCommand                            0x000027c1   Thumb Code    88  interpreter.o(i.promptCommand)
    serviceCommand                           0x00002831   Thumb Code   828  interpreter.o(i.serviceCommand)
    softwareSampling                         0x00002d65   Thumb Code    18  lab4.o(i.softwareSampling)
    sqrt                                     0x00002dc3   Thumb Code    76  sqrt.o(i.sqrt)
    transfer                                 0x00002e11   Thumb Code    38  lab4.o(i.transfer)
    __aeabi_dadd                             0x00002e91   Thumb Code     0  daddsub_clz.o(x$fpl$dadd)
    _dadd                                    0x00002e91   Thumb Code   332  daddsub_clz.o(x$fpl$dadd)
    __aeabi_ddiv                             0x00002fe1   Thumb Code     0  ddiv.o(x$fpl$ddiv)
    _ddiv                                    0x00002fe1   Thumb Code   552  ddiv.o(x$fpl$ddiv)
    __aeabi_d2iz                             0x00003291   Thumb Code     0  dfix.o(x$fpl$dfix)
    _dfix                                    0x00003291   Thumb Code    94  dfix.o(x$fpl$dfix)
    __aeabi_i2d                              0x000032ef   Thumb Code     0  dflt_clz.o(x$fpl$dflt)
    _dflt                                    0x000032ef   Thumb Code    46  dflt_clz.o(x$fpl$dflt)
    __aeabi_dmul                             0x0000331d   Thumb Code     0  dmul.o(x$fpl$dmul)
    _dmul                                    0x0000331d   Thumb Code   332  dmul.o(x$fpl$dmul)
    __fpl_dnaninf                            0x00003471   Thumb Code   156  dnaninf.o(x$fpl$dnaninf)
    __fpl_dretinf                            0x0000350d   Thumb Code    12  dretinf.o(x$fpl$dretinf)
    __aeabi_drsub                            0x00003519   Thumb Code     0  daddsub_clz.o(x$fpl$drsb)
    _drsb                                    0x00003519   Thumb Code    22  daddsub_clz.o(x$fpl$drsb)
    _dsqrt                                   0x00003531   Thumb Code   404  dsqrt_umaal.o(x$fpl$dsqrt)
    __aeabi_dsub                             0x000036c9   Thumb Code     0  daddsub_clz.o(x$fpl$dsub)
    _dsub                                    0x000036c9   Thumb Code   464  daddsub_clz.o(x$fpl$dsub)
    __I$use$fp                               0x0000389c   Number         0  usenofp.o(x$fpl$usenofp)
    h                                        0x000038a0   Data         204  filter.o(.constdata)
    fixed51                                  0x0000396c   Data           4  filter.o(.constdata)
    freq                                     0x00003970   Data           8  filter.o(.constdata)
    dBfs                                     0x00003f5a   Data         512  st7735.o(.constdata)
    Region$$Table$$Base                      0x0000415c   Number         0  anon$$obj.o(Region$$Table)
    Region$$Table$$Limit                     0x0000417c   Number         0  anon$$obj.o(Region$$Table)
    adcTask                                  0x20000000   Data           4  adc.o(.data)
    samples                                  0x20000004   Data           4  adc.o(.data)
    totalSamples                             0x20000008   Data           4  adc.o(.data)
    collectDone                              0x2000000c   Data           4  adc.o(.data)
    samplingFrequency                        0x20000010   Data           4  adc.o(.data)
    samplingPeriod                           0x20000014   Data           4  adc.o(.data)
    ADCvalue                                 0x20000018   Data           4  adc.o(.data)
    adc_count                                0x20000020   Data           4  lab4.o(.data)
    u                                        0x20000024   Data           4  lab4.o(.data)
    j                                        0x20000028   Data           4  lab4.o(.data)
    numThreads                               0x2000002c   Data           4  os.o(.data)
    periodicInterruptCount                   0x20000038   Data           4  os.o(.data)
    RunPt                                    0x2000003c   Data           4  os.o(.data)
    NodePt                                   0x20000040   Data           4  os.o(.data)
    head                                     0x20000044   Data           4  os.o(.data)
    tail                                     0x20000048   Data           4  os.o(.data)
    PeriodicPt                               0x2000004c   Data           4  os.o(.data)
    PeriodicTCB                              0x20000050   Data           4  os.o(.data)
    PeriodicHead                             0x20000054   Data           4  os.o(.data)
    PeriodicTail                             0x20000058   Data           4  os.o(.data)
    TempNodePt                               0x2000005c   Data           4  os.o(.data)
    DataValid                                0x20000060   Data           8  os.o(.data)
    BoxFree                                  0x20000068   Data           8  os.o(.data)
    mailbox                                  0x20000070   Data           4  os.o(.data)
    DataAvailable                            0x20000074   Data           8  os.o(.data)
    DataRoomLeft                             0x2000007c   Data           8  os.o(.data)
    FifoAvailable                            0x20000084   Data           8  os.o(.data)
    RTC                                      0x2000008c   Data           4  os.o(.data)
    MSRTC                                    0x20000090   Data           4  os.o(.data)
    rtCounter                                0x20000094   Data           4  os.o(.data)
    RmailPutI                                0x20000098   Data           4  os.o(.data)
    RmailGetI                                0x2000009c   Data           4  os.o(.data)
    TmailPutI                                0x200000a0   Data           4  os.o(.data)
    TmailGetI                                0x200000a4   Data           4  os.o(.data)
    TmailFifoLock                            0x200000a8   Data           8  os.o(.data)
    RmailFifoLock                            0x200000b0   Data           8  os.o(.data)
    currentTask                              0x200000b8   Data           4  os.o(.data)
    swTask                                   0x200000bc   Data           4  os.o(.data)
    count                                    0x200000c4   Data           4  st7735.o(.data)
    LCDFree                                  0x200000cc   Data           8  st7735.o(.data)
    Messageindex                             0x200000d4   Data           4  st7735.o(.data)
    Cursor                                   0x200000d8   Data           4  st7735.o(.data)
    StLine                                   0x200000dc   Data           4  st7735.o(.data)
    Ymax                                     0x200000e0   Data           4  st7735.o(.data)
    Ymin                                     0x200000e4   Data           4  st7735.o(.data)
    X                                        0x200000e8   Data           4  st7735.o(.data)
    Yrange                                   0x200000ec   Data           4  st7735.o(.data)
    SWTask                                   0x200000f0   Data           4  switch.o(.data)
    SW2Task                                  0x200000f4   Data           4  switch.o(.data)
    SystemClockCount                         0x200000f8   Data           4  timer0a.o(.data)
    RxPutI                                   0x200000fc   Data           4  uart.o(.data)
    RxGetI                                   0x20000100   Data           4  uart.o(.data)
    TxPutI                                   0x20000104   Data           4  uart.o(.data)
    TxGetI                                   0x20000108   Data           4  uart.o(.data)
    RxDataAvailable                          0x2000010c   Data           8  uart.o(.data)
    TxRoomLeft                               0x20000114   Data           8  uart.o(.data)
    string                                   0x2000411c   Data          40  interpreter.o(.bss)
    xx                                       0x20004148   Data        1228  lab4.o(.bss)
    yy                                       0x20004618   Data        2456  lab4.o(.bss)
    imaginary                                0x20004fb0   Data        2048  lab4.o(.bss)
    magnitude                                0x200057b0   Data        2048  lab4.o(.bss)
    TempNode                                 0x20005fb0   Data         304  os.o(.bss)
    Message                                  0x200070e0   Data          12  st7735.o(.bss)
    __libspace_start                         0x2000712c   Data          96  libspace.o(.bss)
    __temporary_stack_top$libspace           0x2000718c   Data           0  libspace.o(.bss)



==============================================================================

Memory Map of the image

  Image Entry point : 0x0000026d

  Load Region LR_1 (Base: 0x00000000, Size: 0x00004298, Max: 0xffffffff, ABSOLUTE)

    Execution Region ER_RO (Base: 0x00000000, Size: 0x0000417c, Max: 0xffffffff, ABSOLUTE)

    Base Addr    Size         Type   Attr      Idx    E Section Name        Object

    0x00000000   0x00000284   Code   RO         1249  * RESET               startup.o
    0x00000284   0x00000008   Code   RO         1306  * !!!main             c_w.l(__main.o)
    0x0000028c   0x00000034   Code   RO         1532    !!!scatter          c_w.l(__scatter.o)
    0x000002c0   0x0000001a   Code   RO         1534    !!handler_copy      c_w.l(__scatter_copy.o)
    0x000002da   0x00000002   PAD
    0x000002dc   0x0000001c   Code   RO         1536    !!handler_zi        c_w.l(__scatter_zi.o)
    0x000002f8   0x00000002   Code   RO         1408    .ARM.Collect$$libinit$$00000000  c_w.l(libinit.o)
    0x000002fa   0x00000000   Code   RO         1412    .ARM.Collect$$libinit$$00000002  c_w.l(libinit2.o)
    0x000002fa   0x00000000   Code   RO         1415    .ARM.Collect$$libinit$$00000008  c_w.l(libinit2.o)
    0x000002fa   0x00000000   Code   RO         1417    .ARM.Collect$$libinit$$0000000A  c_w.l(libinit2.o)
    0x000002fa   0x00000000   Code   RO         1419    .ARM.Collect$$libinit$$0000000C  c_w.l(libinit2.o)
    0x000002fa   0x00000000   Code   RO         1422    .ARM.Collect$$libinit$$0000000F  c_w.l(libinit2.o)
    0x000002fa   0x00000000   Code   RO         1424    .ARM.Collect$$libinit$$00000011  c_w.l(libinit2.o)
    0x000002fa   0x00000000   Code   RO         1426    .ARM.Collect$$libinit$$00000013  c_w.l(libinit2.o)
    0x000002fa   0x00000000   Code   RO         1428    .ARM.Collect$$libinit$$00000015  c_w.l(libinit2.o)
    0x000002fa   0x00000000   Code   RO         1430    .ARM.Collect$$libinit$$00000017  c_w.l(libinit2.o)
    0x000002fa   0x00000000   Code   RO         1432    .ARM.Collect$$libinit$$00000019  c_w.l(libinit2.o)
    0x000002fa   0x00000000   Code   RO         1434    .ARM.Collect$$libinit$$0000001B  c_w.l(libinit2.o)
    0x000002fa   0x00000000   Code   RO         1436    .ARM.Collect$$libinit$$0000001D  c_w.l(libinit2.o)
    0x000002fa   0x00000000   Code   RO         1438    .ARM.Collect$$libinit$$0000001F  c_w.l(libinit2.o)
    0x000002fa   0x00000000   Code   RO         1440    .ARM.Collect$$libinit$$00000021  c_w.l(libinit2.o)
    0x000002fa   0x00000000   Code   RO         1442    .ARM.Collect$$libinit$$00000023  c_w.l(libinit2.o)
    0x000002fa   0x00000000   Code   RO         1446    .ARM.Collect$$libinit$$0000002A  c_w.l(libinit2.o)
    0x000002fa   0x00000000   Code   RO         1448    .ARM.Collect$$libinit$$0000002C  c_w.l(libinit2.o)
    0x000002fa   0x00000000   Code   RO         1450    .ARM.Collect$$libinit$$0000002E  c_w.l(libinit2.o)
    0x000002fa   0x00000000   Code   RO         1452    .ARM.Collect$$libinit$$00000030  c_w.l(libinit2.o)
    0x000002fa   0x00000002   Code   RO         1453    .ARM.Collect$$libinit$$00000031  c_w.l(libinit2.o)
    0x000002fc   0x00000002   Code   RO         1473    .ARM.Collect$$libshutdown$$00000000  c_w.l(libshutdown.o)
    0x000002fe   0x00000000   Code   RO         1487    .ARM.Collect$$libshutdown$$00000003  c_w.l(libshutdown2.o)
    0x000002fe   0x00000000   Code   RO         1490    .ARM.Collect$$libshutdown$$00000006  c_w.l(libshutdown2.o)
    0x000002fe   0x00000000   Code   RO         1493    .ARM.Collect$$libshutdown$$00000009  c_w.l(libshutdown2.o)
    0x000002fe   0x00000000   Code   RO         1495    .ARM.Collect$$libshutdown$$0000000B  c_w.l(libshutdown2.o)
    0x000002fe   0x00000000   Code   RO         1498    .ARM.Collect$$libshutdown$$0000000E  c_w.l(libshutdown2.o)
    0x000002fe   0x00000002   Code   RO         1499    .ARM.Collect$$libshutdown$$0000000F  c_w.l(libshutdown2.o)
    0x00000300   0x00000000   Code   RO         1360    .ARM.Collect$$rtentry$$00000000  c_w.l(rtentry.o)
    0x00000300   0x00000000   Code   RO         1377    .ARM.Collect$$rtentry$$00000002  c_w.l(rtentry2.o)
    0x00000300   0x00000006   Code   RO         1389    .ARM.Collect$$rtentry$$00000004  c_w.l(rtentry4.o)
    0x00000306   0x00000000   Code   RO         1379    .ARM.Collect$$rtentry$$00000009  c_w.l(rtentry2.o)
    0x00000306   0x00000004   Code   RO         1380    .ARM.Collect$$rtentry$$0000000A  c_w.l(rtentry2.o)
    0x0000030a   0x00000000   Code   RO         1382    .ARM.Collect$$rtentry$$0000000C  c_w.l(rtentry2.o)
    0x0000030a   0x00000008   Code   RO         1383    .ARM.Collect$$rtentry$$0000000D  c_w.l(rtentry2.o)
    0x00000312   0x00000002   Code   RO         1409    .ARM.Collect$$rtexit$$00000000  c_w.l(rtexit.o)
    0x00000314   0x00000000   Code   RO         1455    .ARM.Collect$$rtexit$$00000002  c_w.l(rtexit2.o)
    0x00000314   0x00000004   Code   RO         1456    .ARM.Collect$$rtexit$$00000003  c_w.l(rtexit2.o)
    0x00000318   0x00000006   Code   RO         1457    .ARM.Collect$$rtexit$$00000004  c_w.l(rtexit2.o)
    0x0000031e   0x00000002   PAD
    0x00000320   0x00000150   Code   RO         1244    .text               osasm.o
    0x00000470   0x00000030   Code   RO         1250    .text               startup.o
    0x000004a0   0x00000080   Code   RO         1302    .text               c_w.l(strcmpv7m.o)
    0x00000520   0x00000006   Code   RO         1304    .text               c_w.l(heapauxi.o)
    0x00000526   0x00000016   Code   RO         1361    .text               c_w.l(_rserrno.o)
    0x0000053c   0x00000008   Code   RO         1394    .text               c_w.l(rt_errno_addr_intlibspace.o)
    0x00000544   0x00000008   Code   RO         1396    .text               c_w.l(libspace.o)
    0x0000054c   0x0000004a   Code   RO         1399    .text               c_w.l(sys_stackheap_outer.o)
    0x00000596   0x0000000c   Code   RO         1401    .text               c_w.l(exit.o)
    0x000005a2   0x00000002   PAD
    0x000005a4   0x0000000c   Code   RO         1465    .text               c_w.l(sys_exit.o)
    0x000005b0   0x00000002   Code   RO         1476    .text               c_w.l(use_no_semi.o)
    0x000005b2   0x00000000   Code   RO         1478    .text               c_w.l(indicate_semi.o)
    0x000005b2   0x00000002   PAD
    0x000005b4   0x00000028   Code   RO            1    i.ADC0Seq2_Handler  adc.o
    0x000005dc   0x00000030   Code   RO            2    i.ADC0Seq3_Handler  adc.o
    0x0000060c   0x00000028   Code   RO            3    i.ADC_ChangeSampleRateHz  adc.o
    0x00000634   0x00000094   Code   RO            5    i.ADC_Collect       adc.o
    0x000006c8   0x0000000c   Code   RO            6    i.ADC_CurrentChannel  adc.o
    0x000006d4   0x00000028   Code   RO            9    i.ADC_In            adc.o
    0x000006fc   0x000001d0   Code   RO           10    i.ADC_Init          adc.o
    0x000008cc   0x00000034   Code   RO           12    i.ADC_Open          adc.o
    0x00000900   0x00000020   Code   RO          744    i.Delay1ms          st7735.o
    0x00000920   0x00000020   Code   RO          989    i.DisableButton     switch.o
    0x00000940   0x00000020   Code   RO          990    i.DisableButton2    switch.o
    0x00000960   0x000002ec   Code   RO           99    i.FFT               filter.o
    0x00000c4c   0x00000088   Code   RO          100    i.Filter_51Work     filter.o
    0x00000cd4   0x00000088   Code   RO          991    i.GPIOPortF_Handler  switch.o
    0x00000d5c   0x0000002e   Code   RO          142    i.Heap_Calloc       heap.o
    0x00000d8a   0x00000002   PAD
    0x00000d8c   0x00000090   Code   RO          143    i.Heap_Free         heap.o
    0x00000e1c   0x0000001c   Code   RO          144    i.Heap_Init         heap.o
    0x00000e38   0x00000054   Code   RO          145    i.Heap_Malloc       heap.o
    0x00000e8c   0x0000000a   Code   RO          253    i.Interpreter_CommandLine  interpreter.o
    0x00000e96   0x00000002   PAD
    0x00000e98   0x0000006c   Code   RO         1256    i.Motor_Init        pwm.o
    0x00000f04   0x000000cc   Code   RO          458    i.OS_AddPeriodicThread  os.o
    0x00000fd0   0x00000128   Code   RO          461    i.OS_AddThread      os.o
    0x000010f8   0x00000028   Code   RO          464    i.OS_Fifo_Get       os.o
    0x00001120   0x00000028   Code   RO          466    i.OS_Fifo_Put       os.o
    0x00001148   0x00000050   Code   RO          469    i.OS_Init           os.o
    0x00001198   0x00000004   Code   RO          471    i.OS_InitSemaphore  os.o
    0x0000119c   0x00000014   Code   RO          472    i.OS_Kill           os.o
    0x000011b0   0x000000a0   Code   RO          478    i.OS_RemoveCurrentThread  os.o
    0x00001250   0x00000032   Code   RO          479    i.OS_Signal         os.o
    0x00001282   0x00000002   PAD
    0x00001284   0x00000024   Code   RO          480    i.OS_Sleep          os.o
    0x000012a8   0x0000004c   Code   RO          481    i.OS_SleepCheck     os.o
    0x000012f4   0x00000018   Code   RO          482    i.OS_Suspend        os.o
    0x0000130c   0x0000001c   Code   RO          483    i.OS_Time           os.o
    0x00001328   0x00000018   Code   RO          484    i.OS_TimeDifference  os.o
    0x00001340   0x0000009c   Code   RO          486    i.OS_Wait           os.o
    0x000013dc   0x00000026   Code   RO          487    i.OS_bSignal        os.o
    0x00001402   0x00000002   PAD
    0x00001404   0x00000098   Code   RO          488    i.OS_bWait          os.o
    0x0000149c   0x0000001c   Code   RO          745    i.Output_Init       st7735.o
    0x000014b8   0x0000007c   Code   RO          732    i.PLL_Init          pll.o
    0x00001534   0x0000000c   Code   RO         1257    i.PWM0A_Duty        pwm.o
    0x00001540   0x000000c8   Code   RO         1258    i.PWM0A_Init        pwm.o
    0x00001608   0x0000000c   Code   RO         1259    i.PWM0A_Period      pwm.o
    0x00001614   0x0000003c   Code   RO         1100    i.RxFifo_Get        uart.o
    0x00001650   0x00000024   Code   RO         1101    i.RxFifo_Init       uart.o
    0x00001674   0x0000003c   Code   RO         1102    i.RxFifo_Put        uart.o
    0x000016b0   0x00000018   Code   RO         1103    i.RxFifo_Size       uart.o
    0x000016c8   0x00000018   Code   RO          746    i.ST7735_Color565   st7735.o
    0x000016e0   0x000000fc   Code   RO          749    i.ST7735_DrawCharS  st7735.o
    0x000017dc   0x0000007c   Code   RO          751    i.ST7735_DrawFastVLine  st7735.o
    0x00001858   0x0000004c   Code   RO          752    i.ST7735_DrawPixel  st7735.o
    0x000018a4   0x000000ac   Code   RO          753    i.ST7735_FillRect   st7735.o
    0x00001950   0x00000024   Code   RO          754    i.ST7735_FillScreen  st7735.o
    0x00001974   0x0000006c   Code   RO          756    i.ST7735_InitR      st7735.o
    0x000019e0   0x00000048   Code   RO          758    i.ST7735_Message    st7735.o
    0x00001a28   0x00000054   Code   RO          759    i.ST7735_OutString  st7735.o
    0x00001a7c   0x00000044   Code   RO          760    i.ST7735_OutUDec    st7735.o
    0x00001ac0   0x000000bc   Code   RO          763    i.ST7735_PlotArrayVFDub  st7735.o
    0x00001b7c   0x0000009c   Code   RO          764    i.ST7735_PlotArrayVT  st7735.o
    0x00001c18   0x00000058   Code   RO          766    i.ST7735_PlotBar    st7735.o
    0x00001c70   0x0000005c   Code   RO          767    i.ST7735_PlotClear  st7735.o
    0x00001ccc   0x00000020   Code   RO          768    i.ST7735_PlotNext   st7735.o
    0x00001cec   0x00000060   Code   RO          769    i.ST7735_PlotPoint  st7735.o
    0x00001d4c   0x00000048   Code   RO         1026    i.SysTick_Init      systickints.o
    0x00001d94   0x0000001c   Code   RO         1038    i.Timer0A_Handler   timer0a.o
    0x00001db0   0x00000028   Code   RO         1062    i.Timer1A_Handler   timer1a.o
    0x00001dd8   0x00000068   Code   RO         1063    i.Timer1A_Init      timer1a.o
    0x00001e40   0x0000009c   Code   RO         1081    i.Timer3A_Handler   timer3a.o
    0x00001edc   0x00000068   Code   RO         1082    i.Timer3A_Init      timer3a.o
    0x00001f44   0x0000003c   Code   RO          493    i.TmailFifo_Get     os.o
    0x00001f80   0x00000040   Code   RO          495    i.TmailFifo_Put     os.o
    0x00001fc0   0x0000003c   Code   RO         1104    i.TxFifo_Get        uart.o
    0x00001ffc   0x00000024   Code   RO         1105    i.TxFifo_Init       uart.o
    0x00002020   0x0000003c   Code   RO         1106    i.TxFifo_Put        uart.o
    0x0000205c   0x00000018   Code   RO         1107    i.TxFifo_Size       uart.o
    0x00002074   0x00000058   Code   RO         1108    i.UART0_Handler     uart.o
    0x000020cc   0x00000018   Code   RO         1109    i.UART_InChar       uart.o
    0x000020e4   0x00000046   Code   RO         1110    i.UART_InString     uart.o
    0x0000212a   0x0000004c   Code   RO         1111    i.UART_InUDec       uart.o
    0x00002176   0x00000002   PAD
    0x00002178   0x000000dc   Code   RO         1113    i.UART_Init         uart.o
    0x00002254   0x00000010   Code   RO         1114    i.UART_OutCRLF      uart.o
    0x00002264   0x0000001c   Code   RO         1115    i.UART_OutChar      uart.o
    0x00002280   0x00000016   Code   RO         1116    i.UART_OutString    uart.o
    0x00002296   0x0000002a   Code   RO         1117    i.UART_OutUDec      uart.o
    0x000022c0   0x00000012   Code   RO          149    i.blockHeader       heap.o
    0x000022d2   0x00000012   Code   RO          150    i.blockRoom         heap.o
    0x000022e4   0x00000012   Code   RO          151    i.blockTrailer      heap.o
    0x000022f6   0x00000008   Code   RO          152    i.blockUnused       heap.o
    0x000022fe   0x00000010   Code   RO          153    i.blockUsed         heap.o
    0x0000230e   0x00000056   Code   RO          776    i.commandList       st7735.o
    0x00002364   0x00000184   Code   RO          777    i.commonInit        st7735.o
    0x000024e8   0x00000054   Code   RO          101    i.complexMagnitude  filter.o
    0x0000253c   0x00000034   Code   RO         1119    i.copyHardwareToSoftware  uart.o
    0x00002570   0x00000034   Code   RO         1120    i.copySoftwareToHardware  uart.o
    0x000025a4   0x00000014   Code   RO          315    i.dummy             lab4.o
    0x000025b8   0x00000048   Code   RO          778    i.fillmessage       st7735.o
    0x00002600   0x0000007c   Code   RO          317    i.filterWorkVVF     lab4.o
    0x0000267c   0x00000044   Code   RO          318    i.filterWorkVVT     lab4.o
    0x000026c0   0x0000001c   Code   RO          154    i.inHeapRange       heap.o
    0x000026dc   0x00000008   Code   RO          326    i.interp            lab4.o
    0x000026e4   0x00000034   Code   RO          328    i.main              lab4.o
    0x00002718   0x00000030   Code   RO          155    i.markBlockUnused   heap.o
    0x00002748   0x00000030   Code   RO          156    i.markBlockUsed     heap.o
    0x00002778   0x0000002e   Code   RO          157    i.mergeBlockWithBelow  heap.o
    0x000027a6   0x0000000e   Code   RO          158    i.nextBlockHeader   heap.o
    0x000027b4   0x0000000c   Code   RO          159    i.previousBlockHeader  heap.o
    0x000027c0   0x0000005c   Code   RO          254    i.promptCommand     interpreter.o
    0x0000281c   0x00000012   Code   RO          779    i.pushColor         st7735.o
    0x0000282e   0x00000002   PAD
    0x00002830   0x000004c0   Code   RO          255    i.serviceCommand    interpreter.o
    0x00002cf0   0x00000074   Code   RO          780    i.setAddrWindow     st7735.o
    0x00002d64   0x00000012   Code   RO          329    i.softwareSampling  lab4.o
    0x00002d76   0x0000004c   Code   RO          160    i.splitAndMarkBlockUsed  heap.o
    0x00002dc2   0x0000004c   Code   RO         1353    i.sqrt              m_ws.l(sqrt.o)
    0x00002e0e   0x00000002   PAD
    0x00002e10   0x00000030   Code   RO          330    i.transfer          lab4.o
    0x00002e40   0x00000030   Code   RO          781    i.writecommand      st7735.o
    0x00002e70   0x00000020   Code   RO          782    i.writedata         st7735.o
    0x00002e90   0x00000150   Code   RO         1308    x$fpl$dadd          fz_ws.l(daddsub_clz.o)
    0x00002fe0   0x000002b0   Code   RO         1315    x$fpl$ddiv          fz_ws.l(ddiv.o)
    0x00003290   0x0000005e   Code   RO         1318    x$fpl$dfix          fz_ws.l(dfix.o)
    0x000032ee   0x0000002e   Code   RO         1327    x$fpl$dflt          fz_ws.l(dflt_clz.o)
    0x0000331c   0x00000154   Code   RO         1334    x$fpl$dmul          fz_ws.l(dmul.o)
    0x00003470   0x0000009c   Code   RO         1365    x$fpl$dnaninf       fz_ws.l(dnaninf.o)
    0x0000350c   0x0000000c   Code   RO         1367    x$fpl$dretinf       fz_ws.l(dretinf.o)
    0x00003518   0x00000016   Code   RO         1309    x$fpl$drsb          fz_ws.l(daddsub_clz.o)
    0x0000352e   0x00000002   PAD
    0x00003530   0x00000198   Code   RO         1369    x$fpl$dsqrt         fz_ws.l(dsqrt_umaal.o)
    0x000036c8   0x000001d4   Code   RO         1310    x$fpl$dsub          fz_ws.l(daddsub_clz.o)
    0x0000389c   0x00000000   Code   RO         1375    x$fpl$usenofp       fz_ws.l(usenofp.o)
    0x0000389c   0x00000004   PAD
    0x000038a0   0x000000d8   Data   RO          103    .constdata          filter.o
    0x00003978   0x000007e2   Data   RO          784    .constdata          st7735.o
    0x0000415a   0x00000002   PAD
    0x0000415c   0x00000020   Data   RO         1530    Region$$Table       anon$$obj.o


    Execution Region ER_RW (Base: 0x20000000, Size: 0x0000011c, Max: 0xffffffff, ABSOLUTE)

    Base Addr    Size         Type   Attr      Idx    E Section Name        Object

    0x20000000   0x0000001c   Data   RW           14    .data               adc.o
    0x2000001c   0x00000010   Data   RW          332    .data               lab4.o
    0x2000002c   0x00000094   Data   RW          499    .data               os.o
    0x200000c0   0x00000030   Data   RW          785    .data               st7735.o
    0x200000f0   0x00000008   Data   RW          992    .data               switch.o
    0x200000f8   0x00000004   Data   RW         1040    .data               timer0a.o
    0x200000fc   0x00000020   Data   RW         1123    .data               uart.o


    Execution Region ER_ZI (Base: 0x2000011c, Size: 0x00007474, Max: 0xffffffff, ABSOLUTE)

    Base Addr    Size         Type   Attr      Idx    E Section Name        Object

    0x2000011c   0x00004000   Zero   RW          161    .bss                heap.o
    0x2000411c   0x00000028   Zero   RW          256    .bss                interpreter.o
    0x20004144   0x00000004   PAD
    0x20004148   0x00001e68   Zero   RW          331    .bss                lab4.o
    0x20005fb0   0x00001130   Zero   RW          498    .bss                os.o
    0x200070e0   0x0000000c   Zero   RW          783    .bss                st7735.o
    0x200070ec   0x00000040   Zero   RW         1122    .bss                uart.o
    0x2000712c   0x00000060   Zero   RW         1397    .bss                c_w.l(libspace.o)
    0x2000718c   0x00000004   PAD
    0x20007190   0x00000000   Zero   RW         1248    HEAP                startup.o
    0x20007190   0x00000400   Zero   RW         1247    STACK               startup.o


==============================================================================

Image component sizes


      Code (inc. data)   RO Data    RW Data    ZI Data      Debug   Object Name

       844        132          0         28          0       9462   adc.o
         0          0          0          0          0         32   cr4_fft_64_stm32.o
       968         16        216          0          0       3566   filter.o
       652         28          0          0      16384       8148   heap.o
      1318        392          0          0         40       2932   interpreter.o
       338         64          0         16       7784       3752   lab4.o
      1552        150          0        148       4400      13440   os.o
       336         20          0          0          0        304   osasm.o
       124          6          0          0          0        371   pll.o
       332         50          0          0          0       1666   pwm.o
      2488        280       2018         48         12      15981   st7735.o
       692        632          0          0       1024        852   startup.o
       200         30          0          8          0       1926   switch.o
        72          6          0          0          0        507   systickints.o
        28         10          0          4          0        549   timer0a.o
       144         24          0          0          0        853   timer1a.o
       260         26          0          0          0       1434   timer3a.o
      1050        158          0         32         64       9235   uart.o

    ----------------------------------------------------------------------
     11410       2024       2268        284      29712      75010   Object Totals
         0          0         32          0          0          0   (incl. Generated)
        12          0          2          0          4          0   (incl. Padding)

    ----------------------------------------------------------------------

      Code (inc. data)   RO Data    RW Data    ZI Data      Debug   Library Member Name

         8          0          0          0          0         68   __main.o
        52          8          0          0          0          0   __scatter.o
        26          0          0          0          0          0   __scatter_copy.o
        28          0          0          0          0          0   __scatter_zi.o
        22          0          0          0          0        100   _rserrno.o
        12          0          0          0          0         72   exit.o
         6          0          0          0          0        152   heapauxi.o
         0          0          0          0          0          0   indicate_semi.o
         2          0          0          0          0          0   libinit.o
         2          0          0          0          0          0   libinit2.o
         2          0          0          0          0          0   libshutdown.o
         2          0          0          0          0          0   libshutdown2.o
         8          4          0          0         96         68   libspace.o
         8          4          0          0          0         68   rt_errno_addr_intlibspace.o
         0          0          0          0          0          0   rtentry.o
        12          0          0          0          0          0   rtentry2.o
         6          0          0          0          0          0   rtentry4.o
         2          0          0          0          0          0   rtexit.o
        10          0          0          0          0          0   rtexit2.o
       128          0          0          0          0         68   strcmpv7m.o
        12          4          0          0          0         68   sys_exit.o
        74          0          0          0          0         80   sys_stackheap_outer.o
         2          0          0          0          0         68   use_no_semi.o
       826         16          0          0          0        348   daddsub_clz.o
       688        140          0          0          0        208   ddiv.o
        94          4          0          0          0         92   dfix.o
        46          0          0          0          0         68   dflt_clz.o
       340         12          0          0          0        104   dmul.o
       156          4          0          0          0         92   dnaninf.o
        12          0          0          0          0         68   dretinf.o
       408         56          0          0          0        120   dsqrt_umaal.o
         0          0          0          0          0          0   usenofp.o
        76          0          0          0          0         84   sqrt.o

    ----------------------------------------------------------------------
      3086        252          0          0        100       1996   Library Totals
        16          0          0          0          4          0   (incl. Padding)

    ----------------------------------------------------------------------

      Code (inc. data)   RO Data    RW Data    ZI Data      Debug   Library Name

       424         20          0          0         96        812   c_w.l
      2570        232          0          0          0       1100   fz_ws.l
        76          0          0          0          0         84   m_ws.l

    ----------------------------------------------------------------------
      3086        252          0          0        100       1996   Library Totals

    ----------------------------------------------------------------------

==============================================================================


      Code (inc. data)   RO Data    RW Data    ZI Data      Debug   

     14496       2276       2268        284      29812      70246   Grand Totals
     14496       2276       2268        284      29812      70246   ELF Image Totals
     14496       2276       2268        284          0          0   ROM Totals

==============================================================================

    Total RO  Size (Code + RO Data)                16764 (  16.37kB)
    Total RW  Size (RW Data + ZI Data)             30096 (  29.39kB)
    Total ROM Size (Code + RO Data + RW Data)      17048 (  16.65kB)

==============================================================================

